Archive member included to satisfy reference by file (symbol)

/usr/lib/gcc/arm-none-eabi/13.2.1/../../../arm-none-eabi/lib/thumb/v7-m/nofp/libc_nano.a(libc_a-init.o)
                              /usr/lib/gcc/arm-none-eabi/13.2.1/../../../arm-none-eabi/lib/thumb/v7-m/nofp/crt0.o (__libc_init_array)
/usr/lib/gcc/arm-none-eabi/13.2.1/../../../arm-none-eabi/lib/thumb/v7-m/nofp/libc_nano.a(libc_a-memset.o)
                              /usr/lib/gcc/arm-none-eabi/13.2.1/../../../arm-none-eabi/lib/thumb/v7-m/nofp/crt0.o (memset)
/usr/lib/gcc/arm-none-eabi/13.2.1/../../../arm-none-eabi/lib/thumb/v7-m/nofp/libc_nano.a(libc_a-nano-vfprintf_float.o)
                              (_printf_float)
/usr/lib/gcc/arm-none-eabi/13.2.1/../../../arm-none-eabi/lib/thumb/v7-m/nofp/libc_nano.a(libc_a-dtoa.o)
                              /usr/lib/gcc/arm-none-eabi/13.2.1/../../../arm-none-eabi/lib/thumb/v7-m/nofp/libc_nano.a(libc_a-nano-vfprintf_float.o) (_dtoa_r)
/usr/lib/gcc/arm-none-eabi/13.2.1/../../../arm-none-eabi/lib/thumb/v7-m/nofp/libc_nano.a(libc_a-memcpy.o)
                              /usr/lib/gcc/arm-none-eabi/13.2.1/../../../arm-none-eabi/lib/thumb/v7-m/nofp/libc_nano.a(libc_a-dtoa.o) (memcpy)
/usr/lib/gcc/arm-none-eabi/13.2.1/../../../arm-none-eabi/lib/thumb/v7-m/nofp/libc_nano.a(libc_a-malloc.o)
                              /usr/lib/gcc/arm-none-eabi/13.2.1/../../../arm-none-eabi/lib/thumb/v7-m/nofp/libc_nano.a(libc_a-dtoa.o) (malloc)
/usr/lib/gcc/arm-none-eabi/13.2.1/../../../arm-none-eabi/lib/thumb/v7-m/nofp/libc_nano.a(libc_a-nano-vfprintf_i.o)
                              /usr/lib/gcc/arm-none-eabi/13.2.1/../../../arm-none-eabi/lib/thumb/v7-m/nofp/libc_nano.a(libc_a-nano-vfprintf_float.o) (_printf_common)
/usr/lib/gcc/arm-none-eabi/13.2.1/../../../arm-none-eabi/lib/thumb/v7-m/nofp/libc_nano.a(libc_a-exit.o)
                              /usr/lib/gcc/arm-none-eabi/13.2.1/../../../arm-none-eabi/lib/thumb/v7-m/nofp/crt0.o (exit)
/usr/lib/gcc/arm-none-eabi/13.2.1/../../../arm-none-eabi/lib/thumb/v7-m/nofp/libc_nano.a(libc_a-atexit.o)
                              /usr/lib/gcc/arm-none-eabi/13.2.1/../../../arm-none-eabi/lib/thumb/v7-m/nofp/crt0.o (atexit)
/usr/lib/gcc/arm-none-eabi/13.2.1/../../../arm-none-eabi/lib/thumb/v7-m/nofp/libc_nano.a(libc_a-memchr-stub.o)
                              /usr/lib/gcc/arm-none-eabi/13.2.1/../../../arm-none-eabi/lib/thumb/v7-m/nofp/libc_nano.a(libc_a-nano-vfprintf_i.o) (memchr)
/usr/lib/gcc/arm-none-eabi/13.2.1/../../../arm-none-eabi/lib/thumb/v7-m/nofp/libc_nano.a(libc_a-fini.o)
                              /usr/lib/gcc/arm-none-eabi/13.2.1/../../../arm-none-eabi/lib/thumb/v7-m/nofp/crt0.o (__libc_fini_array)
/usr/lib/gcc/arm-none-eabi/13.2.1/../../../arm-none-eabi/lib/thumb/v7-m/nofp/libc_nano.a(libc_a-assert.o)
                              /usr/lib/gcc/arm-none-eabi/13.2.1/../../../arm-none-eabi/lib/thumb/v7-m/nofp/libc_nano.a(libc_a-dtoa.o) (__assert_func)
/usr/lib/gcc/arm-none-eabi/13.2.1/../../../arm-none-eabi/lib/thumb/v7-m/nofp/libc_nano.a(libc_a-mprec.o)
                              /usr/lib/gcc/arm-none-eabi/13.2.1/../../../arm-none-eabi/lib/thumb/v7-m/nofp/libc_nano.a(libc_a-dtoa.o) (_Balloc)
/usr/lib/gcc/arm-none-eabi/13.2.1/../../../arm-none-eabi/lib/thumb/v7-m/nofp/libc_nano.a(libc_a-strlen-stub.o)
                              /usr/lib/gcc/arm-none-eabi/13.2.1/../../../arm-none-eabi/lib/thumb/v7-m/nofp/libc_nano.a(libc_a-nano-vfprintf_float.o) (strlen)
/usr/lib/gcc/arm-none-eabi/13.2.1/../../../arm-none-eabi/lib/thumb/v7-m/nofp/libc_nano.a(libc_a-impure.o)
                              /usr/lib/gcc/arm-none-eabi/13.2.1/../../../arm-none-eabi/lib/thumb/v7-m/nofp/libc_nano.a(libc_a-malloc.o) (_impure_ptr)
/usr/lib/gcc/arm-none-eabi/13.2.1/../../../arm-none-eabi/lib/thumb/v7-m/nofp/libc_nano.a(libc_a-localeconv.o)
                              /usr/lib/gcc/arm-none-eabi/13.2.1/../../../arm-none-eabi/lib/thumb/v7-m/nofp/libc_nano.a(libc_a-nano-vfprintf_float.o) (_localeconv_r)
/usr/lib/gcc/arm-none-eabi/13.2.1/../../../arm-none-eabi/lib/thumb/v7-m/nofp/libc_nano.a(libc_a-findfp.o)
                              /usr/lib/gcc/arm-none-eabi/13.2.1/../../../arm-none-eabi/lib/thumb/v7-m/nofp/libc_nano.a(libc_a-exit.o) (__stdio_exit_handler)
/usr/lib/gcc/arm-none-eabi/13.2.1/../../../arm-none-eabi/lib/thumb/v7-m/nofp/libc_nano.a(libc_a-abort.o)
                              /usr/lib/gcc/arm-none-eabi/13.2.1/../../../arm-none-eabi/lib/thumb/v7-m/nofp/libc_nano.a(libc_a-assert.o) (abort)
/usr/lib/gcc/arm-none-eabi/13.2.1/../../../arm-none-eabi/lib/thumb/v7-m/nofp/libc_nano.a(libc_a-fflush.o)
                              /usr/lib/gcc/arm-none-eabi/13.2.1/../../../arm-none-eabi/lib/thumb/v7-m/nofp/libc_nano.a(libc_a-findfp.o) (_fflush_r)
/usr/lib/gcc/arm-none-eabi/13.2.1/../../../arm-none-eabi/lib/thumb/v7-m/nofp/libc_nano.a(libc_a-callocr.o)
[...]
Memory Configuration

Name             Origin             Length             Attributes
RAM              0x20000000         0x00005000         xrw
FLASH            0x08000000         0x00010000         xr
*default*        0x00000000         0xffffffff

Linker script and memory map

LOAD /usr/lib/gcc/arm-none-eabi/13.2.1/thumb/v7-m/nofp/crti.o
LOAD /usr/lib/gcc/arm-none-eabi/13.2.1/thumb/v7-m/nofp/crtbegin.o
LOAD /usr/lib/gcc/arm-none-eabi/13.2.1/../../../arm-none-eabi/lib/thumb/v7-m/nofp/crt0.o
START GROUP
LOAD /usr/lib/gcc/arm-none-eabi/13.2.1/../../../arm-none-eabi/lib/thumb/v7-m/nofp/libc_nano.a
LOAD /usr/lib/gcc/arm-none-eabi/13.2.1/../../../arm-none-eabi/lib/thumb/v7-m/nofp/libm.a
END GROUP
LOAD CMakeFiles/c8t6_cmake.dir/Core/Src/main.c.obj
LOAD CMakeFiles/c8t6_cmake.dir/Core/Src/gpio.c.obj
LOAD CMakeFiles/c8t6_cmake.dir/Core/Src/i2c.c.obj
LOAD CMakeFiles/c8t6_cmake.dir/Core/Src/tim.c.obj
LOAD CMakeFiles/c8t6_cmake.dir/Core/Src/usart.c.obj
LOAD CMakeFiles/c8t6_cmake.dir/Core/Src/stm32f1xx_it.c.obj
LOAD CMakeFiles/c8t6_cmake.dir/Core/Src/stm32f1xx_hal_msp.c.obj
LOAD CMakeFiles/c8t6_cmake.dir/Core/Src/sysmem.c.obj
LOAD CMakeFiles/c8t6_cmake.dir/Core/Src/syscalls.c.obj
LOAD CMakeFiles/c8t6_cmake.dir/startup_stm32f103xb.s.obj
LOAD CMakeFiles/c8t6_cmake.dir/BSP/mymain.c.obj
LOAD CMakeFiles/c8t6_cmake.dir/BSP/usart/usart_mx.c.obj
LOAD CMakeFiles/c8t6_cmake.dir/BSP/as5600/open_loop_FOC.c.obj
LOAD CMakeFiles/c8t6_cmake.dir/BSP/as5600/as5600.c.obj
LOAD CMakeFiles/c8t6_cmake.dir/BSP/led/led.c.obj
LOAD CMakeFiles/c8t6_cmake.dir/BSP/test/test.c.obj
LOAD CMakeFiles/c8t6_cmake.dir/BSP/FOC/foc_base.c.obj
LOAD CMakeFiles/c8t6_cmake.dir/BSP/FOC/foc_motor.c.obj
LOAD CMakeFiles/c8t6_cmake.dir/BSP/FOC/BLDCMotor.c.obj
LOAD CMakeFiles/c8t6_cmake.dir/BSP/FOC/lowpass_filter.c.obj
LOAD CMakeFiles/c8t6_cmake.dir/BSP/FOC/BLDCDriver/BLDCDriver.c.obj
LOAD CMakeFiles/c8t6_cmake.dir/BSP/FOC/BLDCDriver/BLDCDriver6PWM.c.obj
LOAD CMakeFiles/c8t6_cmake.dir/BSP/FOC/pid/pid.c.obj
LOAD CMakeFiles/c8t6_cmake.dir/BSP/FOC/encoder/encoder.c.obj
LOAD CMakeFiles/c8t6_cmake.dir/BSP/FOC/encoder/encoder_as5600.c.obj
LOAD cmake/stm32cubemx/CMakeFiles/STM32_Drivers.dir/__/__/Core/Src/system_stm32f1xx.c.obj
LOAD cmake/stm32cubemx/CMakeFiles/STM32_Drivers.dir/__/__/Drivers/STM32F1xx_HAL_Driver/Src/stm32f1xx_hal_gpio_ex.c.obj
LOAD cmake/stm32cubemx/CMakeFiles/STM32_Drivers.dir/__/__/Drivers/STM32F1xx_HAL_Driver/Src/stm32f1xx_hal_i2c.c.obj
LOAD cmake/stm32cubemx/CMakeFiles/STM32_Drivers.dir/__/__/Drivers/STM32F1xx_HAL_Driver/Src/stm32f1xx_hal.c.obj
LOAD cmake/stm32cubemx/CMakeFiles/STM32_Drivers.dir/__/__/Drivers/STM32F1xx_HAL_Driver/Src/stm32f1xx_hal_rcc.c.obj
LOAD cmake/stm32cubemx/CMakeFiles/STM32_Drivers.dir/__/__/Drivers/STM32F1xx_HAL_Driver/Src/stm32f1xx_hal_rcc_ex.c.obj
LOAD cmake/stm32cubemx/CMakeFiles/STM32_Drivers.dir/__/__/Drivers/STM32F1xx_HAL_Driver/Src/stm32f1xx_hal_gpio.c.obj
LOAD cmake/stm32cubemx/CMakeFiles/STM32_Drivers.dir/__/__/Drivers/STM32F1xx_HAL_Driver/Src/stm32f1xx_hal_dma.c.obj
LOAD cmake/stm32cubemx/CMakeFiles/STM32_Drivers.dir/__/__/Drivers/STM32F1xx_HAL_Driver/Src/stm32f1xx_hal_cortex.c.obj
LOAD cmake/stm32cubemx/CMakeFiles/STM32_Drivers.dir/__/__/Drivers/STM32F1xx_HAL_Driver/Src/stm32f1xx_hal_pwr.c.obj
LOAD cmake/stm32cubemx/CMakeFiles/STM32_Drivers.dir/__/__/Drivers/STM32F1xx_HAL_Driver/Src/stm32f1xx_hal_flash.c.obj
LOAD cmake/stm32cubemx/CMakeFiles/STM32_Drivers.dir/__/__/Drivers/STM32F1xx_HAL_Driver/Src/stm32f1xx_hal_flash_ex.c.obj
LOAD cmake/stm32cubemx/CMakeFiles/STM32_Drivers.dir/__/__/Drivers/STM32F1xx_HAL_Driver/Src/stm32f1xx_hal_exti.c.obj
LOAD cmake/stm32cubemx/CMakeFiles/STM32_Drivers.dir/__/__/Drivers/STM32F1xx_HAL_Driver/Src/stm32f1xx_hal_tim.c.obj
LOAD cmake/stm32cubemx/CMakeFiles/STM32_Drivers.dir/__/__/Drivers/STM32F1xx_HAL_Driver/Src/stm32f1xx_hal_tim_ex.c.obj
LOAD cmake/stm32cubemx/CMakeFiles/STM32_Drivers.dir/__/__/Drivers/STM32F1xx_HAL_Driver/Src/stm32f1xx_hal_uart.c.obj
START GROUP
LOAD /usr/lib/gcc/arm-none-eabi/13.2.1/thumb/v7-m/nofp/libgcc.a
LOAD /usr/lib/gcc/arm-none-eabi/13.2.1/../../../arm-none-eabi/lib/thumb/v7-m/nofp/libg_nano.a
LOAD /usr/lib/gcc/arm-none-eabi/13.2.1/../../../arm-none-eabi/lib/thumb/v7-m/nofp/libc_nano.a
END GROUP
START GROUP
LOAD /usr/lib/gcc/arm-none-eabi/13.2.1/thumb/v7-m/nofp/libgcc.a
LOAD /usr/lib/gcc/arm-none-eabi/13.2.1/../../../arm-none-eabi/lib/thumb/v7-m/nofp/libc_nano.a
END GROUP
LOAD /usr/lib/gcc/arm-none-eabi/13.2.1/thumb/v7-m/nofp/crtend.o
LOAD /usr/lib/gcc/arm-none-eabi/13.2.1/thumb/v7-m/nofp/crtn.o
                0x20005000                        _estack = (ORIGIN (RAM) + LENGTH (RAM))
                0x00000200                        _Min_Heap_Size = 0x200
                0x00000400                        _Min_Stack_Size = 0x400

.isr_vector     0x08000000      0x10c
                0x08000000                        . = ALIGN (0x4)
 *(.isr_vector)
 .isr_vector    0x08000000      0x10c CMakeFiles/c8t6_cmake.dir/startup_stm32f103xb.s.obj
                0x08000000                g_pfnVectors
                0x0800010c                        . = ALIGN (0x4)

.text           0x08000110     0xb024
                0x08000110                        . = ALIGN (0x4)
 *(.text)
 .text          0x08000110       0x88 /usr/lib/gcc/arm-none-eabi/13.2.1/thumb/v7-m/nofp/crtbegin.o
 .text          0x08000198       0x50 /usr/lib/gcc/arm-none-eabi/13.2.1/../../../arm-none-eabi/lib/thumb/v7-m/nofp/libc_nano.a(libc_a-init.o)
                0x08000198                __libc_init_array
 .text          0x080001e8       0xa0 /usr/lib/gcc/arm-none-eabi/13.2.1/../../../arm-none-eabi/lib/thumb/v7-m/nofp/libc_nano.a(libc_a-memset.o)
                0x080001e8                memset
 .text          0x08000288      0x6f4 /usr/lib/gcc/arm-none-eabi/13.2.1/../../../arm-none-eabi/lib/thumb/v7-m/nofp/libc_nano.a(libc_a-nano-vfprintf_float.o)
                0x08000288                __cvt
                0x080003b0                __exponent
                0x08000438                _printf_float
 *fill*         0x0800097c        0x4 
 .text          0x08000980      0xff0 /usr/lib/gcc/arm-none-eabi/13.2.1/../../../arm-none-eabi/lib/thumb/v7-m/nofp/libc_nano.a(libc_a-dtoa.o)
                0x08000abc                _dtoa_r
 .text          0x08001970       0xec /usr/lib/gcc/arm-none-eabi/13.2.1/../../../arm-none-eabi/lib/thumb/v7-m/nofp/libc_nano.a(libc_a-memcpy.o)
                0x08001970                memcpy
 .text          0x08001a5c       0x20 /usr/lib/gcc/arm-none-eabi/13.2.1/../../../arm-none-eabi/lib/thumb/v7-m/nofp/libc_nano.a(libc_a-malloc.o)
                0x08001a5c                malloc
                0x08001a6c                free
 .text          0x08001a7c      0x3a8 /usr/lib/gcc/arm-none-eabi/13.2.1/../../../arm-none-eabi/lib/thumb/v7-m/nofp/libc_nano.a(libc_a-nano-vfprintf_i.o)
                0x08001a7c                _printf_common
                0x08001ba0                _printf_i
 .text          0x08001e24       0x98 /usr/lib/gcc/arm-none-eabi/13.2.1/../../../arm-none-eabi/lib/thumb/v7-m/nofp/libc_nano.a(libc_a-memchr-stub.o)
                0x08001e24                memchr
 .text          0x08001ebc       0x4c /usr/lib/gcc/arm-none-eabi/13.2.1/../../../arm-none-eabi/lib/thumb/v7-m/nofp/libc_nano.a(libc_a-assert.o)
                0x08001ebc                __assert_func
                0x08001efc                __assert
 .text          0x08001f08      0xad0 /usr/lib/gcc/arm-none-eabi/13.2.1/../../../arm-none-eabi/lib/thumb/v7-m/nofp/libc_nano.a(libc_a-mprec.o)
                0x08001f08                _Balloc
                0x08001f88                _Bfree
                0x08001fd0                __multadd
                0x0800206c                __s2b
                0x0800211c                __hi0bits
                0x08002160                __lo0bits
                0x080021bc                __i2b
                0x080021e8                __multiply
                0x0800234c                __pow5mult
                0x0800242c                __lshift
                0x08002514                __mcmp
                0x08002554                __mdiff
                0x080026cc                __ulp
                0x0800271c                __b2d
                0x080027d0                __d2b
                0x0800288c                __ratio
                0x080028e8                _mprec_log10
                0x08002920                __copybits
                0x08002980                __any_on
 .text          0x080029d8       0x5c /usr/lib/gcc/arm-none-eabi/13.2.1/../../../arm-none-eabi/lib/thumb/v7-m/nofp/libc_nano.a(libc_a-strlen-stub.o)
                0x080029d8                strlen
 .text          0x08002a34       0x14 /usr/lib/gcc/arm-none-eabi/13.2.1/../../../arm-none-eabi/lib/thumb/v7-m/nofp/libc_nano.a(libc_a-localeconv.o)
                0x08002a34                __localeconv_l
                0x08002a38                _localeconv_r
                0x08002a40                localeconv
 .text          0x08002a48      0x224 /usr/lib/gcc/arm-none-eabi/13.2.1/../../../arm-none-eabi/lib/thumb/v7-m/nofp/libc_nano.a(libc_a-findfp.o)
                0x08002b78                __sfp
                0x08002c1c                __sinit
                0x08002c3c                __sfp_lock_acquire
                0x08002c40                __sfp_lock_release
                0x08002c44                __fp_lock_all
                0x08002c58                __fp_unlock_all
 .text          0x08002c6c       0x10 /usr/lib/gcc/arm-none-eabi/13.2.1/../../../arm-none-eabi/lib/thumb/v7-m/nofp/libc_nano.a(libc_a-abort.o)
                0x08002c6c                abort
 .text          0x08002c7c      0x198 /usr/lib/gcc/arm-none-eabi/13.2.1/../../../arm-none-eabi/lib/thumb/v7-m/nofp/libc_nano.a(libc_a-fflush.o)
                0x08002c7c                __sflush_r
                0x08002d90                _fflush_r
                0x08002dc8                fflush
 .text          0x08002e14       0x28 /usr/lib/gcc/arm-none-eabi/13.2.1/../../../arm-none-eabi/lib/thumb/v7-m/nofp/libc_nano.a(libc_a-callocr.o)
                0x08002e14                _calloc_r
 .text          0x08002e3c      0x14c /usr/lib/gcc/arm-none-eabi/13.2.1/../../../arm-none-eabi/lib/thumb/v7-m/nofp/libc_nano.a(libc_a-mallocr.o)
                0x08002e88                _malloc_r
 .text          0x08002f88       0xbc /usr/lib/gcc/arm-none-eabi/13.2.1/../../../arm-none-eabi/lib/thumb/v7-m/nofp/libc_nano.a(libc_a-freer.o)
                0x08002f88                _free_r
 .text          0x08003044       0x44 /usr/lib/gcc/arm-none-eabi/13.2.1/../../../arm-none-eabi/lib/thumb/v7-m/nofp/libc_nano.a(libc_a-fwalk.o)
                0x08003044                _fwalk_sglue
 .text          0x08003088       0x30 /usr/lib/gcc/arm-none-eabi/13.2.1/../../../arm-none-eabi/lib/thumb/v7-m/nofp/libc_nano.a(libc_a-wctomb_r.o)
                0x08003088                _wctomb_r
                0x0800309c                __ascii_wctomb
 .text          0x080030b8       0x44 /usr/lib/gcc/arm-none-eabi/13.2.1/../../../arm-none-eabi/lib/thumb/v7-m/nofp/libc_nano.a(libc_a-fprintf.o)
                0x080030b8                _fprintf_r
                0x080030b8                _fiprintf_r
                0x080030d4                fprintf
                0x080030d4                fiprintf
 .text          0x080030fc        0x8 /usr/lib/gcc/arm-none-eabi/13.2.1/../../../arm-none-eabi/lib/thumb/v7-m/nofp/libc_nano.a(libc_a-mlock.o)
                0x080030fc                __malloc_lock
                0x08003100                __malloc_unlock
 .text          0x08003104      0x2ec /usr/lib/gcc/arm-none-eabi/13.2.1/../../../arm-none-eabi/lib/thumb/v7-m/nofp/libc_nano.a(libc_a-nano-vfprintf.o)
                0x0800312c                __sfputs_r
                0x0800315c                __sprint_r
                0x0800317c                _vfiprintf_r
                0x0800317c                _vfprintf_r
                0x080033d4                vfiprintf
                0x080033d4                vfprintf
 .text          0x080033f0       0x9c /usr/lib/gcc/arm-none-eabi/13.2.1/../../../arm-none-eabi/lib/thumb/v7-m/nofp/libc_nano.a(libc_a-wbuf.o)
                0x080033f0                __swbuf_r
                0x08003478                __swbuf
 .text          0x0800348c       0x24 /usr/lib/gcc/arm-none-eabi/13.2.1/../../../arm-none-eabi/lib/thumb/v7-m/nofp/libc_nano.a(libc_a-sbrkr.o)
                0x0800348c                _sbrk_r
 .text          0x080034b0       0x94 /usr/lib/gcc/arm-none-eabi/13.2.1/../../../arm-none-eabi/lib/thumb/v7-m/nofp/libc_nano.a(libc_a-stdio.o)
                0x080034b0                __sread
                0x080034d4                __seofread
                0x080034d8                __swrite
                0x08003518                __sseek
                0x0800353c                __sclose
 .text          0x08003544      0x2ec /usr/lib/gcc/arm-none-eabi/13.2.1/../../../arm-none-eabi/lib/thumb/v7-m/nofp/libc_nano.a(libc_a-fvwrite.o)
                0x08003544                __sfvwrite_r
 .text          0x08003830       0x40 /usr/lib/gcc/arm-none-eabi/13.2.1/../../../arm-none-eabi/lib/thumb/v7-m/nofp/libc_nano.a(libc_a-mbtowc_r.o)
                0x08003830                _mbtowc_r
                0x08003844                __ascii_mbtowc
 .text          0x08003870      0x264 /usr/lib/gcc/arm-none-eabi/13.2.1/../../../arm-none-eabi/lib/thumb/v7-m/nofp/libc_nano.a(libc_a-signal.o)
                0x08003870                _init_signal_r
                0x0800389c                _signal_r
                0x080038e8                _raise_r
                0x08003938                __sigtramp_r
                0x0800399c                raise
                0x080039f0                signal
                0x08003a3c                _init_signal
                0x08003a70                __sigtramp
 .text          0x08003ad4       0x24 /usr/lib/gcc/arm-none-eabi/13.2.1/../../../arm-none-eabi/lib/thumb/v7-m/nofp/libc_nano.a(libc_a-closer.o)
                0x08003ad4                _close_r
 .text          0x08003af8       0xfc /usr/lib/gcc/arm-none-eabi/13.2.1/../../../arm-none-eabi/lib/thumb/v7-m/nofp/libc_nano.a(libc_a-memmove.o)
                0x08003af8                memmove
 .text          0x08003bf4       0xc4 /usr/lib/gcc/arm-none-eabi/13.2.1/../../../arm-none-eabi/lib/thumb/v7-m/nofp/libc_nano.a(libc_a-wsetup.o)
                0x08003bf4                __swsetup_r
 .text          0x08003cb8       0x2c /usr/lib/gcc/arm-none-eabi/13.2.1/../../../arm-none-eabi/lib/thumb/v7-m/nofp/libc_nano.a(libc_a-readr.o)
                0x08003cb8                _read_r
 .text          0x08003ce4       0x64 /usr/lib/gcc/arm-none-eabi/13.2.1/../../../arm-none-eabi/lib/thumb/v7-m/nofp/libc_nano.a(libc_a-reallocr.o)
                0x08003ce4                _realloc_r
 .text          0x08003d48      0x110 /usr/lib/gcc/arm-none-eabi/13.2.1/../../../arm-none-eabi/lib/thumb/v7-m/nofp/libc_nano.a(libc_a-makebuf.o)
                0x08003d48                __smakebuf_r
                0x08003e0c                __swhatbuf_r
 .text          0x08003e58       0x2c /usr/lib/gcc/arm-none-eabi/13.2.1/../../../arm-none-eabi/lib/thumb/v7-m/nofp/libc_nano.a(libc_a-lseekr.o)
                0x08003e58                _lseek_r
 .text          0x08003e84       0x2c /usr/lib/gcc/arm-none-eabi/13.2.1/../../../arm-none-eabi/lib/thumb/v7-m/nofp/libc_nano.a(libc_a-writer.o)
                0x08003e84                _write_r
 .text          0x08003eb0       0x24 /usr/lib/gcc/arm-none-eabi/13.2.1/../../../arm-none-eabi/lib/thumb/v7-m/nofp/libc_nano.a(libc_a-isattyr.o)
                0x08003eb0                _isatty_r
 .text          0x08003ed4       0x10 /usr/lib/gcc/arm-none-eabi/13.2.1/../../../arm-none-eabi/lib/thumb/v7-m/nofp/libc_nano.a(libc_a-msizer.o)
                0x08003ed4                _malloc_usable_size_r
 .text          0x08003ee4       0x2c /usr/lib/gcc/arm-none-eabi/13.2.1/../../../arm-none-eabi/lib/thumb/v7-m/nofp/libc_nano.a(libc_a-signalr.o)
                0x08003ee4                _kill_r
                0x08003f0c                _getpid_r
 .text          0x08003f10       0x28 /usr/lib/gcc/arm-none-eabi/13.2.1/../../../arm-none-eabi/lib/thumb/v7-m/nofp/libc_nano.a(libc_a-fstatr.o)
                0x08003f10                _fstat_r
 .text          0x08003f38      0x378 /usr/lib/gcc/arm-none-eabi/13.2.1/thumb/v7-m/nofp/libgcc.a(_arm_addsubdf3.o)
                0x08003f38                __aeabi_drsub
                0x08003f40                __aeabi_dsub
                0x08003f40                __subdf3
                0x08003f44                __adddf3
                0x08003f44                __aeabi_dadd
                0x080041bc                __aeabi_ui2d
                0x080041bc                __floatunsidf
                0x080041dc                __floatsidf
                0x080041dc                __aeabi_i2d
                0x08004200                __extendsfdf2
                0x08004200                __aeabi_f2d
                0x08004244                __aeabi_ul2d
                0x08004244                __floatundidf
                0x08004254                __floatdidf
                0x08004254                __aeabi_l2d
 .text          0x080042b0      0x424 /usr/lib/gcc/arm-none-eabi/13.2.1/thumb/v7-m/nofp/libgcc.a(_arm_muldivdf3.o)
                0x080042b0                __aeabi_dmul
                0x080042b0                __muldf3
                0x08004504                __aeabi_ddiv
                0x08004504                __divdf3
 .text          0x080046d4      0x110 /usr/lib/gcc/arm-none-eabi/13.2.1/thumb/v7-m/nofp/libgcc.a(_arm_cmpdf2.o)
                0x080046d4                __gtdf2
                0x080046d4                __gedf2
                0x080046dc                __ltdf2
                0x080046dc                __ledf2
                0x080046e4                __cmpdf2
                0x080046e4                __eqdf2
                0x080046e4                __nedf2
                0x08004760                __aeabi_cdrcmple
                0x08004770                __aeabi_cdcmple
                0x08004770                __aeabi_cdcmpeq
                0x08004780                __aeabi_dcmpeq
                0x08004794                __aeabi_dcmplt
                0x080047a8                __aeabi_dcmple
                0x080047bc                __aeabi_dcmpge
                0x080047d0                __aeabi_dcmpgt
 .text          0x080047e4       0x2c /usr/lib/gcc/arm-none-eabi/13.2.1/thumb/v7-m/nofp/libgcc.a(_arm_unorddf2.o)
                0x080047e4                __aeabi_dcmpun
                0x080047e4                __unorddf2
 .text          0x08004810       0x50 /usr/lib/gcc/arm-none-eabi/13.2.1/thumb/v7-m/nofp/libgcc.a(_arm_fixdfsi.o)
                0x08004810                __fixdfsi
                0x08004810                __aeabi_d2iz
 .text          0x08004860       0xa0 /usr/lib/gcc/arm-none-eabi/13.2.1/thumb/v7-m/nofp/libgcc.a(_arm_truncdfsf2.o)
                0x08004860                __aeabi_d2f
                0x08004860                __truncdfsf2
 .text          0x08004900      0x21c /usr/lib/gcc/arm-none-eabi/13.2.1/thumb/v7-m/nofp/libgcc.a(_arm_addsubsf3.o)
                0x08004900                __aeabi_frsub
                0x08004908                __subsf3
                0x08004908                __aeabi_fsub
                0x0800490c                __aeabi_fadd
                0x0800490c                __addsf3
                0x08004a6c                __aeabi_ui2f
                0x08004a6c                __floatunsisf
                0x08004a74                __aeabi_i2f
                0x08004a74                __floatsisf
                0x08004a90                __floatundisf
                0x08004a90                __aeabi_ul2f
                0x08004aa0                __floatdisf
                0x08004aa0                __aeabi_l2f
 .text          0x08004b1c      0x2a0 /usr/lib/gcc/arm-none-eabi/13.2.1/thumb/v7-m/nofp/libgcc.a(_arm_muldivsf3.o)
                0x08004b1c                __mulsf3
                0x08004b1c                __aeabi_fmul
                0x08004c84                __divsf3
                0x08004c84                __aeabi_fdiv
 .text          0x08004dbc       0xec /usr/lib/gcc/arm-none-eabi/13.2.1/thumb/v7-m/nofp/libgcc.a(_arm_cmpsf2.o)
                0x08004dbc                __gtsf2
                0x08004dbc                __gesf2
                0x08004dc4                __lesf2
                0x08004dc4                __ltsf2
                0x08004dcc                __nesf2
                0x08004dcc                __eqsf2
                0x08004dcc                __cmpsf2
                0x08004e2c                __aeabi_cfrcmple
                0x08004e34                __aeabi_cfcmple
                0x08004e34                __aeabi_cfcmpeq
                0x08004e44                __aeabi_fcmpeq
                0x08004e58                __aeabi_fcmplt
                0x08004e6c                __aeabi_fcmple
                0x08004e80                __aeabi_fcmpge
                0x08004e94                __aeabi_fcmpgt
 .text          0x08004ea8       0x4c /usr/lib/gcc/arm-none-eabi/13.2.1/thumb/v7-m/nofp/libgcc.a(_arm_fixsfsi.o)
                0x08004ea8                __fixsfsi
                0x08004ea8                __aeabi_f2iz
 .text          0x08004ef4       0x40 /usr/lib/gcc/arm-none-eabi/13.2.1/thumb/v7-m/nofp/libgcc.a(_arm_fixunssfsi.o)
                0x08004ef4                __aeabi_f2uiz
                0x08004ef4                __fixunssfsi
 .text          0x08004f34       0x98 /usr/lib/gcc/arm-none-eabi/13.2.1/../../../arm-none-eabi/lib/thumb/v7-m/nofp/libg_nano.a(libc_a-puts.o)
                0x08004f34                _puts_r
                0x08004fbc                puts
 .text          0x08004fcc        0xc /usr/lib/gcc/arm-none-eabi/13.2.1/../../../arm-none-eabi/lib/thumb/v7-m/nofp/libg_nano.a(libc_a-errno.o)
                0x08004fcc                __errno
 .text          0x08004fd8       0x48 /usr/lib/gcc/arm-none-eabi/13.2.1/../../../arm-none-eabi/lib/thumb/v7-m/nofp/libg_nano.a(libc_a-printf.o)
                0x08004fd8                _printf_r
                0x08004fd8                _iprintf_r
                0x08004ff8                printf
                0x08004ff8                iprintf
 .text          0x08005020       0x28 /usr/lib/gcc/arm-none-eabi/13.2.1/../../../arm-none-eabi/lib/thumb/v7-m/nofp/libm.a(libm_a-sf_fmin.o)
                0x08005020                fminf
 .text          0x08005048       0x58 /usr/lib/gcc/arm-none-eabi/13.2.1/../../../arm-none-eabi/lib/thumb/v7-m/nofp/libm.a(libm_a-w_fmod.o)
                0x08005048                fmod
 .text          0x080050a0       0x88 /usr/lib/gcc/arm-none-eabi/13.2.1/../../../arm-none-eabi/lib/thumb/v7-m/nofp/libm.a(libm_a-sf_floor.o)
                0x080050a0                floorf
 .text          0x08005128      0x2f8 /usr/lib/gcc/arm-none-eabi/13.2.1/../../../arm-none-eabi/lib/thumb/v7-m/nofp/libm.a(libm_a-e_fmod.o)
                0x08005128                __ieee754_fmod
 .text          0x08005420       0x34 /usr/lib/gcc/arm-none-eabi/13.2.1/../../../arm-none-eabi/lib/thumb/v7-m/nofp/libm.a(libm_a-sf_fpclassify.o)
                0x08005420                __fpclassifyf
 *(.text*)
 .text.main     0x08005454       0x28 CMakeFiles/c8t6_cmake.dir/Core/Src/main.c.obj
                0x08005454                main
 .text.SystemClock_Config
                0x0800547c       0x8a CMakeFiles/c8t6_cmake.dir/Core/Src/main.c.obj
                0x0800547c                SystemClock_Config
 .text.Error_Handler
                0x08005506        0xc CMakeFiles/c8t6_cmake.dir/Core/Src/main.c.obj
                0x08005506                Error_Handler
 *fill*         0x08005512        0x2 
 .text.MX_GPIO_Init
                0x08005514       0xc0 CMakeFiles/c8t6_cmake.dir/Core/Src/gpio.c.obj
                0x08005514                MX_GPIO_Init
 .text.MX_I2C2_Init
                0x080055d4       0x5c CMakeFiles/c8t6_cmake.dir/Core/Src/i2c.c.obj
                0x080055d4                MX_I2C2_Init
 .text.HAL_I2C_MspInit
                0x08005630       0x80 CMakeFiles/c8t6_cmake.dir/Core/Src/i2c.c.obj
                0x08005630                HAL_I2C_MspInit
 .text.MX_TIM1_Init
                0x080056b0      0x160 CMakeFiles/c8t6_cmake.dir/Core/Src/tim.c.obj
                0x080056b0                MX_TIM1_Init
 .text.MX_TIM4_Init
                0x08005810       0xf0 CMakeFiles/c8t6_cmake.dir/Core/Src/tim.c.obj
                0x08005810                MX_TIM4_Init
 .text.HAL_TIM_Base_MspInit
                0x08005900       0x64 CMakeFiles/c8t6_cmake.dir/Core/Src/tim.c.obj
                0x08005900                HAL_TIM_Base_MspInit
 .text.HAL_TIM_MspPostInit
                0x08005964       0xac CMakeFiles/c8t6_cmake.dir/Core/Src/tim.c.obj
                0x08005964                HAL_TIM_MspPostInit
 .text.MX_USART1_UART_Init
                0x08005a10       0x54 CMakeFiles/c8t6_cmake.dir/Core/Src/usart.c.obj
                0x08005a10                MX_USART1_UART_Init
 .text.HAL_UART_MspInit
                0x08005a64       0x98 CMakeFiles/c8t6_cmake.dir/Core/Src/usart.c.obj
                0x08005a64                HAL_UART_MspInit
 .text.NMI_Handler
                0x08005afc        0x8 CMakeFiles/c8t6_cmake.dir/Core/Src/stm32f1xx_it.c.obj
                0x08005afc                NMI_Handler
 .text.HardFault_Handler
                0x08005b04        0x8 CMakeFiles/c8t6_cmake.dir/Core/Src/stm32f1xx_it.c.obj
                0x08005b04                HardFault_Handler
 .text.MemManage_Handler
                0x08005b0c        0x8 CMakeFiles/c8t6_cmake.dir/Core/Src/stm32f1xx_it.c.obj
                0x08005b0c                MemManage_Handler
 .text.BusFault_Handler
                0x08005b14        0x8 CMakeFiles/c8t6_cmake.dir/Core/Src/stm32f1xx_it.c.obj
                0x08005b14                BusFault_Handler
 .text.UsageFault_Handler
                0x08005b1c        0x8 CMakeFiles/c8t6_cmake.dir/Core/Src/stm32f1xx_it.c.obj
                0x08005b1c                UsageFault_Handler
 .text.SVC_Handler
                0x08005b24        0xc CMakeFiles/c8t6_cmake.dir/Core/Src/stm32f1xx_it.c.obj
                0x08005b24                SVC_Handler
 .text.DebugMon_Handler
                0x08005b30        0xc CMakeFiles/c8t6_cmake.dir/Core/Src/stm32f1xx_it.c.obj
                0x08005b30                DebugMon_Handler
 .text.PendSV_Handler
                0x08005b3c        0xc CMakeFiles/c8t6_cmake.dir/Core/Src/stm32f1xx_it.c.obj
                0x08005b3c                PendSV_Handler
 .text.SysTick_Handler
                0x08005b48        0xc CMakeFiles/c8t6_cmake.dir/Core/Src/stm32f1xx_it.c.obj
                0x08005b48                SysTick_Handler
 .text.HAL_MspInit
                0x08005b54       0x64 CMakeFiles/c8t6_cmake.dir/Core/Src/stm32f1xx_hal_msp.c.obj
                0x08005b54                HAL_MspInit
 .text._sbrk    0x08005bb8       0x6c CMakeFiles/c8t6_cmake.dir/Core/Src/sysmem.c.obj
                0x08005bb8                _sbrk
 .text._getpid  0x08005c24        0xe CMakeFiles/c8t6_cmake.dir/Core/Src/syscalls.c.obj
                0x08005c24                _getpid
 .text._kill    0x08005c32       0x20 CMakeFiles/c8t6_cmake.dir/Core/Src/syscalls.c.obj
                0x08005c32                _kill
 .text._exit    0x08005c52       0x16 CMakeFiles/c8t6_cmake.dir/Core/Src/syscalls.c.obj
                0x08005c52                _exit
 .text._read    0x08005c68       0x3a CMakeFiles/c8t6_cmake.dir/Core/Src/syscalls.c.obj
                0x08005c68                _read
 .text._write   0x08005ca2       0x38 CMakeFiles/c8t6_cmake.dir/Core/Src/syscalls.c.obj
                0x08005ca2                _write
 .text._close   0x08005cda       0x16 CMakeFiles/c8t6_cmake.dir/Core/Src/syscalls.c.obj
                0x08005cda                _close
 .text._fstat   0x08005cf0       0x1e CMakeFiles/c8t6_cmake.dir/Core/Src/syscalls.c.obj
                0x08005cf0                _fstat
 .text._isatty  0x08005d0e       0x14 CMakeFiles/c8t6_cmake.dir/Core/Src/syscalls.c.obj
                0x08005d0e                _isatty
 .text._lseek   0x08005d22       0x18 CMakeFiles/c8t6_cmake.dir/Core/Src/syscalls.c.obj
                0x08005d22                _lseek
 *fill*         0x08005d3a        0x2 
 .text.Reset_Handler
                0x08005d3c       0x48 CMakeFiles/c8t6_cmake.dir/startup_stm32f103xb.s.obj
                0x08005d3c                Reset_Handler
 .text.Default_Handler
                0x08005d84        0x2 CMakeFiles/c8t6_cmake.dir/startup_stm32f103xb.s.obj
                0x08005d84                RTC_Alarm_IRQHandler
                0x08005d84                EXTI2_IRQHandler
                0x08005d84                TIM1_CC_IRQHandler
                0x08005d84                PVD_IRQHandler
                0x08005d84                EXTI3_IRQHandler
                0x08005d84                EXTI0_IRQHandler
                0x08005d84                I2C2_EV_IRQHandler
                0x08005d84                ADC1_2_IRQHandler
                0x08005d84                SPI1_IRQHandler
                0x08005d84                TAMPER_IRQHandler
                0x08005d84                DMA1_Channel4_IRQHandler
                0x08005d84                USART3_IRQHandler
                0x08005d84                RTC_IRQHandler
                0x08005d84                DMA1_Channel7_IRQHandler
                0x08005d84                CAN1_RX1_IRQHandler
                0x08005d84                TIM4_IRQHandler
                0x08005d84                I2C1_EV_IRQHandler
                0x08005d84                DMA1_Channel6_IRQHandler
                0x08005d84                TIM3_IRQHandler
                0x08005d84                RCC_IRQHandler
                0x08005d84                TIM1_TRG_COM_IRQHandler
                0x08005d84                DMA1_Channel1_IRQHandler
                0x08005d84                Default_Handler
                0x08005d84                EXTI15_10_IRQHandler
                0x08005d84                EXTI9_5_IRQHandler
                0x08005d84                SPI2_IRQHandler
                0x08005d84                DMA1_Channel5_IRQHandler
                0x08005d84                EXTI4_IRQHandler
                0x08005d84                USB_LP_CAN1_RX0_IRQHandler
                0x08005d84                USB_HP_CAN1_TX_IRQHandler
                0x08005d84                DMA1_Channel3_IRQHandler
                0x08005d84                TIM1_UP_IRQHandler
                0x08005d84                WWDG_IRQHandler
                0x08005d84                TIM2_IRQHandler
                0x08005d84                TIM1_BRK_IRQHandler
                0x08005d84                EXTI1_IRQHandler
                0x08005d84                USART2_IRQHandler
                0x08005d84                I2C2_ER_IRQHandler
                0x08005d84                DMA1_Channel2_IRQHandler
                0x08005d84                CAN1_SCE_IRQHandler
                0x08005d84                FLASH_IRQHandler
                0x08005d84                USART1_IRQHandler
                0x08005d84                I2C1_ER_IRQHandler
                0x08005d84                USBWakeUp_IRQHandler
 *fill*         0x08005d86        0x2 
 .text.mymain   0x08005d88       0x44 CMakeFiles/c8t6_cmake.dir/BSP/mymain.c.obj
                0x08005d88                mymain
 .text.__io_putchar
                0x08005dcc       0x24 CMakeFiles/c8t6_cmake.dir/BSP/usart/usart_mx.c.obj
                0x08005dcc                __io_putchar
 .text.test_as5600_shaftAngle
                0x08005df0       0xd8 CMakeFiles/c8t6_cmake.dir/BSP/test/test.c.obj
                0x08005df0                test_as5600_shaftAngle
 .text._delay   0x08005ec8       0x16 CMakeFiles/c8t6_cmake.dir/BSP/FOC/foc_base.c.obj
                0x08005ec8                _delay
 .text._micros  0x08005ede        0xe CMakeFiles/c8t6_cmake.dir/BSP/FOC/foc_base.c.obj
                0x08005ede                _micros
 .text._writeDutyCycle3PWM
                0x08005eec       0x94 CMakeFiles/c8t6_cmake.dir/BSP/FOC/foc_base.c.obj
                0x08005eec                _writeDutyCycle3PWM
 .text._sin     0x08005f80      0x368 CMakeFiles/c8t6_cmake.dir/BSP/FOC/foc_base.c.obj
                0x08005f80                _sin
 .text._cos     0x080062e8       0x88 CMakeFiles/c8t6_cmake.dir/BSP/FOC/foc_base.c.obj
                0x080062e8                _cos
 .text._normalizeAngle
                0x08006370       0x70 CMakeFiles/c8t6_cmake.dir/BSP/FOC/foc_base.c.obj
                0x08006370                _normalizeAngle
 .text.setPwm   0x080063e0      0x1e4 CMakeFiles/c8t6_cmake.dir/BSP/FOC/foc_base.c.obj
                0x080063e0                setPwm
 .text.FOCMotor_init
                0x080065c4       0xec CMakeFiles/c8t6_cmake.dir/BSP/FOC/foc_motor.c.obj
                0x080065c4                FOCMotor_init
 .text.FOCMotor_linkSensor
                0x080066b0       0x2c CMakeFiles/c8t6_cmake.dir/BSP/FOC/foc_motor.c.obj
                0x080066b0                FOCMotor_linkSensor
 .text.BLDCDriver_writeDutyCycle3PWM
                0x080066dc       0x94 CMakeFiles/c8t6_cmake.dir/BSP/FOC/BLDCMotor.c.obj
                0x080066dc                BLDCDriver_writeDutyCycle3PWM
 .text.BLDCDriver3PWM_setPwm
                0x08006770      0x1be CMakeFiles/c8t6_cmake.dir/BSP/FOC/BLDCMotor.c.obj
                0x08006770                BLDCDriver3PWM_setPwm
 *fill*         0x0800692e        0x2 
 .text.BLDCMotor_setPhaseVoltage
                0x08006930      0xb18 CMakeFiles/c8t6_cmake.dir/BSP/FOC/BLDCMotor.c.obj
                0x08006930                BLDCMotor_setPhaseVoltage
 .text.BLDCMotor_init
                0x08007448       0x6a CMakeFiles/c8t6_cmake.dir/BSP/FOC/BLDCMotor.c.obj
                0x08007448                BLDCMotor_init
 *fill*         0x080074b2        0x2 
 .text.BLDCMotor_linkDriver
                0x080074b4       0x2c CMakeFiles/c8t6_cmake.dir/BSP/FOC/BLDCMotor.c.obj
                0x080074b4                BLDCMotor_linkDriver
 .text.LowPassFilter_init
                0x080074e0       0x2a CMakeFiles/c8t6_cmake.dir/BSP/FOC/lowpass_filter.c.obj
                0x080074e0                LowPassFilter_init
 *fill*         0x0800750a        0x2 
 .text.BLDCDriver3PWM_enable
                0x0800750c       0x3c CMakeFiles/c8t6_cmake.dir/BSP/FOC/BLDCDriver/BLDCDriver.c.obj
                0x0800750c                BLDCDriver3PWM_enable
 .text.BLDCDriver3PWM_disable
                0x08007548       0x30 CMakeFiles/c8t6_cmake.dir/BSP/FOC/BLDCDriver/BLDCDriver.c.obj
                0x08007548                BLDCDriver3PWM_disable
 .text.BLDCDriver3PWM_init
                0x08007578       0x30 CMakeFiles/c8t6_cmake.dir/BSP/FOC/BLDCDriver/BLDCDriver.c.obj
                0x08007578                BLDCDriver3PWM_init
 .text.PIDController_init
                0x080075a8       0x56 CMakeFiles/c8t6_cmake.dir/BSP/FOC/pid/pid.c.obj
                0x080075a8                PIDController_init
 .text.AS5600_Init
                0x080075fe       0x8e CMakeFiles/c8t6_cmake.dir/BSP/FOC/encoder/encoder_as5600.c.obj
                0x080075fe                AS5600_Init
 .text.AS5600_IsConnected
                0x0800768c       0x46 CMakeFiles/c8t6_cmake.dir/BSP/FOC/encoder/encoder_as5600.c.obj
                0x0800768c                AS5600_IsConnected
 .text.AS5600_SetDirection
                0x080076d2       0x54 CMakeFiles/c8t6_cmake.dir/BSP/FOC/encoder/encoder_as5600.c.obj
                0x080076d2                AS5600_SetDirection
 .text.AS5600_SetZPosition
                0x08007726       0x38 CMakeFiles/c8t6_cmake.dir/BSP/FOC/encoder/encoder_as5600.c.obj
                0x08007726                AS5600_SetZPosition
 .text.AS5600_SetPowerMode
                0x0800775e       0x52 CMakeFiles/c8t6_cmake.dir/BSP/FOC/encoder/encoder_as5600.c.obj
                0x0800775e                AS5600_SetPowerMode
 .text.AS5600_SetHysteresis
                0x080077b0       0x5c CMakeFiles/c8t6_cmake.dir/BSP/FOC/encoder/encoder_as5600.c.obj
                0x080077b0                AS5600_SetHysteresis
 .text.AS5600_SetSlowFilter
                0x0800780c       0x52 CMakeFiles/c8t6_cmake.dir/BSP/FOC/encoder/encoder_as5600.c.obj
                0x0800780c                AS5600_SetSlowFilter
 .text.AS5600_SetFastFilter
                0x0800785e       0x5c CMakeFiles/c8t6_cmake.dir/BSP/FOC/encoder/encoder_as5600.c.obj
                0x0800785e                AS5600_SetFastFilter
 .text.AS5600_RawAngle
                0x080078ba       0x62 CMakeFiles/c8t6_cmake.dir/BSP/FOC/encoder/encoder_as5600.c.obj
                0x080078ba                AS5600_RawAngle
 .text.AS5600_ReadAngle
                0x0800791c       0x78 CMakeFiles/c8t6_cmake.dir/BSP/FOC/encoder/encoder_as5600.c.obj
                0x0800791c                AS5600_ReadAngle
 .text.AS5600_ReadAngleDegrees
                0x08007994       0x34 CMakeFiles/c8t6_cmake.dir/BSP/FOC/encoder/encoder_as5600.c.obj
                0x08007994                AS5600_ReadAngleDegrees
 .text.AS5600_ReadAngleRadians
                0x080079c8       0x34 CMakeFiles/c8t6_cmake.dir/BSP/FOC/encoder/encoder_as5600.c.obj
                0x080079c8                AS5600_ReadAngleRadians
 .text.AS5600_ReadStatus
                0x080079fc       0x24 CMakeFiles/c8t6_cmake.dir/BSP/FOC/encoder/encoder_as5600.c.obj
                0x080079fc                AS5600_ReadStatus
 .text.AS5600_ReadAGC
                0x08007a20       0x24 CMakeFiles/c8t6_cmake.dir/BSP/FOC/encoder/encoder_as5600.c.obj
                0x08007a20                AS5600_ReadAGC
 .text.AS5600_ReadMagnitude
                0x08007a44       0x2a CMakeFiles/c8t6_cmake.dir/BSP/FOC/encoder/encoder_as5600.c.obj
                0x08007a44                AS5600_ReadMagnitude
 .text.AS5600_DetectMagnet
                0x08007a6e       0x30 CMakeFiles/c8t6_cmake.dir/BSP/FOC/encoder/encoder_as5600.c.obj
                0x08007a6e                AS5600_DetectMagnet
 .text.AS5600_MagnetTooStrong
                0x08007a9e       0x30 CMakeFiles/c8t6_cmake.dir/BSP/FOC/encoder/encoder_as5600.c.obj
                0x08007a9e                AS5600_MagnetTooStrong
 .text.AS5600_MagnetTooWeak
                0x08007ace       0x30 CMakeFiles/c8t6_cmake.dir/BSP/FOC/encoder/encoder_as5600.c.obj
                0x08007ace                AS5600_MagnetTooWeak
 .text.AS5600_ReadReg
                0x08007afe       0x7a CMakeFiles/c8t6_cmake.dir/BSP/FOC/encoder/encoder_as5600.c.obj
                0x08007afe                AS5600_ReadReg
 .text.AS5600_ReadReg2
                0x08007b78       0x8c CMakeFiles/c8t6_cmake.dir/BSP/FOC/encoder/encoder_as5600.c.obj
                0x08007b78                AS5600_ReadReg2
 .text.AS5600_WriteReg
                0x08007c04       0x78 CMakeFiles/c8t6_cmake.dir/BSP/FOC/encoder/encoder_as5600.c.obj
                0x08007c04                AS5600_WriteReg
 .text.AS5600_WriteReg2
                0x08007c7c       0x8a CMakeFiles/c8t6_cmake.dir/BSP/FOC/encoder/encoder_as5600.c.obj
                0x08007c7c                AS5600_WriteReg2
 *fill*         0x08007d06        0x2 
 .text.Encoder_AS5600_Init
                0x08007d08       0xdc CMakeFiles/c8t6_cmake.dir/BSP/FOC/encoder/encoder_as5600.c.obj
                0x08007d08                Encoder_AS5600_Init
 .text.Encoder_AS5600_ReadAngle
                0x08007de4       0x98 CMakeFiles/c8t6_cmake.dir/BSP/FOC/encoder/encoder_as5600.c.obj
                0x08007de4                Encoder_AS5600_ReadAngle
 .text.SystemInit
                0x08007e7c        0xc cmake/stm32cubemx/CMakeFiles/STM32_Drivers.dir/__/__/Core/Src/system_stm32f1xx.c.obj
                0x08007e7c                SystemInit
 .text.HAL_I2C_Init
                0x08007e88      0x288 cmake/stm32cubemx/CMakeFiles/STM32_Drivers.dir/__/__/Drivers/STM32F1xx_HAL_Driver/Src/stm32f1xx_hal_i2c.c.obj
                0x08007e88                HAL_I2C_Init
 .text.HAL_I2C_Mem_Write
                0x08008110      0x1f4 cmake/stm32cubemx/CMakeFiles/STM32_Drivers.dir/__/__/Drivers/STM32F1xx_HAL_Driver/Src/stm32f1xx_hal_i2c.c.obj
                0x08008110                HAL_I2C_Mem_Write
 .text.HAL_I2C_Mem_Read
                0x08008304      0x4e8 cmake/stm32cubemx/CMakeFiles/STM32_Drivers.dir/__/__/Drivers/STM32F1xx_HAL_Driver/Src/stm32f1xx_hal_i2c.c.obj
                0x08008304                HAL_I2C_Mem_Read
 .text.HAL_I2C_IsDeviceReady
                0x080087ec      0x25c cmake/stm32cubemx/CMakeFiles/STM32_Drivers.dir/__/__/Drivers/STM32F1xx_HAL_Driver/Src/stm32f1xx_hal_i2c.c.obj
                0x080087ec                HAL_I2C_IsDeviceReady
 .text.I2C_RequestMemoryWrite
                0x08008a48      0x12c cmake/stm32cubemx/CMakeFiles/STM32_Drivers.dir/__/__/Drivers/STM32F1xx_HAL_Driver/Src/stm32f1xx_hal_i2c.c.obj
 .text.I2C_RequestMemoryRead
                0x08008b74      0x1d0 cmake/stm32cubemx/CMakeFiles/STM32_Drivers.dir/__/__/Drivers/STM32F1xx_HAL_Driver/Src/stm32f1xx_hal_i2c.c.obj
 .text.I2C_WaitOnFlagUntilTimeout
                0x08008d44       0xf4 cmake/stm32cubemx/CMakeFiles/STM32_Drivers.dir/__/__/Drivers/STM32F1xx_HAL_Driver/Src/stm32f1xx_hal_i2c.c.obj
 .text.I2C_WaitOnMasterAddressFlagUntilTimeout
                0x08008e38      0x140 cmake/stm32cubemx/CMakeFiles/STM32_Drivers.dir/__/__/Drivers/STM32F1xx_HAL_Driver/Src/stm32f1xx_hal_i2c.c.obj
 .text.I2C_WaitOnTXEFlagUntilTimeout
                0x08008f78       0x90 cmake/stm32cubemx/CMakeFiles/STM32_Drivers.dir/__/__/Drivers/STM32F1xx_HAL_Driver/Src/stm32f1xx_hal_i2c.c.obj
 .text.I2C_WaitOnBTFFlagUntilTimeout
                0x08009008       0x90 cmake/stm32cubemx/CMakeFiles/STM32_Drivers.dir/__/__/Drivers/STM32F1xx_HAL_Driver/Src/stm32f1xx_hal_i2c.c.obj
 .text.I2C_WaitOnRXNEFlagUntilTimeout
                0x08009098       0xba cmake/stm32cubemx/CMakeFiles/STM32_Drivers.dir/__/__/Drivers/STM32F1xx_HAL_Driver/Src/stm32f1xx_hal_i2c.c.obj
 .text.I2C_IsAcknowledgeFailed
                0x08009152       0x5c cmake/stm32cubemx/CMakeFiles/STM32_Drivers.dir/__/__/Drivers/STM32F1xx_HAL_Driver/Src/stm32f1xx_hal_i2c.c.obj
 *fill*         0x080091ae        0x2 
 .text.HAL_Init
                0x080091b0       0x2c cmake/stm32cubemx/CMakeFiles/STM32_Drivers.dir/__/__/Drivers/STM32F1xx_HAL_Driver/Src/stm32f1xx_hal.c.obj
                0x080091b0                HAL_Init
 .text.HAL_InitTick
                0x080091dc       0x60 cmake/stm32cubemx/CMakeFiles/STM32_Drivers.dir/__/__/Drivers/STM32F1xx_HAL_Driver/Src/stm32f1xx_hal.c.obj
                0x080091dc                HAL_InitTick
 .text.HAL_IncTick
                0x0800923c       0x24 cmake/stm32cubemx/CMakeFiles/STM32_Drivers.dir/__/__/Drivers/STM32F1xx_HAL_Driver/Src/stm32f1xx_hal.c.obj
                0x0800923c                HAL_IncTick
 .text.HAL_GetTick
                0x08009260       0x14 cmake/stm32cubemx/CMakeFiles/STM32_Drivers.dir/__/__/Drivers/STM32F1xx_HAL_Driver/Src/stm32f1xx_hal.c.obj
                0x08009260                HAL_GetTick
 .text.HAL_Delay
                0x08009274       0x48 cmake/stm32cubemx/CMakeFiles/STM32_Drivers.dir/__/__/Drivers/STM32F1xx_HAL_Driver/Src/stm32f1xx_hal.c.obj
                0x08009274                HAL_Delay
 .text.HAL_RCC_OscConfig
                0x080092bc      0x504 cmake/stm32cubemx/CMakeFiles/STM32_Drivers.dir/__/__/Drivers/STM32F1xx_HAL_Driver/Src/stm32f1xx_hal_rcc.c.obj
                0x080092bc                HAL_RCC_OscConfig
 .text.HAL_RCC_ClockConfig
                0x080097c0      0x1d4 cmake/stm32cubemx/CMakeFiles/STM32_Drivers.dir/__/__/Drivers/STM32F1xx_HAL_Driver/Src/stm32f1xx_hal_rcc.c.obj
                0x080097c0                HAL_RCC_ClockConfig
 .text.HAL_RCC_GetSysClockFreq
                0x08009994       0xa8 cmake/stm32cubemx/CMakeFiles/STM32_Drivers.dir/__/__/Drivers/STM32F1xx_HAL_Driver/Src/stm32f1xx_hal_rcc.c.obj
                0x08009994                HAL_RCC_GetSysClockFreq
 .text.HAL_RCC_GetHCLKFreq
                0x08009a3c       0x14 cmake/stm32cubemx/CMakeFiles/STM32_Drivers.dir/__/__/Drivers/STM32F1xx_HAL_Driver/Src/stm32f1xx_hal_rcc.c.obj
                0x08009a3c                HAL_RCC_GetHCLKFreq
 .text.HAL_RCC_GetPCLK1Freq
                0x08009a50       0x28 cmake/stm32cubemx/CMakeFiles/STM32_Drivers.dir/__/__/Drivers/STM32F1xx_HAL_Driver/Src/stm32f1xx_hal_rcc.c.obj
                0x08009a50                HAL_RCC_GetPCLK1Freq
 .text.HAL_RCC_GetPCLK2Freq
                0x08009a78       0x28 cmake/stm32cubemx/CMakeFiles/STM32_Drivers.dir/__/__/Drivers/STM32F1xx_HAL_Driver/Src/stm32f1xx_hal_rcc.c.obj
                0x08009a78                HAL_RCC_GetPCLK2Freq
 .text.RCC_Delay
                0x08009aa0       0x3c cmake/stm32cubemx/CMakeFiles/STM32_Drivers.dir/__/__/Drivers/STM32F1xx_HAL_Driver/Src/stm32f1xx_hal_rcc.c.obj
 .text.HAL_GPIO_Init
                0x08009adc      0x308 cmake/stm32cubemx/CMakeFiles/STM32_Drivers.dir/__/__/Drivers/STM32F1xx_HAL_Driver/Src/stm32f1xx_hal_gpio.c.obj
                0x08009adc                HAL_GPIO_Init
 .text.HAL_GPIO_WritePin
                0x08009de4       0x30 cmake/stm32cubemx/CMakeFiles/STM32_Drivers.dir/__/__/Drivers/STM32F1xx_HAL_Driver/Src/stm32f1xx_hal_gpio.c.obj
                0x08009de4                HAL_GPIO_WritePin
 .text.__NVIC_SetPriorityGrouping
                0x08009e14       0x48 cmake/stm32cubemx/CMakeFiles/STM32_Drivers.dir/__/__/Drivers/STM32F1xx_HAL_Driver/Src/stm32f1xx_hal_cortex.c.obj
 .text.__NVIC_GetPriorityGrouping
                0x08009e5c       0x1c cmake/stm32cubemx/CMakeFiles/STM32_Drivers.dir/__/__/Drivers/STM32F1xx_HAL_Driver/Src/stm32f1xx_hal_cortex.c.obj
 .text.__NVIC_SetPriority
                0x08009e78       0x54 cmake/stm32cubemx/CMakeFiles/STM32_Drivers.dir/__/__/Drivers/STM32F1xx_HAL_Driver/Src/stm32f1xx_hal_cortex.c.obj
 .text.NVIC_EncodePriority
                0x08009ecc       0x64 cmake/stm32cubemx/CMakeFiles/STM32_Drivers.dir/__/__/Drivers/STM32F1xx_HAL_Driver/Src/stm32f1xx_hal_cortex.c.obj
 .text.SysTick_Config
                0x08009f30       0x44 cmake/stm32cubemx/CMakeFiles/STM32_Drivers.dir/__/__/Drivers/STM32F1xx_HAL_Driver/Src/stm32f1xx_hal_cortex.c.obj
 .text.HAL_NVIC_SetPriorityGrouping
                0x08009f74       0x16 cmake/stm32cubemx/CMakeFiles/STM32_Drivers.dir/__/__/Drivers/STM32F1xx_HAL_Driver/Src/stm32f1xx_hal_cortex.c.obj
                0x08009f74                HAL_NVIC_SetPriorityGrouping
 .text.HAL_NVIC_SetPriority
                0x08009f8a       0x38 cmake/stm32cubemx/CMakeFiles/STM32_Drivers.dir/__/__/Drivers/STM32F1xx_HAL_Driver/Src/stm32f1xx_hal_cortex.c.obj
                0x08009f8a                HAL_NVIC_SetPriority
 .text.HAL_SYSTICK_Config
                0x08009fc2       0x18 cmake/stm32cubemx/CMakeFiles/STM32_Drivers.dir/__/__/Drivers/STM32F1xx_HAL_Driver/Src/stm32f1xx_hal_cortex.c.obj
                0x08009fc2                HAL_SYSTICK_Config
 .text.HAL_TIM_Base_Init
                0x08009fda       0x9e cmake/stm32cubemx/CMakeFiles/STM32_Drivers.dir/__/__/Drivers/STM32F1xx_HAL_Driver/Src/stm32f1xx_hal_tim.c.obj
                0x08009fda                HAL_TIM_Base_Init
 .text.HAL_TIM_Base_Start
                0x0800a078       0x94 cmake/stm32cubemx/CMakeFiles/STM32_Drivers.dir/__/__/Drivers/STM32F1xx_HAL_Driver/Src/stm32f1xx_hal_tim.c.obj
                0x0800a078                HAL_TIM_Base_Start
 .text.HAL_TIM_PWM_Init
                0x0800a10c       0x9e cmake/stm32cubemx/CMakeFiles/STM32_Drivers.dir/__/__/Drivers/STM32F1xx_HAL_Driver/Src/stm32f1xx_hal_tim.c.obj
                0x0800a10c                HAL_TIM_PWM_Init
 .text.HAL_TIM_PWM_MspInit
                0x0800a1aa       0x12 cmake/stm32cubemx/CMakeFiles/STM32_Drivers.dir/__/__/Drivers/STM32F1xx_HAL_Driver/Src/stm32f1xx_hal_tim.c.obj
                0x0800a1aa                HAL_TIM_PWM_MspInit
 .text.HAL_TIM_PWM_Start
                0x0800a1bc      0x144 cmake/stm32cubemx/CMakeFiles/STM32_Drivers.dir/__/__/Drivers/STM32F1xx_HAL_Driver/Src/stm32f1xx_hal_tim.c.obj
                0x0800a1bc                HAL_TIM_PWM_Start
 .text.HAL_TIM_PWM_ConfigChannel
                0x0800a300      0x184 cmake/stm32cubemx/CMakeFiles/STM32_Drivers.dir/__/__/Drivers/STM32F1xx_HAL_Driver/Src/stm32f1xx_hal_tim.c.obj
                0x0800a300                HAL_TIM_PWM_ConfigChannel
 .text.HAL_TIM_ConfigClockSource
                0x0800a484      0x18e cmake/stm32cubemx/CMakeFiles/STM32_Drivers.dir/__/__/Drivers/STM32F1xx_HAL_Driver/Src/stm32f1xx_hal_tim.c.obj
                0x0800a484                HAL_TIM_ConfigClockSource
 *fill*         0x0800a612        0x2 
 .text.TIM_Base_SetConfig
                0x0800a614       0xdc cmake/stm32cubemx/CMakeFiles/STM32_Drivers.dir/__/__/Drivers/STM32F1xx_HAL_Driver/Src/stm32f1xx_hal_tim.c.obj
                0x0800a614                TIM_Base_SetConfig
 .text.TIM_OC1_SetConfig
                0x0800a6f0       0xcc cmake/stm32cubemx/CMakeFiles/STM32_Drivers.dir/__/__/Drivers/STM32F1xx_HAL_Driver/Src/stm32f1xx_hal_tim.c.obj
 .text.TIM_OC2_SetConfig
                0x0800a7bc       0xd4 cmake/stm32cubemx/CMakeFiles/STM32_Drivers.dir/__/__/Drivers/STM32F1xx_HAL_Driver/Src/stm32f1xx_hal_tim.c.obj
                0x0800a7bc                TIM_OC2_SetConfig
 .text.TIM_OC3_SetConfig
                0x0800a890       0xd4 cmake/stm32cubemx/CMakeFiles/STM32_Drivers.dir/__/__/Drivers/STM32F1xx_HAL_Driver/Src/stm32f1xx_hal_tim.c.obj
 .text.TIM_OC4_SetConfig
                0x0800a964       0x9c cmake/stm32cubemx/CMakeFiles/STM32_Drivers.dir/__/__/Drivers/STM32F1xx_HAL_Driver/Src/stm32f1xx_hal_tim.c.obj
 .text.TIM_TI1_ConfigInputStage
                0x0800aa00       0x5c cmake/stm32cubemx/CMakeFiles/STM32_Drivers.dir/__/__/Drivers/STM32F1xx_HAL_Driver/Src/stm32f1xx_hal_tim.c.obj
 .text.TIM_TI2_ConfigInputStage
                0x0800aa5c       0x5e cmake/stm32cubemx/CMakeFiles/STM32_Drivers.dir/__/__/Drivers/STM32F1xx_HAL_Driver/Src/stm32f1xx_hal_tim.c.obj
 .text.TIM_ITRx_SetConfig
                0x0800aaba       0x34 cmake/stm32cubemx/CMakeFiles/STM32_Drivers.dir/__/__/Drivers/STM32F1xx_HAL_Driver/Src/stm32f1xx_hal_tim.c.obj
 .text.TIM_ETR_SetConfig
                0x0800aaee       0x3e cmake/stm32cubemx/CMakeFiles/STM32_Drivers.dir/__/__/Drivers/STM32F1xx_HAL_Driver/Src/stm32f1xx_hal_tim.c.obj
                0x0800aaee                TIM_ETR_SetConfig
 .text.TIM_CCxChannelCmd
                0x0800ab2c       0x48 cmake/stm32cubemx/CMakeFiles/STM32_Drivers.dir/__/__/Drivers/STM32F1xx_HAL_Driver/Src/stm32f1xx_hal_tim.c.obj
                0x0800ab2c                TIM_CCxChannelCmd
 .text.HAL_TIMEx_MasterConfigSynchronization
                0x0800ab74       0xbc cmake/stm32cubemx/CMakeFiles/STM32_Drivers.dir/__/__/Drivers/STM32F1xx_HAL_Driver/Src/stm32f1xx_hal_tim_ex.c.obj
                0x0800ab74                HAL_TIMEx_MasterConfigSynchronization
 .text.HAL_TIMEx_ConfigBreakDeadTime
                0x0800ac30       0xa2 cmake/stm32cubemx/CMakeFiles/STM32_Drivers.dir/__/__/Drivers/STM32F1xx_HAL_Driver/Src/stm32f1xx_hal_tim_ex.c.obj
                0x0800ac30                HAL_TIMEx_ConfigBreakDeadTime
 .text.HAL_UART_Init
                0x0800acd2       0xa0 cmake/stm32cubemx/CMakeFiles/STM32_Drivers.dir/__/__/Drivers/STM32F1xx_HAL_Driver/Src/stm32f1xx_hal_uart.c.obj
                0x0800acd2                HAL_UART_Init
 .text.HAL_UART_Transmit
                0x0800ad72      0x116 cmake/stm32cubemx/CMakeFiles/STM32_Drivers.dir/__/__/Drivers/STM32F1xx_HAL_Driver/Src/stm32f1xx_hal_uart.c.obj
                0x0800ad72                HAL_UART_Transmit
 .text.UART_WaitOnFlagUntilTimeout
                0x0800ae88       0xb2 cmake/stm32cubemx/CMakeFiles/STM32_Drivers.dir/__/__/Drivers/STM32F1xx_HAL_Driver/Src/stm32f1xx_hal_uart.c.obj
 .text.UART_EndRxTransfer
                0x0800af3a       0xc4 cmake/stm32cubemx/CMakeFiles/STM32_Drivers.dir/__/__/Drivers/STM32F1xx_HAL_Driver/Src/stm32f1xx_hal_uart.c.obj
 *fill*         0x0800affe        0x2 
 .text.UART_SetConfig
                0x0800b000      0x11c cmake/stm32cubemx/CMakeFiles/STM32_Drivers.dir/__/__/Drivers/STM32F1xx_HAL_Driver/Src/stm32f1xx_hal_uart.c.obj
 *(.glue_7)
 .glue_7        0x0800b11c        0x0 linker stubs
 *(.glue_7t)
 .glue_7t       0x0800b11c        0x0 linker stubs
 *(.eh_frame)
 .eh_frame      0x0800b11c        0x0 /usr/lib/gcc/arm-none-eabi/13.2.1/thumb/v7-m/nofp/crtbegin.o
 *(.init)
 .init          0x0800b11c        0x4 /usr/lib/gcc/arm-none-eabi/13.2.1/thumb/v7-m/nofp/crti.o
                0x0800b11c                _init
 .init          0x0800b120        0x8 /usr/lib/gcc/arm-none-eabi/13.2.1/thumb/v7-m/nofp/crtn.o
 *(.fini)
 .fini          0x0800b128        0x4 /usr/lib/gcc/arm-none-eabi/13.2.1/thumb/v7-m/nofp/crti.o
                0x0800b128                _fini
 .fini          0x0800b12c        0x8 /usr/lib/gcc/arm-none-eabi/13.2.1/thumb/v7-m/nofp/crtn.o
                0x0800b134                        . = ALIGN (0x4)
                0x0800b134                        _etext = .

.vfp11_veneer   0x0800b134        0x0
 .vfp11_veneer  0x0800b134        0x0 linker stubs

.v4_bx          0x0800b134        0x0
 .v4_bx         0x0800b134        0x0 linker stubs

.iplt           0x0800b134        0x0
 .iplt          0x0800b134        0x0 /usr/lib/gcc/arm-none-eabi/13.2.1/thumb/v7-m/nofp/crtbegin.o

.rodata         0x0800b138      0x62c
                0x0800b138                        . = ALIGN (0x4)
 *(.rodata)
 .rodata        0x0800b138      0x128 /usr/lib/gcc/arm-none-eabi/13.2.1/../../../arm-none-eabi/lib/thumb/v7-m/nofp/libc_nano.a(libc_a-mprec.o)
                0x0800b148                __mprec_tens
                0x0800b210                __mprec_tinytens
                0x0800b238                __mprec_bigtens
 .rodata        0x0800b260      0x101 /usr/lib/gcc/arm-none-eabi/13.2.1/../../../arm-none-eabi/lib/thumb/v7-m/nofp/libc_nano.a(libc_a-ctype_.o)
                0x0800b260                _ctype_
 *fill*         0x0800b361        0x3 
 .rodata        0x0800b364       0xa2 CMakeFiles/c8t6_cmake.dir/BSP/test/test.c.obj
 *fill*         0x0800b406        0x2 
 .rodata        0x0800b408       0x11 CMakeFiles/c8t6_cmake.dir/BSP/FOC/foc_motor.c.obj
 *fill*         0x0800b419        0x3 
 .rodata        0x0800b41c       0x11 CMakeFiles/c8t6_cmake.dir/BSP/FOC/BLDCMotor.c.obj
 *fill*         0x0800b42d        0x3 
 .rodata        0x0800b430       0x12 CMakeFiles/c8t6_cmake.dir/BSP/FOC/BLDCDriver/BLDCDriver.c.obj
 *fill*         0x0800b442        0x2 
 .rodata        0x0800b444      0x1a8 CMakeFiles/c8t6_cmake.dir/BSP/FOC/encoder/encoder_as5600.c.obj
 *fill*         0x0800b5ec        0x4 
 .rodata        0x0800b5f0       0x10 /usr/lib/gcc/arm-none-eabi/13.2.1/../../../arm-none-eabi/lib/thumb/v7-m/nofp/libm.a(libm_a-e_fmod.o)
 *(.rodata*)
 .rodata.str1.4
                0x0800b600      0x137 /usr/lib/gcc/arm-none-eabi/13.2.1/../../../arm-none-eabi/lib/thumb/v7-m/nofp/libc_nano.a(libc_a-nano-vfprintf_float.o)
                                 0x12 (size before relaxing)
 .rodata.str1.4
                0x0800b737       0x69 /usr/lib/gcc/arm-none-eabi/13.2.1/../../../arm-none-eabi/lib/thumb/v7-m/nofp/libc_nano.a(libc_a-dtoa.o)
 .rodata.str1.4
                0x0800b737       0x25 /usr/lib/gcc/arm-none-eabi/13.2.1/../../../arm-none-eabi/lib/thumb/v7-m/nofp/libc_nano.a(libc_a-nano-vfprintf_i.o)
 .rodata.str1.4
                0x0800b737       0x43 /usr/lib/gcc/arm-none-eabi/13.2.1/../../../arm-none-eabi/lib/thumb/v7-m/nofp/libc_nano.a(libc_a-assert.o)
 .rodata.str1.4
                0x0800b737       0x59 /usr/lib/gcc/arm-none-eabi/13.2.1/../../../arm-none-eabi/lib/thumb/v7-m/nofp/libc_nano.a(libc_a-mprec.o)
 .rodata.str1.4
                0x0800b737       0x12 /usr/lib/gcc/arm-none-eabi/13.2.1/../../../arm-none-eabi/lib/thumb/v7-m/nofp/libc_nano.a(libc_a-locale.o)
 .rodata.str1.4
                0x0800b737       0x13 /usr/lib/gcc/arm-none-eabi/13.2.1/../../../arm-none-eabi/lib/thumb/v7-m/nofp/libc_nano.a(libc_a-nano-vfprintf.o)
 *fill*         0x0800b737        0x1 
 .rodata.AHBPrescTable
                0x0800b738       0x10 cmake/stm32cubemx/CMakeFiles/STM32_Drivers.dir/__/__/Core/Src/system_stm32f1xx.c.obj
                0x0800b738                AHBPrescTable
 .rodata.APBPrescTable
                0x0800b748        0x8 cmake/stm32cubemx/CMakeFiles/STM32_Drivers.dir/__/__/Core/Src/system_stm32f1xx.c.obj
                0x0800b748                APBPrescTable
 .rodata.aPLLMULFactorTable.1
                0x0800b750       0x10 cmake/stm32cubemx/CMakeFiles/STM32_Drivers.dir/__/__/Drivers/STM32F1xx_HAL_Driver/Src/stm32f1xx_hal_rcc.c.obj
 .rodata.aPredivFactorTable.0
                0x0800b760        0x2 cmake/stm32cubemx/CMakeFiles/STM32_Drivers.dir/__/__/Drivers/STM32F1xx_HAL_Driver/Src/stm32f1xx_hal_rcc.c.obj
                0x0800b764                        . = ALIGN (0x4)
 *fill*         0x0800b762        0x2 

.ARM.extab      0x0800b764        0x0
                0x0800b764                        . = ALIGN (0x4)
 *(.ARM.extab* .gnu.linkonce.armextab.*)
                0x0800b764                        . = ALIGN (0x4)

.ARM            0x0800b764        0x8
                0x0800b764                        . = ALIGN (0x4)
                0x0800b764                        __exidx_start = .
 *(.ARM.exidx*)
 .ARM.exidx     0x0800b764        0x8 /usr/lib/gcc/arm-none-eabi/13.2.1/../../../arm-none-eabi/lib/thumb/v7-m/nofp/libc_nano.a(libc_a-memcpy.o)
                0x0800b76c                        __exidx_end = .
                0x0800b76c                        . = ALIGN (0x4)

.preinit_array  0x0800b76c        0x0
                0x0800b76c                        . = ALIGN (0x4)
                0x0800b76c                        PROVIDE (__preinit_array_start = .)
 *(.preinit_array*)
                0x0800b76c                        PROVIDE (__preinit_array_end = .)
                0x0800b76c                        . = ALIGN (0x4)

.init_array     0x0800b76c        0x4
                0x0800b76c                        . = ALIGN (0x4)
                0x0800b76c                        PROVIDE (__init_array_start = .)
 *(SORT_BY_NAME(.init_array.*))
 *(.init_array*)
 .init_array    0x0800b76c        0x4 /usr/lib/gcc/arm-none-eabi/13.2.1/thumb/v7-m/nofp/crtbegin.o
                0x0800b770                        PROVIDE (__init_array_end = .)
                0x0800b770                        . = ALIGN (0x4)

.fini_array     0x0800b770        0x4
                0x0800b770                        . = ALIGN (0x4)
                0x0800b770                        PROVIDE (__fini_array_start = .)
 *(SORT_BY_NAME(.fini_array.*))
 *(.fini_array*)
 .fini_array    0x0800b770        0x4 /usr/lib/gcc/arm-none-eabi/13.2.1/thumb/v7-m/nofp/crtbegin.o
                0x0800b774                        PROVIDE (__fini_array_end = .)
                0x0800b774                        . = ALIGN (0x4)
                0x0800b774                        _sidata = LOADADDR (.data)

.rel.dyn        0x0800b774        0x0
 .rel.iplt      0x0800b774        0x0 /usr/lib/gcc/arm-none-eabi/13.2.1/thumb/v7-m/nofp/crtbegin.o

.data           0x20000000      0x5e4 load address 0x0800b774
                0x20000000                        . = ALIGN (0x4)
                0x20000000                        _sdata = .
 *(.data)
 .data          0x20000000       0x50 /usr/lib/gcc/arm-none-eabi/13.2.1/../../../arm-none-eabi/lib/thumb/v7-m/nofp/libc_nano.a(libc_a-impure.o)
                0x20000000                _impure_ptr
                0x20000004                _impure_data
 .data          0x20000050        0xc /usr/lib/gcc/arm-none-eabi/13.2.1/../../../arm-none-eabi/lib/thumb/v7-m/nofp/libc_nano.a(libc_a-findfp.o)
                0x20000050                __sglue
 .data          0x2000005c      0x16c /usr/lib/gcc/arm-none-eabi/13.2.1/../../../arm-none-eabi/lib/thumb/v7-m/nofp/libc_nano.a(libc_a-locale.o)
                0x2000005c                __global_locale
 *(.data*)
 .data.voltage_limit
                0x200001c8        0x4 CMakeFiles/c8t6_cmake.dir/BSP/FOC/foc_base.c.obj
                0x200001c8                voltage_limit
 .data.voltage_power_supply
                0x200001cc        0x4 CMakeFiles/c8t6_cmake.dir/BSP/FOC/foc_base.c.obj
                0x200001cc                voltage_power_supply
 .data.sine_array
                0x200001d0      0x320 CMakeFiles/c8t6_cmake.dir/BSP/FOC/foc_base.c.obj
                0x200001d0                sine_array
 .data.trap_120_map.1
                0x200004f0       0x48 CMakeFiles/c8t6_cmake.dir/BSP/FOC/BLDCMotor.c.obj
 .data.trap_150_map.0
                0x20000538       0x90 CMakeFiles/c8t6_cmake.dir/BSP/FOC/BLDCMotor.c.obj
 .data.FOCdriver3PWM_functions
                0x200005c8       0x10 CMakeFiles/c8t6_cmake.dir/BSP/FOC/BLDCDriver/BLDCDriver.c.obj
 .data.SystemCoreClock
                0x200005d8        0x4 cmake/stm32cubemx/CMakeFiles/STM32_Drivers.dir/__/__/Core/Src/system_stm32f1xx.c.obj
                0x200005d8                SystemCoreClock
 .data.uwTickPrio
                0x200005dc        0x4 cmake/stm32cubemx/CMakeFiles/STM32_Drivers.dir/__/__/Drivers/STM32F1xx_HAL_Driver/Src/stm32f1xx_hal.c.obj
                0x200005dc                uwTickPrio
 .data.uwTickFreq
                0x200005e0        0x1 cmake/stm32cubemx/CMakeFiles/STM32_Drivers.dir/__/__/Drivers/STM32F1xx_HAL_Driver/Src/stm32f1xx_hal.c.obj
                0x200005e0                uwTickFreq
 *(.RamFunc)
 *(.RamFunc*)
                0x200005e4                        . = ALIGN (0x4)
 *fill*         0x200005e1        0x3 
                0x200005e4                        _edata = .

.tm_clone_table
                0x200005e4        0x0 load address 0x0800bd58
 .tm_clone_table
                0x200005e4        0x0 /usr/lib/gcc/arm-none-eabi/13.2.1/thumb/v7-m/nofp/crtbegin.o
 .tm_clone_table
                0x200005e4        0x0 /usr/lib/gcc/arm-none-eabi/13.2.1/thumb/v7-m/nofp/crtend.o

.igot.plt       0x200005e4        0x0 load address 0x0800bd58
 .igot.plt      0x200005e4        0x0 /usr/lib/gcc/arm-none-eabi/13.2.1/thumb/v7-m/nofp/crtbegin.o
                0x200005e4                        . = ALIGN (0x4)

.bss            0x200005e4      0x2a4 load address 0x0800bd58
                0x200005e4                        _sbss = .
                0x200005e4                        __bss_start__ = _sbss
 *(.bss)
 .bss           0x200005e4       0x1c /usr/lib/gcc/arm-none-eabi/13.2.1/thumb/v7-m/nofp/crtbegin.o
 .bss           0x20000600      0x13c /usr/lib/gcc/arm-none-eabi/13.2.1/../../../arm-none-eabi/lib/thumb/v7-m/nofp/libc_nano.a(libc_a-findfp.o)
                0x20000600                __sf
                0x20000738                __stdio_exit_handler
 .bss           0x2000073c        0x8 /usr/lib/gcc/arm-none-eabi/13.2.1/../../../arm-none-eabi/lib/thumb/v7-m/nofp/libc_nano.a(libc_a-mallocr.o)
                0x2000073c                __malloc_sbrk_start
                0x20000740                __malloc_free_list
 .bss           0x20000744        0x4 /usr/lib/gcc/arm-none-eabi/13.2.1/../../../arm-none-eabi/lib/thumb/v7-m/nofp/libc_nano.a(libc_a-reent.o)
                0x20000744                errno
 *(.bss*)
 .bss.hi2c2     0x20000748       0x54 CMakeFiles/c8t6_cmake.dir/Core/Src/i2c.c.obj
                0x20000748                hi2c2
 .bss.htim1     0x2000079c       0x48 CMakeFiles/c8t6_cmake.dir/Core/Src/tim.c.obj
                0x2000079c                htim1
 .bss.htim4     0x200007e4       0x48 CMakeFiles/c8t6_cmake.dir/Core/Src/tim.c.obj
                0x200007e4                htim4
 .bss.huart1    0x2000082c       0x48 CMakeFiles/c8t6_cmake.dir/Core/Src/usart.c.obj
                0x2000082c                huart1
 .bss.__sbrk_heap_end
                0x20000874        0x4 CMakeFiles/c8t6_cmake.dir/Core/Src/sysmem.c.obj
 .bss.pwmA      0x20000878        0x4 CMakeFiles/c8t6_cmake.dir/BSP/FOC/foc_base.c.obj
                0x20000878                pwmA
 .bss.pwmB      0x2000087c        0x4 CMakeFiles/c8t6_cmake.dir/BSP/FOC/foc_base.c.obj
                0x2000087c                pwmB
 .bss.pwmC      0x20000880        0x4 CMakeFiles/c8t6_cmake.dir/BSP/FOC/foc_base.c.obj
                0x20000880                pwmC
 .bss.uwTick    0x20000884        0x4 cmake/stm32cubemx/CMakeFiles/STM32_Drivers.dir/__/__/Drivers/STM32F1xx_HAL_Driver/Src/stm32f1xx_hal.c.obj
                0x20000884                uwTick
 *(COMMON)
                0x20000888                        . = ALIGN (0x4)
                0x20000888                        _ebss = .
                0x20000888                        __bss_end__ = _ebss

._user_heap_stack
                0x20000888      0x600 load address 0x0800bd58
                0x20000888                        . = ALIGN (0x8)
                [!provide]                        PROVIDE (end = .)
                0x20000888                        PROVIDE (_end = .)
                0x20000a88                        . = (. + _Min_Heap_Size)
 *fill*         0x20000888      0x200 
                0x20000e88                        . = (. + _Min_Stack_Size)
 *fill*         0x20000a88      0x400 
                0x20000e88                        . = ALIGN (0x8)

/DISCARD/
 libc.a(*)
 libm.a(*)
 libgcc.a(*)
OUTPUT(c8t6_cmake.elf elf32-littlearm)
LOAD linker stubs
LOAD /usr/lib/gcc/arm-none-eabi/13.2.1/../../../arm-none-eabi/lib/thumb/v7-m/nofp/libc.a
LOAD /usr/lib/gcc/arm-none-eabi/13.2.1/../../../arm-none-eabi/lib/thumb/v7-m/nofp/libm.a
LOAD /usr/lib/gcc/arm-none-eabi/13.2.1/thumb/v7-m/nofp/libgcc.a

.ARM.attributes
                0x00000000       0x29
 .ARM.attributes
                0x00000000       0x1d /usr/lib/gcc/arm-none-eabi/13.2.1/thumb/v7-m/nofp/crti.o
 .ARM.attributes
                0x0000001d       0x2d /usr/lib/gcc/arm-none-eabi/13.2.1/thumb/v7-m/nofp/crtbegin.o
 .ARM.attributes
                0x0000004a       0x2d /usr/lib/gcc/arm-none-eabi/13.2.1/../../../arm-none-eabi/lib/thumb/v7-m/nofp/libc_nano.a(libc_a-init.o)
 .ARM.attributes
                0x00000077       0x2d /usr/lib/gcc/arm-none-eabi/13.2.1/../../../arm-none-eabi/lib/thumb/v7-m/nofp/libc_nano.a(libc_a-memset.o)
 .ARM.attributes
                0x000000a4       0x2d /usr/lib/gcc/arm-none-eabi/13.2.1/../../../arm-none-eabi/lib/thumb/v7-m/nofp/libc_nano.a(libc_a-nano-vfprintf_float.o)
 .ARM.attributes
                0x000000d1       0x2d /usr/lib/gcc/arm-none-eabi/13.2.1/../../../arm-none-eabi/lib/thumb/v7-m/nofp/libc_nano.a(libc_a-dtoa.o)
 .ARM.attributes
                0x000000fe       0x1b /usr/lib/gcc/arm-none-eabi/13.2.1/../../../arm-none-eabi/lib/thumb/v7-m/nofp/libc_nano.a(libc_a-memcpy.o)
 .ARM.attributes
                0x00000119       0x2d /usr/lib/gcc/arm-none-eabi/13.2.1/../../../arm-none-eabi/lib/thumb/v7-m/nofp/libc_nano.a(libc_a-malloc.o)
 .ARM.attributes
                0x00000146       0x2d /usr/lib/gcc/arm-none-eabi/13.2.1/../../../arm-none-eabi/lib/thumb/v7-m/nofp/libc_nano.a(libc_a-nano-vfprintf_i.o)
 .ARM.attributes
                0x00000173       0x2d /usr/lib/gcc/arm-none-eabi/13.2.1/../../../arm-none-eabi/lib/thumb/v7-m/nofp/libc_nano.a(libc_a-memchr-stub.o)
 .ARM.attributes
                0x000001a0       0x2d /usr/lib/gcc/arm-none-eabi/13.2.1/../../../arm-none-eabi/lib/thumb/v7-m/nofp/libc_nano.a(libc_a-assert.o)
 .ARM.attributes
                0x000001cd       0x2d /usr/lib/gcc/arm-none-eabi/13.2.1/../../../arm-none-eabi/lib/thumb/v7-m/nofp/libc_nano.a(libc_a-mprec.o)
 .ARM.attributes
                0x000001fa       0x2d /usr/lib/gcc/arm-none-eabi/13.2.1/../../../arm-none-eabi/lib/thumb/v7-m/nofp/libc_nano.a(libc_a-strlen-stub.o)
 .ARM.attributes
                0x00000227       0x2d /usr/lib/gcc/arm-none-eabi/13.2.1/../../../arm-none-eabi/lib/thumb/v7-m/nofp/libc_nano.a(libc_a-impure.o)
 .ARM.attributes
                0x00000254       0x2d /usr/lib/gcc/arm-none-eabi/13.2.1/../../../arm-none-eabi/lib/thumb/v7-m/nofp/libc_nano.a(libc_a-localeconv.o)
 .ARM.attributes
                0x00000281       0x2d /usr/lib/gcc/arm-none-eabi/13.2.1/../../../arm-none-eabi/lib/thumb/v7-m/nofp/libc_nano.a(libc_a-findfp.o)
 .ARM.attributes
                0x000002ae       0x2d /usr/lib/gcc/arm-none-eabi/13.2.1/../../../arm-none-eabi/lib/thumb/v7-m/nofp/libc_nano.a(libc_a-abort.o)
 .ARM.attributes
                0x000002db       0x2d /usr/lib/gcc/arm-none-eabi/13.2.1/../../../arm-none-eabi/lib/thumb/v7-m/nofp/libc_nano.a(libc_a-fflush.o)
 .ARM.attributes
                0x00000308       0x2d /usr/lib/gcc/arm-none-eabi/13.2.1/../../../arm-none-eabi/lib/thumb/v7-m/nofp/libc_nano.a(libc_a-callocr.o)
 .ARM.attributes
                0x00000335       0x2d /usr/lib/gcc/arm-none-eabi/13.2.1/../../../arm-none-eabi/lib/thumb/v7-m/nofp/libc_nano.a(libc_a-locale.o)
 .ARM.attributes
                0x00000362       0x2d /usr/lib/gcc/arm-none-eabi/13.2.1/../../../arm-none-eabi/lib/thumb/v7-m/nofp/libc_nano.a(libc_a-mallocr.o)
 .ARM.attributes
                0x0000038f       0x2d /usr/lib/gcc/arm-none-eabi/13.2.1/../../../arm-none-eabi/lib/thumb/v7-m/nofp/libc_nano.a(libc_a-freer.o)
 .ARM.attributes
                0x000003bc       0x2d /usr/lib/gcc/arm-none-eabi/13.2.1/../../../arm-none-eabi/lib/thumb/v7-m/nofp/libc_nano.a(libc_a-fwalk.o)
 .ARM.attributes
                0x000003e9       0x2d /usr/lib/gcc/arm-none-eabi/13.2.1/../../../arm-none-eabi/lib/thumb/v7-m/nofp/libc_nano.a(libc_a-wctomb_r.o)
 .ARM.attributes
                0x00000416       0x2d /usr/lib/gcc/arm-none-eabi/13.2.1/../../../arm-none-eabi/lib/thumb/v7-m/nofp/libc_nano.a(libc_a-fprintf.o)
 .ARM.attributes
                0x00000443       0x2d /usr/lib/gcc/arm-none-eabi/13.2.1/../../../arm-none-eabi/lib/thumb/v7-m/nofp/libc_nano.a(libc_a-mlock.o)
 .ARM.attributes
                0x00000470       0x2d /usr/lib/gcc/arm-none-eabi/13.2.1/../../../arm-none-eabi/lib/thumb/v7-m/nofp/libc_nano.a(libc_a-ctype_.o)
 .ARM.attributes
                0x0000049d       0x2d /usr/lib/gcc/arm-none-eabi/13.2.1/../../../arm-none-eabi/lib/thumb/v7-m/nofp/libc_nano.a(libc_a-nano-vfprintf.o)
 .ARM.attributes
                0x000004ca       0x2d /usr/lib/gcc/arm-none-eabi/13.2.1/../../../arm-none-eabi/lib/thumb/v7-m/nofp/libc_nano.a(libc_a-wbuf.o)
 .ARM.attributes
                0x000004f7       0x2d /usr/lib/gcc/arm-none-eabi/13.2.1/../../../arm-none-eabi/lib/thumb/v7-m/nofp/libc_nano.a(libc_a-sbrkr.o)
 .ARM.attributes
                0x00000524       0x2d /usr/lib/gcc/arm-none-eabi/13.2.1/../../../arm-none-eabi/lib/thumb/v7-m/nofp/libc_nano.a(libc_a-stdio.o)
 .ARM.attributes
                0x00000551       0x2d /usr/lib/gcc/arm-none-eabi/13.2.1/../../../arm-none-eabi/lib/thumb/v7-m/nofp/libc_nano.a(libc_a-fvwrite.o)
 .ARM.attributes
                0x0000057e       0x2d /usr/lib/gcc/arm-none-eabi/13.2.1/../../../arm-none-eabi/lib/thumb/v7-m/nofp/libc_nano.a(libc_a-mbtowc_r.o)
 .ARM.attributes
                0x000005ab       0x2d /usr/lib/gcc/arm-none-eabi/13.2.1/../../../arm-none-eabi/lib/thumb/v7-m/nofp/libc_nano.a(libc_a-signal.o)
 .ARM.attributes
                0x000005d8       0x2d /usr/lib/gcc/arm-none-eabi/13.2.1/../../../arm-none-eabi/lib/thumb/v7-m/nofp/libc_nano.a(libc_a-closer.o)
 .ARM.attributes
                0x00000605       0x2d /usr/lib/gcc/arm-none-eabi/13.2.1/../../../arm-none-eabi/lib/thumb/v7-m/nofp/libc_nano.a(libc_a-memmove.o)
 .ARM.attributes
                0x00000632       0x2d /usr/lib/gcc/arm-none-eabi/13.2.1/../../../arm-none-eabi/lib/thumb/v7-m/nofp/libc_nano.a(libc_a-wsetup.o)
 .ARM.attributes
                0x0000065f       0x2d /usr/lib/gcc/arm-none-eabi/13.2.1/../../../arm-none-eabi/lib/thumb/v7-m/nofp/libc_nano.a(libc_a-readr.o)
 .ARM.attributes
                0x0000068c       0x2d /usr/lib/gcc/arm-none-eabi/13.2.1/../../../arm-none-eabi/lib/thumb/v7-m/nofp/libc_nano.a(libc_a-reent.o)
 .ARM.attributes
                0x000006b9       0x2d /usr/lib/gcc/arm-none-eabi/13.2.1/../../../arm-none-eabi/lib/thumb/v7-m/nofp/libc_nano.a(libc_a-reallocr.o)
 .ARM.attributes
                0x000006e6       0x2d /usr/lib/gcc/arm-none-eabi/13.2.1/../../../arm-none-eabi/lib/thumb/v7-m/nofp/libc_nano.a(libc_a-makebuf.o)
 .ARM.attributes
                0x00000713       0x2d /usr/lib/gcc/arm-none-eabi/13.2.1/../../../arm-none-eabi/lib/thumb/v7-m/nofp/libc_nano.a(libc_a-lseekr.o)
 .ARM.attributes
                0x00000740       0x2d /usr/lib/gcc/arm-none-eabi/13.2.1/../../../arm-none-eabi/lib/thumb/v7-m/nofp/libc_nano.a(libc_a-writer.o)
 .ARM.attributes
                0x0000076d       0x2d /usr/lib/gcc/arm-none-eabi/13.2.1/../../../arm-none-eabi/lib/thumb/v7-m/nofp/libc_nano.a(libc_a-isattyr.o)
 .ARM.attributes
                0x0000079a       0x2d /usr/lib/gcc/arm-none-eabi/13.2.1/../../../arm-none-eabi/lib/thumb/v7-m/nofp/libc_nano.a(libc_a-msizer.o)
 .ARM.attributes
                0x000007c7       0x2d /usr/lib/gcc/arm-none-eabi/13.2.1/../../../arm-none-eabi/lib/thumb/v7-m/nofp/libc_nano.a(libc_a-signalr.o)
 .ARM.attributes
                0x000007f4       0x2d /usr/lib/gcc/arm-none-eabi/13.2.1/../../../arm-none-eabi/lib/thumb/v7-m/nofp/libc_nano.a(libc_a-fstatr.o)
 .ARM.attributes
                0x00000821       0x2d CMakeFiles/c8t6_cmake.dir/Core/Src/main.c.obj
 .ARM.attributes
                0x0000084e       0x2d CMakeFiles/c8t6_cmake.dir/Core/Src/gpio.c.obj
 .ARM.attributes
                0x0000087b       0x2d CMakeFiles/c8t6_cmake.dir/Core/Src/i2c.c.obj
 .ARM.attributes
                0x000008a8       0x2d CMakeFiles/c8t6_cmake.dir/Core/Src/tim.c.obj
 .ARM.attributes
                0x000008d5       0x2d CMakeFiles/c8t6_cmake.dir/Core/Src/usart.c.obj
 .ARM.attributes
                0x00000902       0x2d CMakeFiles/c8t6_cmake.dir/Core/Src/stm32f1xx_it.c.obj
 .ARM.attributes
                0x0000092f       0x2d CMakeFiles/c8t6_cmake.dir/Core/Src/stm32f1xx_hal_msp.c.obj
 .ARM.attributes
                0x0000095c       0x2d CMakeFiles/c8t6_cmake.dir/Core/Src/sysmem.c.obj
 .ARM.attributes
                0x00000989       0x2d CMakeFiles/c8t6_cmake.dir/Core/Src/syscalls.c.obj
 .ARM.attributes
                0x000009b6       0x21 CMakeFiles/c8t6_cmake.dir/startup_stm32f103xb.s.obj
 .ARM.attributes
                0x000009d7       0x2d CMakeFiles/c8t6_cmake.dir/BSP/mymain.c.obj
 .ARM.attributes
                0x00000a04       0x2d CMakeFiles/c8t6_cmake.dir/BSP/usart/usart_mx.c.obj
 .ARM.attributes
                0x00000a31       0x2d CMakeFiles/c8t6_cmake.dir/BSP/test/test.c.obj
 .ARM.attributes
                0x00000a5e       0x2d CMakeFiles/c8t6_cmake.dir/BSP/FOC/foc_base.c.obj
 .ARM.attributes
                0x00000a8b       0x2d CMakeFiles/c8t6_cmake.dir/BSP/FOC/foc_motor.c.obj
 .ARM.attributes
                0x00000ab8       0x2d CMakeFiles/c8t6_cmake.dir/BSP/FOC/BLDCMotor.c.obj
 .ARM.attributes
                0x00000ae5       0x2d CMakeFiles/c8t6_cmake.dir/BSP/FOC/lowpass_filter.c.obj
 .ARM.attributes
                0x00000b12       0x2d CMakeFiles/c8t6_cmake.dir/BSP/FOC/BLDCDriver/BLDCDriver.c.obj
 .ARM.attributes
                0x00000b3f       0x2d CMakeFiles/c8t6_cmake.dir/BSP/FOC/pid/pid.c.obj
 .ARM.attributes
                0x00000b6c       0x2d CMakeFiles/c8t6_cmake.dir/BSP/FOC/encoder/encoder_as5600.c.obj
 .ARM.attributes
                0x00000b99       0x2d cmake/stm32cubemx/CMakeFiles/STM32_Drivers.dir/__/__/Core/Src/system_stm32f1xx.c.obj
 .ARM.attributes
                0x00000bc6       0x2d cmake/stm32cubemx/CMakeFiles/STM32_Drivers.dir/__/__/Drivers/STM32F1xx_HAL_Driver/Src/stm32f1xx_hal_i2c.c.obj
 .ARM.attributes
                0x00000bf3       0x2d cmake/stm32cubemx/CMakeFiles/STM32_Drivers.dir/__/__/Drivers/STM32F1xx_HAL_Driver/Src/stm32f1xx_hal.c.obj
 .ARM.attributes
                0x00000c20       0x2d cmake/stm32cubemx/CMakeFiles/STM32_Drivers.dir/__/__/Drivers/STM32F1xx_HAL_Driver/Src/stm32f1xx_hal_rcc.c.obj
 .ARM.attributes
                0x00000c4d       0x2d cmake/stm32cubemx/CMakeFiles/STM32_Drivers.dir/__/__/Drivers/STM32F1xx_HAL_Driver/Src/stm32f1xx_hal_gpio.c.obj
 .ARM.attributes
                0x00000c7a       0x2d cmake/stm32cubemx/CMakeFiles/STM32_Drivers.dir/__/__/Drivers/STM32F1xx_HAL_Driver/Src/stm32f1xx_hal_cortex.c.obj
 .ARM.attributes
                0x00000ca7       0x2d cmake/stm32cubemx/CMakeFiles/STM32_Drivers.dir/__/__/Drivers/STM32F1xx_HAL_Driver/Src/stm32f1xx_hal_tim.c.obj
 .ARM.attributes
                0x00000cd4       0x2d cmake/stm32cubemx/CMakeFiles/STM32_Drivers.dir/__/__/Drivers/STM32F1xx_HAL_Driver/Src/stm32f1xx_hal_tim_ex.c.obj
 .ARM.attributes
                0x00000d01       0x2d cmake/stm32cubemx/CMakeFiles/STM32_Drivers.dir/__/__/Drivers/STM32F1xx_HAL_Driver/Src/stm32f1xx_hal_uart.c.obj
 .ARM.attributes
                0x00000d2e       0x1d /usr/lib/gcc/arm-none-eabi/13.2.1/thumb/v7-m/nofp/libgcc.a(_arm_addsubdf3.o)
 .ARM.attributes
                0x00000d4b       0x1d /usr/lib/gcc/arm-none-eabi/13.2.1/thumb/v7-m/nofp/libgcc.a(_arm_muldivdf3.o)
 .ARM.attributes
                0x00000d68       0x1d /usr/lib/gcc/arm-none-eabi/13.2.1/thumb/v7-m/nofp/libgcc.a(_arm_cmpdf2.o)
 .ARM.attributes
                0x00000d85       0x1d /usr/lib/gcc/arm-none-eabi/13.2.1/thumb/v7-m/nofp/libgcc.a(_arm_unorddf2.o)
 .ARM.attributes
                0x00000da2       0x1d /usr/lib/gcc/arm-none-eabi/13.2.1/thumb/v7-m/nofp/libgcc.a(_arm_fixdfsi.o)
 .ARM.attributes
                0x00000dbf       0x1d /usr/lib/gcc/arm-none-eabi/13.2.1/thumb/v7-m/nofp/libgcc.a(_arm_truncdfsf2.o)
 .ARM.attributes
                0x00000ddc       0x1d /usr/lib/gcc/arm-none-eabi/13.2.1/thumb/v7-m/nofp/libgcc.a(_arm_addsubsf3.o)
 .ARM.attributes
                0x00000df9       0x1d /usr/lib/gcc/arm-none-eabi/13.2.1/thumb/v7-m/nofp/libgcc.a(_arm_muldivsf3.o)
 .ARM.attributes
                0x00000e16       0x1d /usr/lib/gcc/arm-none-eabi/13.2.1/thumb/v7-m/nofp/libgcc.a(_arm_cmpsf2.o)
 .ARM.attributes
                0x00000e33       0x1d /usr/lib/gcc/arm-none-eabi/13.2.1/thumb/v7-m/nofp/libgcc.a(_arm_fixsfsi.o)
 .ARM.attributes
                0x00000e50       0x1d /usr/lib/gcc/arm-none-eabi/13.2.1/thumb/v7-m/nofp/libgcc.a(_arm_fixunssfsi.o)
 .ARM.attributes
                0x00000e6d       0x2d /usr/lib/gcc/arm-none-eabi/13.2.1/../../../arm-none-eabi/lib/thumb/v7-m/nofp/libg_nano.a(libc_a-puts.o)
 .ARM.attributes
                0x00000e9a       0x2d /usr/lib/gcc/arm-none-eabi/13.2.1/../../../arm-none-eabi/lib/thumb/v7-m/nofp/libg_nano.a(libc_a-errno.o)
 .ARM.attributes
                0x00000ec7       0x2d /usr/lib/gcc/arm-none-eabi/13.2.1/../../../arm-none-eabi/lib/thumb/v7-m/nofp/libg_nano.a(libc_a-printf.o)
 .ARM.attributes
                0x00000ef4       0x2d /usr/lib/gcc/arm-none-eabi/13.2.1/thumb/v7-m/nofp/crtend.o
 .ARM.attributes
                0x00000f21       0x1d /usr/lib/gcc/arm-none-eabi/13.2.1/thumb/v7-m/nofp/crtn.o

.comment        0x00000000       0x26
 .comment       0x00000000       0x26 /usr/lib/gcc/arm-none-eabi/13.2.1/thumb/v7-m/nofp/crtbegin.o
                                 0x27 (size before relaxing)
 .comment       0x00000026       0x27 /usr/lib/gcc/arm-none-eabi/13.2.1/../../../arm-none-eabi/lib/thumb/v7-m/nofp/libc_nano.a(libc_a-init.o)
 .comment       0x00000026       0x27 /usr/lib/gcc/arm-none-eabi/13.2.1/../../../arm-none-eabi/lib/thumb/v7-m/nofp/libc_nano.a(libc_a-memset.o)
 .comment       0x00000026       0x27 /usr/lib/gcc/arm-none-eabi/13.2.1/../../../arm-none-eabi/lib/thumb/v7-m/nofp/libc_nano.a(libc_a-nano-vfprintf_float.o)
 .comment       0x00000026       0x27 /usr/lib/gcc/arm-none-eabi/13.2.1/../../../arm-none-eabi/lib/thumb/v7-m/nofp/libc_nano.a(libc_a-dtoa.o)
 .comment       0x00000026       0x27 /usr/lib/gcc/arm-none-eabi/13.2.1/../../../arm-none-eabi/lib/thumb/v7-m/nofp/libc_nano.a(libc_a-malloc.o)
 .comment       0x00000026       0x27 /usr/lib/gcc/arm-none-eabi/13.2.1/../../../arm-none-eabi/lib/thumb/v7-m/nofp/libc_nano.a(libc_a-nano-vfprintf_i.o)
 .comment       0x00000026       0x27 /usr/lib/gcc/arm-none-eabi/13.2.1/../../../arm-none-eabi/lib/thumb/v7-m/nofp/libc_nano.a(libc_a-memchr-stub.o)
 .comment       0x00000026       0x27 /usr/lib/gcc/arm-none-eabi/13.2.1/../../../arm-none-eabi/lib/thumb/v7-m/nofp/libc_nano.a(libc_a-assert.o)
 .comment       0x00000026       0x27 /usr/lib/gcc/arm-none-eabi/13.2.1/../../../arm-none-eabi/lib/thumb/v7-m/nofp/libc_nano.a(libc_a-mprec.o)
 .comment       0x00000026       0x27 /usr/lib/gcc/arm-none-eabi/13.2.1/../../../arm-none-eabi/lib/thumb/v7-m/nofp/libc_nano.a(libc_a-strlen-stub.o)
 .comment       0x00000026       0x27 /usr/lib/gcc/arm-none-eabi/13.2.1/../../../arm-none-eabi/lib/thumb/v7-m/nofp/libc_nano.a(libc_a-impure.o)
 .comment       0x00000026       0x27 /usr/lib/gcc/arm-none-eabi/13.2.1/../../../arm-none-eabi/lib/thumb/v7-m/nofp/libc_nano.a(libc_a-localeconv.o)
 .comment       0x00000026       0x27 /usr/lib/gcc/arm-none-eabi/13.2.1/../../../arm-none-eabi/lib/thumb/v7-m/nofp/libc_nano.a(libc_a-findfp.o)
 .comment       0x00000026       0x27 /usr/lib/gcc/arm-none-eabi/13.2.1/../../../arm-none-eabi/lib/thumb/v7-m/nofp/libc_nano.a(libc_a-abort.o)
 .comment       0x00000026       0x27 /usr/lib/gcc/arm-none-eabi/13.2.1/../../../arm-none-eabi/lib/thumb/v7-m/nofp/libc_nano.a(libc_a-fflush.o)
 .comment       0x00000026       0x27 /usr/lib/gcc/arm-none-eabi/13.2.1/../../../arm-none-eabi/lib/thumb/v7-m/nofp/libc_nano.a(libc_a-callocr.o)
 .comment       0x00000026       0x27 /usr/lib/gcc/arm-none-eabi/13.2.1/../../../arm-none-eabi/lib/thumb/v7-m/nofp/libc_nano.a(libc_a-locale.o)
 .comment       0x00000026       0x27 /usr/lib/gcc/arm-none-eabi/13.2.1/../../../arm-none-eabi/lib/thumb/v7-m/nofp/libc_nano.a(libc_a-mallocr.o)
 .comment       0x00000026       0x27 /usr/lib/gcc/arm-none-eabi/13.2.1/../../../arm-none-eabi/lib/thumb/v7-m/nofp/libc_nano.a(libc_a-freer.o)
 .comment       0x00000026       0x27 /usr/lib/gcc/arm-none-eabi/13.2.1/../../../arm-none-eabi/lib/thumb/v7-m/nofp/libc_nano.a(libc_a-fwalk.o)
 .comment       0x00000026       0x27 /usr/lib/gcc/arm-none-eabi/13.2.1/../../../arm-none-eabi/lib/thumb/v7-m/nofp/libc_nano.a(libc_a-wctomb_r.o)
 .comment       0x00000026       0x27 /usr/lib/gcc/arm-none-eabi/13.2.1/../../../arm-none-eabi/lib/thumb/v7-m/nofp/libc_nano.a(libc_a-fprintf.o)
 .comment       0x00000026       0x27 /usr/lib/gcc/arm-none-eabi/13.2.1/../../../arm-none-eabi/lib/thumb/v7-m/nofp/libc_nano.a(libc_a-mlock.o)
 .comment       0x00000026       0x27 /usr/lib/gcc/arm-none-eabi/13.2.1/../../../arm-none-eabi/lib/thumb/v7-m/nofp/libc_nano.a(libc_a-ctype_.o)
 .comment       0x00000026       0x27 /usr/lib/gcc/arm-none-eabi/13.2.1/../../../arm-none-eabi/lib/thumb/v7-m/nofp/libc_nano.a(libc_a-nano-vfprintf.o)
 .comment       0x00000026       0x27 /usr/lib/gcc/arm-none-eabi/13.2.1/../../../arm-none-eabi/lib/thumb/v7-m/nofp/libc_nano.a(libc_a-wbuf.o)
 .comment       0x00000026       0x27 /usr/lib/gcc/arm-none-eabi/13.2.1/../../../arm-none-eabi/lib/thumb/v7-m/nofp/libc_nano.a(libc_a-sbrkr.o)
 .comment       0x00000026       0x27 /usr/lib/gcc/arm-none-eabi/13.2.1/../../../arm-none-eabi/lib/thumb/v7-m/nofp/libc_nano.a(libc_a-stdio.o)
 .comment       0x00000026       0x27 /usr/lib/gcc/arm-none-eabi/13.2.1/../../../arm-none-eabi/lib/thumb/v7-m/nofp/libc_nano.a(libc_a-fvwrite.o)
 .comment       0x00000026       0x27 /usr/lib/gcc/arm-none-eabi/13.2.1/../../../arm-none-eabi/lib/thumb/v7-m/nofp/libc_nano.a(libc_a-mbtowc_r.o)
 .comment       0x00000026       0x27 /usr/lib/gcc/arm-none-eabi/13.2.1/../../../arm-none-eabi/lib/thumb/v7-m/nofp/libc_nano.a(libc_a-signal.o)
 .comment       0x00000026       0x27 /usr/lib/gcc/arm-none-eabi/13.2.1/../../../arm-none-eabi/lib/thumb/v7-m/nofp/libc_nano.a(libc_a-closer.o)
 .comment       0x00000026       0x27 /usr/lib/gcc/arm-none-eabi/13.2.1/../../../arm-none-eabi/lib/thumb/v7-m/nofp/libc_nano.a(libc_a-memmove.o)
 .comment       0x00000026       0x27 /usr/lib/gcc/arm-none-eabi/13.2.1/../../../arm-none-eabi/lib/thumb/v7-m/nofp/libc_nano.a(libc_a-wsetup.o)
 .comment       0x00000026       0x27 /usr/lib/gcc/arm-none-eabi/13.2.1/../../../arm-none-eabi/lib/thumb/v7-m/nofp/libc_nano.a(libc_a-readr.o)
 .comment       0x00000026       0x27 /usr/lib/gcc/arm-none-eabi/13.2.1/../../../arm-none-eabi/lib/thumb/v7-m/nofp/libc_nano.a(libc_a-reent.o)
 .comment       0x00000026       0x27 /usr/lib/gcc/arm-none-eabi/13.2.1/../../../arm-none-eabi/lib/thumb/v7-m/nofp/libc_nano.a(libc_a-reallocr.o)
 .comment       0x00000026       0x27 /usr/lib/gcc/arm-none-eabi/13.2.1/../../../arm-none-eabi/lib/thumb/v7-m/nofp/libc_nano.a(libc_a-makebuf.o)
 .comment       0x00000026       0x27 /usr/lib/gcc/arm-none-eabi/13.2.1/../../../arm-none-eabi/lib/thumb/v7-m/nofp/libc_nano.a(libc_a-lseekr.o)
 .comment       0x00000026       0x27 /usr/lib/gcc/arm-none-eabi/13.2.1/../../../arm-none-eabi/lib/thumb/v7-m/nofp/libc_nano.a(libc_a-writer.o)
 .comment       0x00000026       0x27 /usr/lib/gcc/arm-none-eabi/13.2.1/../../../arm-none-eabi/lib/thumb/v7-m/nofp/libc_nano.a(libc_a-isattyr.o)
 .comment       0x00000026       0x27 /usr/lib/gcc/arm-none-eabi/13.2.1/../../../arm-none-eabi/lib/thumb/v7-m/nofp/libc_nano.a(libc_a-msizer.o)
 .comment       0x00000026       0x27 /usr/lib/gcc/arm-none-eabi/13.2.1/../../../arm-none-eabi/lib/thumb/v7-m/nofp/libc_nano.a(libc_a-signalr.o)
 .comment       0x00000026       0x27 /usr/lib/gcc/arm-none-eabi/13.2.1/../../../arm-none-eabi/lib/thumb/v7-m/nofp/libc_nano.a(libc_a-fstatr.o)
 .comment       0x00000026       0x27 CMakeFiles/c8t6_cmake.dir/Core/Src/main.c.obj
 .comment       0x00000026       0x27 CMakeFiles/c8t6_cmake.dir/Core/Src/gpio.c.obj
 .comment       0x00000026       0x27 CMakeFiles/c8t6_cmake.dir/Core/Src/i2c.c.obj
 .comment       0x00000026       0x27 CMakeFiles/c8t6_cmake.dir/Core/Src/tim.c.obj
 .comment       0x00000026       0x27 CMakeFiles/c8t6_cmake.dir/Core/Src/usart.c.obj
 .comment       0x00000026       0x27 CMakeFiles/c8t6_cmake.dir/Core/Src/stm32f1xx_it.c.obj
 .comment       0x00000026       0x27 CMakeFiles/c8t6_cmake.dir/Core/Src/stm32f1xx_hal_msp.c.obj
 .comment       0x00000026       0x27 CMakeFiles/c8t6_cmake.dir/Core/Src/sysmem.c.obj
 .comment       0x00000026       0x27 CMakeFiles/c8t6_cmake.dir/Core/Src/syscalls.c.obj
 .comment       0x00000026       0x27 CMakeFiles/c8t6_cmake.dir/BSP/mymain.c.obj
 .comment       0x00000026       0x27 CMakeFiles/c8t6_cmake.dir/BSP/usart/usart_mx.c.obj
 .comment       0x00000026       0x27 CMakeFiles/c8t6_cmake.dir/BSP/test/test.c.obj
 .comment       0x00000026       0x27 CMakeFiles/c8t6_cmake.dir/BSP/FOC/foc_base.c.obj
 .comment       0x00000026       0x27 CMakeFiles/c8t6_cmake.dir/BSP/FOC/foc_motor.c.obj
 .comment       0x00000026       0x27 CMakeFiles/c8t6_cmake.dir/BSP/FOC/BLDCMotor.c.obj
 .comment       0x00000026       0x27 CMakeFiles/c8t6_cmake.dir/BSP/FOC/lowpass_filter.c.obj
 .comment       0x00000026       0x27 CMakeFiles/c8t6_cmake.dir/BSP/FOC/BLDCDriver/BLDCDriver.c.obj
 .comment       0x00000026       0x27 CMakeFiles/c8t6_cmake.dir/BSP/FOC/pid/pid.c.obj
 .comment       0x00000026       0x27 CMakeFiles/c8t6_cmake.dir/BSP/FOC/encoder/encoder_as5600.c.obj
 .comment       0x00000026       0x27 cmake/stm32cubemx/CMakeFiles/STM32_Drivers.dir/__/__/Core/Src/system_stm32f1xx.c.obj
 .comment       0x00000026       0x27 cmake/stm32cubemx/CMakeFiles/STM32_Drivers.dir/__/__/Drivers/STM32F1xx_HAL_Driver/Src/stm32f1xx_hal_i2c.c.obj
 .comment       0x00000026       0x27 cmake/stm32cubemx/CMakeFiles/STM32_Drivers.dir/__/__/Drivers/STM32F1xx_HAL_Driver/Src/stm32f1xx_hal.c.obj
 .comment       0x00000026       0x27 cmake/stm32cubemx/CMakeFiles/STM32_Drivers.dir/__/__/Drivers/STM32F1xx_HAL_Driver/Src/stm32f1xx_hal_rcc.c.obj
 .comment       0x00000026       0x27 cmake/stm32cubemx/CMakeFiles/STM32_Drivers.dir/__/__/Drivers/STM32F1xx_HAL_Driver/Src/stm32f1xx_hal_gpio.c.obj
 .comment       0x00000026       0x27 cmake/stm32cubemx/CMakeFiles/STM32_Drivers.dir/__/__/Drivers/STM32F1xx_HAL_Driver/Src/stm32f1xx_hal_cortex.c.obj
 .comment       0x00000026       0x27 cmake/stm32cubemx/CMakeFiles/STM32_Drivers.dir/__/__/Drivers/STM32F1xx_HAL_Driver/Src/stm32f1xx_hal_tim.c.obj
 .comment       0x00000026       0x27 cmake/stm32cubemx/CMakeFiles/STM32_Drivers.dir/__/__/Drivers/STM32F1xx_HAL_Driver/Src/stm32f1xx_hal_tim_ex.c.obj
 .comment       0x00000026       0x27 cmake/stm32cubemx/CMakeFiles/STM32_Drivers.dir/__/__/Drivers/STM32F1xx_HAL_Driver/Src/stm32f1xx_hal_uart.c.obj
 .comment       0x00000026       0x27 /usr/lib/gcc/arm-none-eabi/13.2.1/../../../arm-none-eabi/lib/thumb/v7-m/nofp/libg_nano.a(libc_a-puts.o)
 .comment       0x00000026       0x27 /usr/lib/gcc/arm-none-eabi/13.2.1/../../../arm-none-eabi/lib/thumb/v7-m/nofp/libg_nano.a(libc_a-errno.o)
 .comment       0x00000026       0x27 /usr/lib/gcc/arm-none-eabi/13.2.1/../../../arm-none-eabi/lib/thumb/v7-m/nofp/libg_nano.a(libc_a-printf.o)
 .comment       0x00000026       0x27 /usr/lib/gcc/arm-none-eabi/13.2.1/thumb/v7-m/nofp/crtend.o

.debug_info     0x00000000    0x2ed8c
 .debug_info    0x00000000      0x10b /usr/lib/gcc/arm-none-eabi/13.2.1/../../../arm-none-eabi/lib/thumb/v7-m/nofp/libc_nano.a(libc_a-init.o)
 .debug_info    0x0000010b      0x135 /usr/lib/gcc/arm-none-eabi/13.2.1/../../../arm-none-eabi/lib/thumb/v7-m/nofp/libc_nano.a(libc_a-memset.o)
 .debug_info    0x00000240     0x13d2 /usr/lib/gcc/arm-none-eabi/13.2.1/../../../arm-none-eabi/lib/thumb/v7-m/nofp/libc_nano.a(libc_a-nano-vfprintf_float.o)
 .debug_info    0x00001612     0x1943 /usr/lib/gcc/arm-none-eabi/13.2.1/../../../arm-none-eabi/lib/thumb/v7-m/nofp/libc_nano.a(libc_a-dtoa.o)
 .debug_info    0x00002f55       0x33 /usr/lib/gcc/arm-none-eabi/13.2.1/../../../arm-none-eabi/lib/thumb/v7-m/nofp/libc_nano.a(libc_a-memcpy.o)
 .debug_info    0x00002f88      0x796 /usr/lib/gcc/arm-none-eabi/13.2.1/../../../arm-none-eabi/lib/thumb/v7-m/nofp/libc_nano.a(libc_a-malloc.o)
 .debug_info    0x0000371e      0xdd7 /usr/lib/gcc/arm-none-eabi/13.2.1/../../../arm-none-eabi/lib/thumb/v7-m/nofp/libc_nano.a(libc_a-nano-vfprintf_i.o)
 .debug_info    0x000044f5      0x14a /usr/lib/gcc/arm-none-eabi/13.2.1/../../../arm-none-eabi/lib/thumb/v7-m/nofp/libc_nano.a(libc_a-memchr-stub.o)
 .debug_info    0x0000463f      0x825 /usr/lib/gcc/arm-none-eabi/13.2.1/../../../arm-none-eabi/lib/thumb/v7-m/nofp/libc_nano.a(libc_a-assert.o)
 .debug_info    0x00004e64     0x1f12 /usr/lib/gcc/arm-none-eabi/13.2.1/../../../arm-none-eabi/lib/thumb/v7-m/nofp/libc_nano.a(libc_a-mprec.o)
 .debug_info    0x00006d76       0xbd /usr/lib/gcc/arm-none-eabi/13.2.1/../../../arm-none-eabi/lib/thumb/v7-m/nofp/libc_nano.a(libc_a-strlen-stub.o)
 .debug_info    0x00006e33      0x70b /usr/lib/gcc/arm-none-eabi/13.2.1/../../../arm-none-eabi/lib/thumb/v7-m/nofp/libc_nano.a(libc_a-impure.o)
 .debug_info    0x0000753e      0xa0e /usr/lib/gcc/arm-none-eabi/13.2.1/../../../arm-none-eabi/lib/thumb/v7-m/nofp/libc_nano.a(libc_a-localeconv.o)
 .debug_info    0x00007f4c      0xe8c /usr/lib/gcc/arm-none-eabi/13.2.1/../../../arm-none-eabi/lib/thumb/v7-m/nofp/libc_nano.a(libc_a-findfp.o)
 .debug_info    0x00008dd8       0xd8 /usr/lib/gcc/arm-none-eabi/13.2.1/../../../arm-none-eabi/lib/thumb/v7-m/nofp/libc_nano.a(libc_a-abort.o)
 .debug_info    0x00008eb0      0xa30 /usr/lib/gcc/arm-none-eabi/13.2.1/../../../arm-none-eabi/lib/thumb/v7-m/nofp/libc_nano.a(libc_a-fflush.o)
 .debug_info    0x000098e0      0x7c9 /usr/lib/gcc/arm-none-eabi/13.2.1/../../../arm-none-eabi/lib/thumb/v7-m/nofp/libc_nano.a(libc_a-callocr.o)
 .debug_info    0x0000a0a9      0xbb9 /usr/lib/gcc/arm-none-eabi/13.2.1/../../../arm-none-eabi/lib/thumb/v7-m/nofp/libc_nano.a(libc_a-locale.o)
 .debug_info    0x0000ac62      0x9b6 /usr/lib/gcc/arm-none-eabi/13.2.1/../../../arm-none-eabi/lib/thumb/v7-m/nofp/libc_nano.a(libc_a-mallocr.o)
 .debug_info    0x0000b618      0x87f /usr/lib/gcc/arm-none-eabi/13.2.1/../../../arm-none-eabi/lib/thumb/v7-m/nofp/libc_nano.a(libc_a-freer.o)
 .debug_info    0x0000be97      0x7c8 /usr/lib/gcc/arm-none-eabi/13.2.1/../../../arm-none-eabi/lib/thumb/v7-m/nofp/libc_nano.a(libc_a-fwalk.o)
 .debug_info    0x0000c65f      0xa70 /usr/lib/gcc/arm-none-eabi/13.2.1/../../../arm-none-eabi/lib/thumb/v7-m/nofp/libc_nano.a(libc_a-wctomb_r.o)
 .debug_info    0x0000d0cf      0x85d /usr/lib/gcc/arm-none-eabi/13.2.1/../../../arm-none-eabi/lib/thumb/v7-m/nofp/libc_nano.a(libc_a-fprintf.o)
 .debug_info    0x0000d92c      0x71c /usr/lib/gcc/arm-none-eabi/13.2.1/../../../arm-none-eabi/lib/thumb/v7-m/nofp/libc_nano.a(libc_a-mlock.o)
 .debug_info    0x0000e048       0xb9 /usr/lib/gcc/arm-none-eabi/13.2.1/../../../arm-none-eabi/lib/thumb/v7-m/nofp/libc_nano.a(libc_a-ctype_.o)
 .debug_info    0x0000e101     0x108a /usr/lib/gcc/arm-none-eabi/13.2.1/../../../arm-none-eabi/lib/thumb/v7-m/nofp/libc_nano.a(libc_a-nano-vfprintf.o)
 .debug_info    0x0000f18b      0x863 /usr/lib/gcc/arm-none-eabi/13.2.1/../../../arm-none-eabi/lib/thumb/v7-m/nofp/libc_nano.a(libc_a-wbuf.o)
 .debug_info    0x0000f9ee      0x778 /usr/lib/gcc/arm-none-eabi/13.2.1/../../../arm-none-eabi/lib/thumb/v7-m/nofp/libc_nano.a(libc_a-sbrkr.o)
 .debug_info    0x00010166      0xa80 /usr/lib/gcc/arm-none-eabi/13.2.1/../../../arm-none-eabi/lib/thumb/v7-m/nofp/libc_nano.a(libc_a-stdio.o)
 .debug_info    0x00010be6      0xb1e /usr/lib/gcc/arm-none-eabi/13.2.1/../../../arm-none-eabi/lib/thumb/v7-m/nofp/libc_nano.a(libc_a-fvwrite.o)
 .debug_info    0x00011704      0xab0 /usr/lib/gcc/arm-none-eabi/13.2.1/../../../arm-none-eabi/lib/thumb/v7-m/nofp/libc_nano.a(libc_a-mbtowc_r.o)
 .debug_info    0x000121b4      0xc39 /usr/lib/gcc/arm-none-eabi/13.2.1/../../../arm-none-eabi/lib/thumb/v7-m/nofp/libc_nano.a(libc_a-signal.o)
 .debug_info    0x00012ded      0x752 /usr/lib/gcc/arm-none-eabi/13.2.1/../../../arm-none-eabi/lib/thumb/v7-m/nofp/libc_nano.a(libc_a-closer.o)
 .debug_info    0x0001353f      0x148 /usr/lib/gcc/arm-none-eabi/13.2.1/../../../arm-none-eabi/lib/thumb/v7-m/nofp/libc_nano.a(libc_a-memmove.o)
 .debug_info    0x00013687      0x7b1 /usr/lib/gcc/arm-none-eabi/13.2.1/../../../arm-none-eabi/lib/thumb/v7-m/nofp/libc_nano.a(libc_a-wsetup.o)
 .debug_info    0x00013e38      0x7b5 /usr/lib/gcc/arm-none-eabi/13.2.1/../../../arm-none-eabi/lib/thumb/v7-m/nofp/libc_nano.a(libc_a-readr.o)
 .debug_info    0x000145ed      0x89f /usr/lib/gcc/arm-none-eabi/13.2.1/../../../arm-none-eabi/lib/thumb/v7-m/nofp/libc_nano.a(libc_a-reent.o)