Archive member included to satisfy reference by file (symbol)

/usr/lib/gcc/arm-none-eabi/13.2.1/../../../arm-none-eabi/lib/thumb/v7e-m+fp/hard/libm.a(libm_a-sf_fmin.o)
                              CMakeFiles/f407zgt6_cmake.dir/BSP/FOC/BLDCMotor.c.obj (fminf)
/usr/lib/gcc/arm-none-eabi/13.2.1/../../../arm-none-eabi/lib/thumb/v7e-m+fp/hard/libm.a(libm_a-w_fmod.o)
                              CMakeFiles/f407zgt6_cmake.dir/BSP/FOC/foc_base.c.obj (fmod)
/usr/lib/gcc/arm-none-eabi/13.2.1/../../../arm-none-eabi/lib/thumb/v7e-m+fp/hard/libm.a(libm_a-s_fmin.o)
                              CMakeFiles/f407zgt6_cmake.dir/BSP/FOC/foc_base.c.obj (fmin)
/usr/lib/gcc/arm-none-eabi/13.2.1/../../../arm-none-eabi/lib/thumb/v7e-m+fp/hard/libm.a(libm_a-s_floor.o)
                              CMakeFiles/f407zgt6_cmake.dir/BSP/FOC/foc_base.c.obj (floor)
/usr/lib/gcc/arm-none-eabi/13.2.1/../../../arm-none-eabi/lib/thumb/v7e-m+fp/hard/libm.a(libm_a-sf_floor.o)
                              CMakeFiles/f407zgt6_cmake.dir/BSP/FOC/BLDCMotor.c.obj (floorf)
/usr/lib/gcc/arm-none-eabi/13.2.1/../../../arm-none-eabi/lib/thumb/v7e-m+fp/hard/libm.a(libm_a-s_fpclassify.o)
                              /usr/lib/gcc/arm-none-eabi/13.2.1/../../../arm-none-eabi/lib/thumb/v7e-m+fp/hard/libm.a(libm_a-s_fmin.o) (__fpclassifyd)
/usr/lib/gcc/arm-none-eabi/13.2.1/../../../arm-none-eabi/lib/thumb/v7e-m+fp/hard/libm.a(libm_a-e_fmod.o)
                              /usr/lib/gcc/arm-none-eabi/13.2.1/../../../arm-none-eabi/lib/thumb/v7e-m+fp/hard/libm.a(libm_a-w_fmod.o) (__ieee754_fmod)
/usr/lib/gcc/arm-none-eabi/13.2.1/../../../arm-none-eabi/lib/thumb/v7e-m+fp/hard/libm.a(libm_a-sf_fpclassify.o)
                              /usr/lib/gcc/arm-none-eabi/13.2.1/../../../arm-none-eabi/lib/thumb/v7e-m+fp/hard/libm.a(libm_a-sf_fmin.o) (__fpclassifyf)
/usr/lib/gcc/arm-none-eabi/13.2.1/thumb/v7e-m+fp/hard/libgcc.a(_arm_muldf3.o)
                              CMakeFiles/f407zgt6_cmake.dir/BSP/FOC/currentSense/currentSense.c.obj (__aeabi_dmul)
/usr/lib/gcc/arm-none-eabi/13.2.1/thumb/v7e-m+fp/hard/libgcc.a(_arm_addsubdf3.o)
                              CMakeFiles/f407zgt6_cmake.dir/BSP/FOC/currentSense/currentSense.c.obj (__aeabi_dsub)
/usr/lib/gcc/arm-none-eabi/13.2.1/thumb/v7e-m+fp/hard/libgcc.a(_arm_muldivdf3.o)
                              CMakeFiles/f407zgt6_cmake.dir/BSP/FOC/currentSense/currentSense.c.obj (__aeabi_ddiv)
/usr/lib/gcc/arm-none-eabi/13.2.1/thumb/v7e-m+fp/hard/libgcc.a(_arm_cmpdf2.o)
                              /usr/lib/gcc/arm-none-eabi/13.2.1/../../../arm-none-eabi/lib/thumb/v7e-m+fp/hard/libm.a(libm_a-w_fmod.o) (__aeabi_dcmpeq)
/usr/lib/gcc/arm-none-eabi/13.2.1/thumb/v7e-m+fp/hard/libgcc.a(_arm_unorddf2.o)
                              /usr/lib/gcc/arm-none-eabi/13.2.1/../../../arm-none-eabi/lib/thumb/v7e-m+fp/hard/libm.a(libm_a-w_fmod.o) (__aeabi_dcmpun)
/usr/lib/gcc/arm-none-eabi/13.2.1/thumb/v7e-m+fp/hard/libgcc.a(_arm_fixdfsi.o)
                              CMakeFiles/f407zgt6_cmake.dir/BSP/FOC/BLDCMotor.c.obj (__aeabi_d2iz)
/usr/lib/gcc/arm-none-eabi/13.2.1/thumb/v7e-m+fp/hard/libgcc.a(_arm_truncdfsf2.o)
                              CMakeFiles/f407zgt6_cmake.dir/BSP/FOC/currentSense/currentSense.c.obj (__aeabi_d2f)
/usr/lib/gcc/arm-none-eabi/13.2.1/thumb/v7e-m+fp/hard/libgcc.a(_aeabi_uldivmod.o)
                              cmake/stm32cubemx/CMakeFiles/STM32_Drivers.dir/__/__/Drivers/STM32F4xx_HAL_Driver/Src/stm32f4xx_hal_rcc.c.obj (__aeabi_uldivmod)
/usr/lib/gcc/arm-none-eabi/13.2.1/thumb/v7e-m+fp/hard/libgcc.a(_udivmoddi4.o)
                              /usr/lib/gcc/arm-none-eabi/13.2.1/thumb/v7e-m+fp/hard/libgcc.a(_aeabi_uldivmod.o) (__udivmoddi4)
/usr/lib/gcc/arm-none-eabi/13.2.1/thumb/v7e-m+fp/hard/libgcc.a(_dvmd_tls.o)
                              /usr/lib/gcc/arm-none-eabi/13.2.1/thumb/v7e-m+fp/hard/libgcc.a(_aeabi_uldivmod.o) (__aeabi_ldiv0)
/usr/lib/gcc/arm-none-eabi/13.2.1/../../../arm-none-eabi/lib/thumb/v7e-m+fp/hard/libg_nano.a(libc_a-abs.o)
                              CMakeFiles/f407zgt6_cmake.dir/BSP/FOC/foc_base.c.obj (abs)
/usr/lib/gcc/arm-none-eabi/13.2.1/../../../arm-none-eabi/lib/thumb/v7e-m+fp/hard/libg_nano.a(libc_a-init.o)
                              /usr/lib/gcc/arm-none-eabi/13.2.1/../../../arm-none-eabi/lib/thumb/v7e-m+fp/hard/crt0.o (__libc_init_array)
/usr/lib/gcc/arm-none-eabi/13.2.1/../../../arm-none-eabi/lib/thumb/v7e-m+fp/hard/libg_nano.a(libc_a-puts.o)
                              CMakeFiles/f407zgt6_cmake.dir/BSP/test/test.c.obj (puts)
/usr/lib/gcc/arm-none-eabi/13.2.1/../../../arm-none-eabi/lib/thumb/v7e-m+fp/hard/libg_nano.a(libc_a-findfp.o)
                              /usr/lib/gcc/arm-none-eabi/13.2.1/../../../arm-none-eabi/lib/thumb/v7e-m+fp/hard/libg_nano.a(libc_a-puts.o) (__sinit)
/usr/lib/gcc/arm-none-eabi/13.2.1/../../../arm-none-eabi/lib/thumb/v7e-m+fp/hard/libg_nano.a(libc_a-memset.o)
[...]
Memory Configuration

Name             Origin             Length             Attributes
RAM              0x20000000         0x00020000         xrw
CCMRAM           0x10000000         0x00010000         xrw
FLASH            0x08000000         0x00100000         xr
*default*        0x00000000         0xffffffff

Linker script and memory map

LOAD /usr/lib/gcc/arm-none-eabi/13.2.1/thumb/v7e-m+fp/hard/crti.o
LOAD /usr/lib/gcc/arm-none-eabi/13.2.1/thumb/v7e-m+fp/hard/crtbegin.o
LOAD /usr/lib/gcc/arm-none-eabi/13.2.1/../../../arm-none-eabi/lib/thumb/v7e-m+fp/hard/crt0.o
LOAD cmake/stm32cubemx/CMakeFiles/STM32_Drivers.dir/__/__/Core/Src/system_stm32f4xx.c.obj
LOAD cmake/stm32cubemx/CMakeFiles/STM32_Drivers.dir/__/__/Drivers/STM32F4xx_HAL_Driver/Src/stm32f4xx_hal_adc.c.obj
LOAD cmake/stm32cubemx/CMakeFiles/STM32_Drivers.dir/__/__/Drivers/STM32F4xx_HAL_Driver/Src/stm32f4xx_hal_adc_ex.c.obj
LOAD cmake/stm32cubemx/CMakeFiles/STM32_Drivers.dir/__/__/Drivers/STM32F4xx_HAL_Driver/Src/stm32f4xx_ll_adc.c.obj
LOAD cmake/stm32cubemx/CMakeFiles/STM32_Drivers.dir/__/__/Drivers/STM32F4xx_HAL_Driver/Src/stm32f4xx_hal_rcc.c.obj
LOAD cmake/stm32cubemx/CMakeFiles/STM32_Drivers.dir/__/__/Drivers/STM32F4xx_HAL_Driver/Src/stm32f4xx_hal_rcc_ex.c.obj
LOAD cmake/stm32cubemx/CMakeFiles/STM32_Drivers.dir/__/__/Drivers/STM32F4xx_HAL_Driver/Src/stm32f4xx_hal_flash.c.obj
LOAD cmake/stm32cubemx/CMakeFiles/STM32_Drivers.dir/__/__/Drivers/STM32F4xx_HAL_Driver/Src/stm32f4xx_hal_flash_ex.c.obj
LOAD cmake/stm32cubemx/CMakeFiles/STM32_Drivers.dir/__/__/Drivers/STM32F4xx_HAL_Driver/Src/stm32f4xx_hal_flash_ramfunc.c.obj
LOAD cmake/stm32cubemx/CMakeFiles/STM32_Drivers.dir/__/__/Drivers/STM32F4xx_HAL_Driver/Src/stm32f4xx_hal_gpio.c.obj
LOAD cmake/stm32cubemx/CMakeFiles/STM32_Drivers.dir/__/__/Drivers/STM32F4xx_HAL_Driver/Src/stm32f4xx_hal_dma_ex.c.obj
LOAD cmake/stm32cubemx/CMakeFiles/STM32_Drivers.dir/__/__/Drivers/STM32F4xx_HAL_Driver/Src/stm32f4xx_hal_dma.c.obj
LOAD cmake/stm32cubemx/CMakeFiles/STM32_Drivers.dir/__/__/Drivers/STM32F4xx_HAL_Driver/Src/stm32f4xx_hal_pwr.c.obj
LOAD cmake/stm32cubemx/CMakeFiles/STM32_Drivers.dir/__/__/Drivers/STM32F4xx_HAL_Driver/Src/stm32f4xx_hal_pwr_ex.c.obj
LOAD cmake/stm32cubemx/CMakeFiles/STM32_Drivers.dir/__/__/Drivers/STM32F4xx_HAL_Driver/Src/stm32f4xx_hal_cortex.c.obj
LOAD cmake/stm32cubemx/CMakeFiles/STM32_Drivers.dir/__/__/Drivers/STM32F4xx_HAL_Driver/Src/stm32f4xx_hal.c.obj
LOAD cmake/stm32cubemx/CMakeFiles/STM32_Drivers.dir/__/__/Drivers/STM32F4xx_HAL_Driver/Src/stm32f4xx_hal_exti.c.obj
LOAD cmake/stm32cubemx/CMakeFiles/STM32_Drivers.dir/__/__/Drivers/STM32F4xx_HAL_Driver/Src/stm32f4xx_hal_i2c.c.obj
LOAD cmake/stm32cubemx/CMakeFiles/STM32_Drivers.dir/__/__/Drivers/STM32F4xx_HAL_Driver/Src/stm32f4xx_hal_i2c_ex.c.obj
LOAD cmake/stm32cubemx/CMakeFiles/STM32_Drivers.dir/__/__/Drivers/STM32F4xx_HAL_Driver/Src/stm32f4xx_hal_tim.c.obj
LOAD cmake/stm32cubemx/CMakeFiles/STM32_Drivers.dir/__/__/Drivers/STM32F4xx_HAL_Driver/Src/stm32f4xx_hal_tim_ex.c.obj
LOAD cmake/stm32cubemx/CMakeFiles/STM32_Drivers.dir/__/__/Drivers/STM32F4xx_HAL_Driver/Src/stm32f4xx_hal_uart.c.obj
LOAD CMakeFiles/f407zgt6_cmake.dir/Core/Src/main.c.obj
LOAD CMakeFiles/f407zgt6_cmake.dir/Core/Src/gpio.c.obj
LOAD CMakeFiles/f407zgt6_cmake.dir/Core/Src/adc.c.obj
LOAD CMakeFiles/f407zgt6_cmake.dir/Core/Src/i2c.c.obj
LOAD CMakeFiles/f407zgt6_cmake.dir/Core/Src/tim.c.obj
LOAD CMakeFiles/f407zgt6_cmake.dir/Core/Src/usart.c.obj
LOAD CMakeFiles/f407zgt6_cmake.dir/Core/Src/stm32f4xx_it.c.obj
LOAD CMakeFiles/f407zgt6_cmake.dir/Core/Src/stm32f4xx_hal_msp.c.obj
LOAD CMakeFiles/f407zgt6_cmake.dir/Core/Src/sysmem.c.obj
LOAD CMakeFiles/f407zgt6_cmake.dir/Core/Src/syscalls.c.obj
LOAD CMakeFiles/f407zgt6_cmake.dir/startup_stm32f407xx.s.obj
LOAD CMakeFiles/f407zgt6_cmake.dir/BSP/mymain.c.obj
LOAD CMakeFiles/f407zgt6_cmake.dir/BSP/test/test.c.obj
LOAD CMakeFiles/f407zgt6_cmake.dir/BSP/led/led.c.obj
LOAD CMakeFiles/f407zgt6_cmake.dir/BSP/FOC/BLDCDriver/BLDCDriver.c.obj
LOAD CMakeFiles/f407zgt6_cmake.dir/BSP/FOC/currentSense/currentSense.c.obj
LOAD CMakeFiles/f407zgt6_cmake.dir/BSP/FOC/pid/pid.c.obj
LOAD CMakeFiles/f407zgt6_cmake.dir/BSP/FOC/BLDCMotor.c.obj
LOAD CMakeFiles/f407zgt6_cmake.dir/BSP/FOC/foc_base.c.obj
LOAD CMakeFiles/f407zgt6_cmake.dir/BSP/FOC/foc_motor.c.obj
LOAD CMakeFiles/f407zgt6_cmake.dir/BSP/FOC/lowpass_filter.c.obj
LOAD CMakeFiles/f407zgt6_cmake.dir/BSP/FOC/pwm.c.obj
LOAD CMakeFiles/f407zgt6_cmake.dir/BSP/FOC/encoder/encoder.c.obj
LOAD CMakeFiles/f407zgt6_cmake.dir/BSP/FOC/encoder/encoder_as5600.c.obj
LOAD /usr/lib/gcc/arm-none-eabi/13.2.1/../../../arm-none-eabi/lib/thumb/v7e-m+fp/hard/libm.a
START GROUP
LOAD /usr/lib/gcc/arm-none-eabi/13.2.1/thumb/v7e-m+fp/hard/libgcc.a
LOAD /usr/lib/gcc/arm-none-eabi/13.2.1/../../../arm-none-eabi/lib/thumb/v7e-m+fp/hard/libg_nano.a
LOAD /usr/lib/gcc/arm-none-eabi/13.2.1/../../../arm-none-eabi/lib/thumb/v7e-m+fp/hard/libc_nano.a
END GROUP
START GROUP
LOAD /usr/lib/gcc/arm-none-eabi/13.2.1/thumb/v7e-m+fp/hard/libgcc.a
LOAD /usr/lib/gcc/arm-none-eabi/13.2.1/../../../arm-none-eabi/lib/thumb/v7e-m+fp/hard/libc_nano.a
END GROUP
LOAD /usr/lib/gcc/arm-none-eabi/13.2.1/thumb/v7e-m+fp/hard/crtend.o
LOAD /usr/lib/gcc/arm-none-eabi/13.2.1/thumb/v7e-m+fp/hard/crtn.o
                0x20020000                        _estack = (ORIGIN (RAM) + LENGTH (RAM))
                0x00000200                        _Min_Heap_Size = 0x200
                0x00000400                        _Min_Stack_Size = 0x400

.isr_vector     0x08000000      0x188
                0x08000000                        . = ALIGN (0x4)
 *(.isr_vector)
 .isr_vector    0x08000000      0x188 CMakeFiles/f407zgt6_cmake.dir/startup_stm32f407xx.s.obj
                0x08000000                g_pfnVectors
                0x08000188                        . = ALIGN (0x4)

.text           0x080001c0     0xc298
                0x080001c0                        . = ALIGN (0x4)
 *(.text)
 .text          0x080001c0       0x88 /usr/lib/gcc/arm-none-eabi/13.2.1/thumb/v7e-m+fp/hard/crtbegin.o
 .text          0x08000248       0x3c /usr/lib/gcc/arm-none-eabi/13.2.1/../../../arm-none-eabi/lib/thumb/v7e-m+fp/hard/libm.a(libm_a-sf_fmin.o)
                0x08000248                fminf
 .text          0x08000284       0x6c /usr/lib/gcc/arm-none-eabi/13.2.1/../../../arm-none-eabi/lib/thumb/v7e-m+fp/hard/libm.a(libm_a-w_fmod.o)
                0x08000284                fmod
 .text          0x080002f0       0x94 /usr/lib/gcc/arm-none-eabi/13.2.1/../../../arm-none-eabi/lib/thumb/v7e-m+fp/hard/libm.a(libm_a-sf_floor.o)
                0x080002f0                floorf
 .text          0x08000384      0x30c /usr/lib/gcc/arm-none-eabi/13.2.1/../../../arm-none-eabi/lib/thumb/v7e-m+fp/hard/libm.a(libm_a-e_fmod.o)
                0x08000384                __ieee754_fmod
 .text          0x08000690       0x38 /usr/lib/gcc/arm-none-eabi/13.2.1/../../../arm-none-eabi/lib/thumb/v7e-m+fp/hard/libm.a(libm_a-sf_fpclassify.o)
                0x08000690                __fpclassifyf
 .text          0x080006c8      0x378 /usr/lib/gcc/arm-none-eabi/13.2.1/thumb/v7e-m+fp/hard/libgcc.a(_arm_addsubdf3.o)
                0x080006c8                __aeabi_drsub
                0x080006d0                __aeabi_dsub
                0x080006d0                __subdf3
                0x080006d4                __adddf3
                0x080006d4                __aeabi_dadd
                0x0800094c                __aeabi_ui2d
                0x0800094c                __floatunsidf
                0x0800096c                __floatsidf
                0x0800096c                __aeabi_i2d
                0x08000990                __extendsfdf2
                0x08000990                __aeabi_f2d
                0x080009d4                __aeabi_ul2d
                0x080009d4                __floatundidf
                0x080009e4                __floatdidf
                0x080009e4                __aeabi_l2d
 .text          0x08000a40      0x424 /usr/lib/gcc/arm-none-eabi/13.2.1/thumb/v7e-m+fp/hard/libgcc.a(_arm_muldivdf3.o)
                0x08000a40                __aeabi_dmul
                0x08000a40                __muldf3
                0x08000c94                __aeabi_ddiv
                0x08000c94                __divdf3
 .text          0x08000e64      0x110 /usr/lib/gcc/arm-none-eabi/13.2.1/thumb/v7e-m+fp/hard/libgcc.a(_arm_cmpdf2.o)
                0x08000e64                __gtdf2
                0x08000e64                __gedf2
                0x08000e6c                __ltdf2
                0x08000e6c                __ledf2
                0x08000e74                __cmpdf2
                0x08000e74                __eqdf2
                0x08000e74                __nedf2
                0x08000ef0                __aeabi_cdrcmple
                0x08000f00                __aeabi_cdcmple
                0x08000f00                __aeabi_cdcmpeq
                0x08000f10                __aeabi_dcmpeq
                0x08000f24                __aeabi_dcmplt
                0x08000f38                __aeabi_dcmple
                0x08000f4c                __aeabi_dcmpge
                0x08000f60                __aeabi_dcmpgt
 .text          0x08000f74       0x2c /usr/lib/gcc/arm-none-eabi/13.2.1/thumb/v7e-m+fp/hard/libgcc.a(_arm_unorddf2.o)
                0x08000f74                __aeabi_dcmpun
                0x08000f74                __unorddf2
 .text          0x08000fa0       0x50 /usr/lib/gcc/arm-none-eabi/13.2.1/thumb/v7e-m+fp/hard/libgcc.a(_arm_fixdfsi.o)
                0x08000fa0                __fixdfsi
                0x08000fa0                __aeabi_d2iz
 .text          0x08000ff0       0xa0 /usr/lib/gcc/arm-none-eabi/13.2.1/thumb/v7e-m+fp/hard/libgcc.a(_arm_truncdfsf2.o)
                0x08000ff0                __aeabi_d2f
                0x08000ff0                __truncdfsf2
 .text          0x08001090       0x30 /usr/lib/gcc/arm-none-eabi/13.2.1/thumb/v7e-m+fp/hard/libgcc.a(_aeabi_uldivmod.o)
                0x08001090                __aeabi_uldivmod
 .text          0x080010c0      0x2bc /usr/lib/gcc/arm-none-eabi/13.2.1/thumb/v7e-m+fp/hard/libgcc.a(_udivmoddi4.o)
                0x080010c0                __udivmoddi4
 .text          0x0800137c        0x4 /usr/lib/gcc/arm-none-eabi/13.2.1/thumb/v7e-m+fp/hard/libgcc.a(_dvmd_tls.o)
                0x0800137c                __aeabi_ldiv0
                0x0800137c                __aeabi_idiv0
 .text          0x08001380       0x50 /usr/lib/gcc/arm-none-eabi/13.2.1/../../../arm-none-eabi/lib/thumb/v7e-m+fp/hard/libg_nano.a(libc_a-init.o)
                0x08001380                __libc_init_array
 .text          0x080013d0       0xa0 /usr/lib/gcc/arm-none-eabi/13.2.1/../../../arm-none-eabi/lib/thumb/v7e-m+fp/hard/libg_nano.a(libc_a-puts.o)
                0x080013d0                _puts_r
                0x08001460                puts
 .text          0x08001470      0x224 /usr/lib/gcc/arm-none-eabi/13.2.1/../../../arm-none-eabi/lib/thumb/v7e-m+fp/hard/libg_nano.a(libc_a-findfp.o)
                0x080015a0                __sfp
                0x08001644                __sinit
                0x08001664                __sfp_lock_acquire
                0x08001668                __sfp_lock_release
                0x0800166c                __fp_lock_all
                0x08001680                __fp_unlock_all
 .text          0x08001694       0xa4 /usr/lib/gcc/arm-none-eabi/13.2.1/../../../arm-none-eabi/lib/thumb/v7e-m+fp/hard/libg_nano.a(libc_a-memset.o)
                0x08001694                memset
 .text          0x08001738      0x1a8 /usr/lib/gcc/arm-none-eabi/13.2.1/../../../arm-none-eabi/lib/thumb/v7e-m+fp/hard/libg_nano.a(libc_a-fflush.o)
                0x08001738                __sflush_r
                0x0800185c                _fflush_r
                0x08001894                fflush
 .text          0x080018e0        0xc /usr/lib/gcc/arm-none-eabi/13.2.1/../../../arm-none-eabi/lib/thumb/v7e-m+fp/hard/libg_nano.a(libc_a-errno.o)
                0x080018e0                __errno
 .text          0x080018ec      0x6b0 /usr/lib/gcc/arm-none-eabi/13.2.1/../../../arm-none-eabi/lib/thumb/v7e-m+fp/hard/libg_nano.a(libc_a-nano-vfprintf_float.o)
                0x080018ec                __cvt
                0x080019fc                __exponent
                0x08001a80                _printf_float
 .text          0x08001f9c      0x148 /usr/lib/gcc/arm-none-eabi/13.2.1/../../../arm-none-eabi/lib/thumb/v7e-m+fp/hard/libg_nano.a(libc_a-mallocr.o)
                0x08001fe4                _malloc_r
 *fill*         0x080020e4        0x4 
 .text          0x080020e8      0xfdc /usr/lib/gcc/arm-none-eabi/13.2.1/../../../arm-none-eabi/lib/thumb/v7e-m+fp/hard/libg_nano.a(libc_a-dtoa.o)
                0x08002214                _dtoa_r
 .text          0x080030c4       0xbc /usr/lib/gcc/arm-none-eabi/13.2.1/../../../arm-none-eabi/lib/thumb/v7e-m+fp/hard/libg_nano.a(libc_a-freer.o)
                0x080030c4                _free_r
 .text          0x08003180       0x44 /usr/lib/gcc/arm-none-eabi/13.2.1/../../../arm-none-eabi/lib/thumb/v7e-m+fp/hard/libg_nano.a(libc_a-fwalk.o)
                0x08003180                _fwalk_sglue
 .text          0x080031c4       0xc4 /usr/lib/gcc/arm-none-eabi/13.2.1/../../../arm-none-eabi/lib/thumb/v7e-m+fp/hard/libg_nano.a(libc_a-wsetup.o)
                0x080031c4                __swsetup_r
 .text          0x08003288      0x134 /usr/lib/gcc/arm-none-eabi/13.2.1/../../../arm-none-eabi/lib/thumb/v7e-m+fp/hard/libg_nano.a(libc_a-memcpy.o)
                0x08003288                memcpy
 .text          0x080033bc       0x20 /usr/lib/gcc/arm-none-eabi/13.2.1/../../../arm-none-eabi/lib/thumb/v7e-m+fp/hard/libg_nano.a(libc_a-malloc.o)
                0x080033bc                malloc
                0x080033cc                free
 .text          0x080033dc      0x3a8 /usr/lib/gcc/arm-none-eabi/13.2.1/../../../arm-none-eabi/lib/thumb/v7e-m+fp/hard/libg_nano.a(libc_a-nano-vfprintf_i.o)
                0x080033dc                _printf_common
                0x08003500                _printf_i
 .text          0x08003784        0x8 /usr/lib/gcc/arm-none-eabi/13.2.1/../../../arm-none-eabi/lib/thumb/v7e-m+fp/hard/libg_nano.a(libc_a-mlock.o)
                0x08003784                __malloc_lock
                0x08003788                __malloc_unlock
 .text          0x0800378c      0x114 /usr/lib/gcc/arm-none-eabi/13.2.1/../../../arm-none-eabi/lib/thumb/v7e-m+fp/hard/libg_nano.a(libc_a-makebuf.o)
                0x0800378c                __smakebuf_r
                0x08003850                __swhatbuf_r
 .text          0x080038a0       0x48 /usr/lib/gcc/arm-none-eabi/13.2.1/../../../arm-none-eabi/lib/thumb/v7e-m+fp/hard/libg_nano.a(libc_a-printf.o)
                0x080038a0                _printf_r
                0x080038a0                _iprintf_r
                0x080038c0                printf
                0x080038c0                iprintf
 .text          0x080038e8       0x24 /usr/lib/gcc/arm-none-eabi/13.2.1/../../../arm-none-eabi/lib/thumb/v7e-m+fp/hard/libg_nano.a(libc_a-isattyr.o)
                0x080038e8                _isatty_r
 .text          0x0800390c      0x314 /usr/lib/gcc/arm-none-eabi/13.2.1/../../../arm-none-eabi/lib/thumb/v7e-m+fp/hard/libg_nano.a(libc_a-nano-vfprintf.o)
                0x08003948                __sfputs_r
                0x08003978                __sprint_r
                0x08003998                _vfiprintf_r
                0x08003998                _vfprintf_r
                0x08003c04                vfiprintf
                0x08003c04                vfprintf
 .text          0x08003c20       0xa0 /usr/lib/gcc/arm-none-eabi/13.2.1/../../../arm-none-eabi/lib/thumb/v7e-m+fp/hard/libg_nano.a(libc_a-wbuf.o)
                0x08003c20                __swbuf_r
                0x08003ca8                __swbuf
 .text          0x08003cc0       0x4c /usr/lib/gcc/arm-none-eabi/13.2.1/../../../arm-none-eabi/lib/thumb/v7e-m+fp/hard/libg_nano.a(libc_a-assert.o)
                0x08003cc0                __assert_func
                0x08003d00                __assert
 .text          0x08003d0c      0xb10 /usr/lib/gcc/arm-none-eabi/13.2.1/../../../arm-none-eabi/lib/thumb/v7e-m+fp/hard/libg_nano.a(libc_a-mprec.o)
                0x08003d0c                _Balloc
                0x08003d8c                _Bfree
                0x08003dd4                __multadd
                0x08003e70                __s2b
                0x08003f24                __hi0bits
                0x08003f68                __lo0bits
                0x08003fc8                __i2b
                0x08003ff4                __multiply
                0x08004160                __pow5mult
                0x08004240                __lshift
                0x08004328                __mcmp
                0x0800436c                __mdiff
                0x080044e4                __ulp
                0x08004548                __b2d
                0x08004604                __d2b
                0x080046c4                __ratio
                0x08004724                _mprec_log10
                0x08004764                __copybits
                0x080047c0                __any_on
 .text          0x0800481c       0x24 /usr/lib/gcc/arm-none-eabi/13.2.1/../../../arm-none-eabi/lib/thumb/v7e-m+fp/hard/libg_nano.a(libc_a-sbrkr.o)
                0x0800481c                _sbrk_r
 .text          0x08004840       0x94 /usr/lib/gcc/arm-none-eabi/13.2.1/../../../arm-none-eabi/lib/thumb/v7e-m+fp/hard/libg_nano.a(libc_a-stdio.o)
                0x08004840                __sread
                0x08004864                __seofread
                0x08004868                __swrite
                0x080048a8                __sseek
                0x080048cc                __sclose
 .text          0x080048d4       0x14 /usr/lib/gcc/arm-none-eabi/13.2.1/../../../arm-none-eabi/lib/thumb/v7e-m+fp/hard/libg_nano.a(libc_a-localeconv.o)
                0x080048d4                __localeconv_l
                0x080048d8                _localeconv_r
                0x080048e0                localeconv
 .text          0x080048e8      0x300 /usr/lib/gcc/arm-none-eabi/13.2.1/../../../arm-none-eabi/lib/thumb/v7e-m+fp/hard/libg_nano.a(libc_a-fvwrite.o)
                0x080048e8                __sfvwrite_r
 .text          0x08004be8       0x10 /usr/lib/gcc/arm-none-eabi/13.2.1/../../../arm-none-eabi/lib/thumb/v7e-m+fp/hard/libg_nano.a(libc_a-abort.o)
                0x08004be8                abort
 .text          0x08004bf8       0x24 /usr/lib/gcc/arm-none-eabi/13.2.1/../../../arm-none-eabi/lib/thumb/v7e-m+fp/hard/libg_nano.a(libc_a-closer.o)
                0x08004bf8                _close_r
 *fill*         0x08004c1c       0x24 
 .text          0x08004c40       0xd8 /usr/lib/gcc/arm-none-eabi/13.2.1/../../../arm-none-eabi/lib/thumb/v7e-m+fp/hard/libg_nano.a(libc_a-strlen.o)
                0x08004c40                strlen
 .text          0x08004d18       0x28 /usr/lib/gcc/arm-none-eabi/13.2.1/../../../arm-none-eabi/lib/thumb/v7e-m+fp/hard/libg_nano.a(libc_a-callocr.o)
                0x08004d18                _calloc_r
 .text          0x08004d40      0x100 /usr/lib/gcc/arm-none-eabi/13.2.1/../../../arm-none-eabi/lib/thumb/v7e-m+fp/hard/libg_nano.a(libc_a-memmove.o)
                0x08004d40                memmove
 .text          0x08004e40       0x30 /usr/lib/gcc/arm-none-eabi/13.2.1/../../../arm-none-eabi/lib/thumb/v7e-m+fp/hard/libg_nano.a(libc_a-wctomb_r.o)
                0x08004e40                _wctomb_r
                0x08004e54                __ascii_wctomb
 .text          0x08004e70       0xa0 /usr/lib/gcc/arm-none-eabi/13.2.1/../../../arm-none-eabi/lib/thumb/v7e-m+fp/hard/libg_nano.a(libc_a-memchr.o)
                0x08004e70                memchr
 .text          0x08004f10       0x2c /usr/lib/gcc/arm-none-eabi/13.2.1/../../../arm-none-eabi/lib/thumb/v7e-m+fp/hard/libg_nano.a(libc_a-readr.o)
                0x08004f10                _read_r
 .text          0x08004f3c       0x44 /usr/lib/gcc/arm-none-eabi/13.2.1/../../../arm-none-eabi/lib/thumb/v7e-m+fp/hard/libg_nano.a(libc_a-fprintf.o)
                0x08004f3c                _fprintf_r
                0x08004f3c                _fiprintf_r
                0x08004f58                fprintf
                0x08004f58                fiprintf
 .text          0x08004f80       0x64 /usr/lib/gcc/arm-none-eabi/13.2.1/../../../arm-none-eabi/lib/thumb/v7e-m+fp/hard/libg_nano.a(libc_a-reallocr.o)
                0x08004f80                _realloc_r
 .text          0x08004fe4       0x2c /usr/lib/gcc/arm-none-eabi/13.2.1/../../../arm-none-eabi/lib/thumb/v7e-m+fp/hard/libg_nano.a(libc_a-fstatr.o)
                0x08004fe4                _fstat_r
 .text          0x08005010       0x2c /usr/lib/gcc/arm-none-eabi/13.2.1/../../../arm-none-eabi/lib/thumb/v7e-m+fp/hard/libg_nano.a(libc_a-lseekr.o)
                0x08005010                _lseek_r
 .text          0x0800503c       0x2c /usr/lib/gcc/arm-none-eabi/13.2.1/../../../arm-none-eabi/lib/thumb/v7e-m+fp/hard/libg_nano.a(libc_a-writer.o)
                0x0800503c                _write_r
 .text          0x08005068       0x10 /usr/lib/gcc/arm-none-eabi/13.2.1/../../../arm-none-eabi/lib/thumb/v7e-m+fp/hard/libg_nano.a(libc_a-msizer.o)
                0x08005068                _malloc_usable_size_r
 .text          0x08005078       0x40 /usr/lib/gcc/arm-none-eabi/13.2.1/../../../arm-none-eabi/lib/thumb/v7e-m+fp/hard/libg_nano.a(libc_a-mbtowc_r.o)
                0x08005078                _mbtowc_r
                0x0800508c                __ascii_mbtowc
 .text          0x080050b8      0x260 /usr/lib/gcc/arm-none-eabi/13.2.1/../../../arm-none-eabi/lib/thumb/v7e-m+fp/hard/libg_nano.a(libc_a-signal.o)
                0x080050b8                _init_signal_r
                0x080050e4                _signal_r
                0x08005130                _raise_r
                0x08005180                __sigtramp_r
                0x080051e0                raise
                0x08005234                signal
                0x08005280                _init_signal
                0x080052b4                __sigtramp
 .text          0x08005318       0x30 /usr/lib/gcc/arm-none-eabi/13.2.1/../../../arm-none-eabi/lib/thumb/v7e-m+fp/hard/libg_nano.a(libc_a-signalr.o)
                0x08005318                _kill_r
                0x08005344                _getpid_r
 *(.text*)
 .text.SystemInit
                0x08005348       0x24 cmake/stm32cubemx/CMakeFiles/STM32_Drivers.dir/__/__/Core/Src/system_stm32f4xx.c.obj
                0x08005348                SystemInit
 .text.HAL_ADC_Init
                0x0800536c       0x86 cmake/stm32cubemx/CMakeFiles/STM32_Drivers.dir/__/__/Drivers/STM32F4xx_HAL_Driver/Src/stm32f4xx_hal_adc.c.obj
                0x0800536c                HAL_ADC_Init
 *fill*         0x080053f2        0x2 
 .text.HAL_ADC_Start
                0x080053f4      0x1a4 cmake/stm32cubemx/CMakeFiles/STM32_Drivers.dir/__/__/Drivers/STM32F4xx_HAL_Driver/Src/stm32f4xx_hal_adc.c.obj
                0x080053f4                HAL_ADC_Start
 .text.HAL_ADC_PollForConversion
                0x08005598      0x116 cmake/stm32cubemx/CMakeFiles/STM32_Drivers.dir/__/__/Drivers/STM32F4xx_HAL_Driver/Src/stm32f4xx_hal_adc.c.obj
                0x08005598                HAL_ADC_PollForConversion
 .text.HAL_ADC_GetValue
                0x080056ae       0x1a cmake/stm32cubemx/CMakeFiles/STM32_Drivers.dir/__/__/Drivers/STM32F4xx_HAL_Driver/Src/stm32f4xx_hal_adc.c.obj
                0x080056ae                HAL_ADC_GetValue
 .text.HAL_ADC_ConfigChannel
                0x080056c8      0x244 cmake/stm32cubemx/CMakeFiles/STM32_Drivers.dir/__/__/Drivers/STM32F4xx_HAL_Driver/Src/stm32f4xx_hal_adc.c.obj
                0x080056c8                HAL_ADC_ConfigChannel
 .text.HAL_ADC_GetState
                0x0800590c       0x18 cmake/stm32cubemx/CMakeFiles/STM32_Drivers.dir/__/__/Drivers/STM32F4xx_HAL_Driver/Src/stm32f4xx_hal_adc.c.obj
                0x0800590c                HAL_ADC_GetState
 .text.ADC_Init
                0x08005924      0x1f8 cmake/stm32cubemx/CMakeFiles/STM32_Drivers.dir/__/__/Drivers/STM32F4xx_HAL_Driver/Src/stm32f4xx_hal_adc.c.obj
 .text.HAL_RCC_OscConfig
                0x08005b1c      0x4f0 cmake/stm32cubemx/CMakeFiles/STM32_Drivers.dir/__/__/Drivers/STM32F4xx_HAL_Driver/Src/stm32f4xx_hal_rcc.c.obj
                0x08005b1c                HAL_RCC_OscConfig
 .text.HAL_RCC_ClockConfig
                0x0800600c      0x1cc cmake/stm32cubemx/CMakeFiles/STM32_Drivers.dir/__/__/Drivers/STM32F4xx_HAL_Driver/Src/stm32f4xx_hal_rcc.c.obj
                0x0800600c                HAL_RCC_ClockConfig
 .text.HAL_RCC_GetSysClockFreq
                0x080061d8      0x20c cmake/stm32cubemx/CMakeFiles/STM32_Drivers.dir/__/__/Drivers/STM32F4xx_HAL_Driver/Src/stm32f4xx_hal_rcc.c.obj
                0x080061d8                HAL_RCC_GetSysClockFreq
 .text.HAL_RCC_GetHCLKFreq
                0x080063e4       0x18 cmake/stm32cubemx/CMakeFiles/STM32_Drivers.dir/__/__/Drivers/STM32F4xx_HAL_Driver/Src/stm32f4xx_hal_rcc.c.obj
                0x080063e4                HAL_RCC_GetHCLKFreq
 .text.HAL_RCC_GetPCLK1Freq
                0x080063fc       0x28 cmake/stm32cubemx/CMakeFiles/STM32_Drivers.dir/__/__/Drivers/STM32F4xx_HAL_Driver/Src/stm32f4xx_hal_rcc.c.obj
                0x080063fc                HAL_RCC_GetPCLK1Freq
 .text.HAL_RCC_GetPCLK2Freq
                0x08006424       0x28 cmake/stm32cubemx/CMakeFiles/STM32_Drivers.dir/__/__/Drivers/STM32F4xx_HAL_Driver/Src/stm32f4xx_hal_rcc.c.obj
                0x08006424                HAL_RCC_GetPCLK2Freq
 .text.HAL_GPIO_Init
                0x0800644c      0x338 cmake/stm32cubemx/CMakeFiles/STM32_Drivers.dir/__/__/Drivers/STM32F4xx_HAL_Driver/Src/stm32f4xx_hal_gpio.c.obj
                0x0800644c                HAL_GPIO_Init
 .text.HAL_GPIO_WritePin
                0x08006784       0x32 cmake/stm32cubemx/CMakeFiles/STM32_Drivers.dir/__/__/Drivers/STM32F4xx_HAL_Driver/Src/stm32f4xx_hal_gpio.c.obj
                0x08006784                HAL_GPIO_WritePin
 *fill*         0x080067b6        0x2 
 .text.__NVIC_SetPriorityGrouping
                0x080067b8       0x48 cmake/stm32cubemx/CMakeFiles/STM32_Drivers.dir/__/__/Drivers/STM32F4xx_HAL_Driver/Src/stm32f4xx_hal_cortex.c.obj
 .text.__NVIC_GetPriorityGrouping
                0x08006800       0x1c cmake/stm32cubemx/CMakeFiles/STM32_Drivers.dir/__/__/Drivers/STM32F4xx_HAL_Driver/Src/stm32f4xx_hal_cortex.c.obj
 .text.__NVIC_SetPriority
                0x0800681c       0x54 cmake/stm32cubemx/CMakeFiles/STM32_Drivers.dir/__/__/Drivers/STM32F4xx_HAL_Driver/Src/stm32f4xx_hal_cortex.c.obj
 .text.NVIC_EncodePriority
                0x08006870       0x66 cmake/stm32cubemx/CMakeFiles/STM32_Drivers.dir/__/__/Drivers/STM32F4xx_HAL_Driver/Src/stm32f4xx_hal_cortex.c.obj
 *fill*         0x080068d6        0x2 
 .text.SysTick_Config
                0x080068d8       0x44 cmake/stm32cubemx/CMakeFiles/STM32_Drivers.dir/__/__/Drivers/STM32F4xx_HAL_Driver/Src/stm32f4xx_hal_cortex.c.obj
 .text.HAL_NVIC_SetPriorityGrouping
                0x0800691c       0x16 cmake/stm32cubemx/CMakeFiles/STM32_Drivers.dir/__/__/Drivers/STM32F4xx_HAL_Driver/Src/stm32f4xx_hal_cortex.c.obj
                0x0800691c                HAL_NVIC_SetPriorityGrouping
 .text.HAL_NVIC_SetPriority
                0x08006932       0x38 cmake/stm32cubemx/CMakeFiles/STM32_Drivers.dir/__/__/Drivers/STM32F4xx_HAL_Driver/Src/stm32f4xx_hal_cortex.c.obj
                0x08006932                HAL_NVIC_SetPriority
 .text.HAL_SYSTICK_Config
                0x0800696a       0x18 cmake/stm32cubemx/CMakeFiles/STM32_Drivers.dir/__/__/Drivers/STM32F4xx_HAL_Driver/Src/stm32f4xx_hal_cortex.c.obj
                0x0800696a                HAL_SYSTICK_Config
 *fill*         0x08006982        0x2 
 .text.HAL_Init
                0x08006984       0x44 cmake/stm32cubemx/CMakeFiles/STM32_Drivers.dir/__/__/Drivers/STM32F4xx_HAL_Driver/Src/stm32f4xx_hal.c.obj
                0x08006984                HAL_Init
 .text.HAL_InitTick
                0x080069c8       0x60 cmake/stm32cubemx/CMakeFiles/STM32_Drivers.dir/__/__/Drivers/STM32F4xx_HAL_Driver/Src/stm32f4xx_hal.c.obj
                0x080069c8                HAL_InitTick
 .text.HAL_IncTick
                0x08006a28       0x28 cmake/stm32cubemx/CMakeFiles/STM32_Drivers.dir/__/__/Drivers/STM32F4xx_HAL_Driver/Src/stm32f4xx_hal.c.obj
                0x08006a28                HAL_IncTick
 .text.HAL_GetTick
                0x08006a50       0x18 cmake/stm32cubemx/CMakeFiles/STM32_Drivers.dir/__/__/Drivers/STM32F4xx_HAL_Driver/Src/stm32f4xx_hal.c.obj
                0x08006a50                HAL_GetTick
 .text.HAL_I2C_Init
                0x08006a68      0x288 cmake/stm32cubemx/CMakeFiles/STM32_Drivers.dir/__/__/Drivers/STM32F4xx_HAL_Driver/Src/stm32f4xx_hal_i2c.c.obj
                0x08006a68                HAL_I2C_Init
 .text.HAL_I2C_Mem_Read
                0x08006cf0      0x464 cmake/stm32cubemx/CMakeFiles/STM32_Drivers.dir/__/__/Drivers/STM32F4xx_HAL_Driver/Src/stm32f4xx_hal_i2c.c.obj
                0x08006cf0                HAL_I2C_Mem_Read
 .text.I2C_RequestMemoryRead
                0x08007154      0x1d0 cmake/stm32cubemx/CMakeFiles/STM32_Drivers.dir/__/__/Drivers/STM32F4xx_HAL_Driver/Src/stm32f4xx_hal_i2c.c.obj
 .text.I2C_WaitOnFlagUntilTimeout
                0x08007324       0xf4 cmake/stm32cubemx/CMakeFiles/STM32_Drivers.dir/__/__/Drivers/STM32F4xx_HAL_Driver/Src/stm32f4xx_hal_i2c.c.obj
 .text.I2C_WaitOnMasterAddressFlagUntilTimeout
                0x08007418      0x140 cmake/stm32cubemx/CMakeFiles/STM32_Drivers.dir/__/__/Drivers/STM32F4xx_HAL_Driver/Src/stm32f4xx_hal_i2c.c.obj
 .text.I2C_WaitOnTXEFlagUntilTimeout
                0x08007558       0x90 cmake/stm32cubemx/CMakeFiles/STM32_Drivers.dir/__/__/Drivers/STM32F4xx_HAL_Driver/Src/stm32f4xx_hal_i2c.c.obj
 .text.I2C_WaitOnRXNEFlagUntilTimeout
                0x080075e8       0xba cmake/stm32cubemx/CMakeFiles/STM32_Drivers.dir/__/__/Drivers/STM32F4xx_HAL_Driver/Src/stm32f4xx_hal_i2c.c.obj
 .text.I2C_IsAcknowledgeFailed
                0x080076a2       0x5e cmake/stm32cubemx/CMakeFiles/STM32_Drivers.dir/__/__/Drivers/STM32F4xx_HAL_Driver/Src/stm32f4xx_hal_i2c.c.obj
 .text.HAL_TIM_Base_Init
                0x08007700       0x9e cmake/stm32cubemx/CMakeFiles/STM32_Drivers.dir/__/__/Drivers/STM32F4xx_HAL_Driver/Src/stm32f4xx_hal_tim.c.obj
                0x08007700                HAL_TIM_Base_Init
 .text.HAL_TIM_PWM_Init
                0x0800779e       0x9e cmake/stm32cubemx/CMakeFiles/STM32_Drivers.dir/__/__/Drivers/STM32F4xx_HAL_Driver/Src/stm32f4xx_hal_tim.c.obj
                0x0800779e                HAL_TIM_PWM_Init
 .text.HAL_TIM_PWM_MspInit
                0x0800783c       0x14 cmake/stm32cubemx/CMakeFiles/STM32_Drivers.dir/__/__/Drivers/STM32F4xx_HAL_Driver/Src/stm32f4xx_hal_tim.c.obj
                0x0800783c                HAL_TIM_PWM_MspInit
 .text.HAL_TIM_PWM_Start
                0x08007850      0x190 cmake/stm32cubemx/CMakeFiles/STM32_Drivers.dir/__/__/Drivers/STM32F4xx_HAL_Driver/Src/stm32f4xx_hal_tim.c.obj
                0x08007850                HAL_TIM_PWM_Start
 .text.HAL_TIM_PWM_ConfigChannel
                0x080079e0      0x184 cmake/stm32cubemx/CMakeFiles/STM32_Drivers.dir/__/__/Drivers/STM32F4xx_HAL_Driver/Src/stm32f4xx_hal_tim.c.obj
                0x080079e0                HAL_TIM_PWM_ConfigChannel
 .text.HAL_TIM_ConfigClockSource
                0x08007b64      0x18e cmake/stm32cubemx/CMakeFiles/STM32_Drivers.dir/__/__/Drivers/STM32F4xx_HAL_Driver/Src/stm32f4xx_hal_tim.c.obj
                0x08007b64                HAL_TIM_ConfigClockSource
 *fill*         0x08007cf2        0x2 
 .text.TIM_Base_SetConfig
                0x08007cf4      0x14c cmake/stm32cubemx/CMakeFiles/STM32_Drivers.dir/__/__/Drivers/STM32F4xx_HAL_Driver/Src/stm32f4xx_hal_tim.c.obj
                0x08007cf4                TIM_Base_SetConfig
 .text.TIM_OC1_SetConfig
                0x08007e40       0xe0 cmake/stm32cubemx/CMakeFiles/STM32_Drivers.dir/__/__/Drivers/STM32F4xx_HAL_Driver/Src/stm32f4xx_hal_tim.c.obj
 .text.TIM_OC2_SetConfig
                0x08007f20       0xec cmake/stm32cubemx/CMakeFiles/STM32_Drivers.dir/__/__/Drivers/STM32F4xx_HAL_Driver/Src/stm32f4xx_hal_tim.c.obj
                0x08007f20                TIM_OC2_SetConfig
 .text.TIM_OC3_SetConfig
                0x0800800c       0xe8 cmake/stm32cubemx/CMakeFiles/STM32_Drivers.dir/__/__/Drivers/STM32F4xx_HAL_Driver/Src/stm32f4xx_hal_tim.c.obj
 .text.TIM_OC4_SetConfig
                0x080080f4       0xac cmake/stm32cubemx/CMakeFiles/STM32_Drivers.dir/__/__/Drivers/STM32F4xx_HAL_Driver/Src/stm32f4xx_hal_tim.c.obj
 .text.TIM_TI1_ConfigInputStage
                0x080081a0       0x5e cmake/stm32cubemx/CMakeFiles/STM32_Drivers.dir/__/__/Drivers/STM32F4xx_HAL_Driver/Src/stm32f4xx_hal_tim.c.obj
 .text.TIM_TI2_ConfigInputStage
                0x080081fe       0x60 cmake/stm32cubemx/CMakeFiles/STM32_Drivers.dir/__/__/Drivers/STM32F4xx_HAL_Driver/Src/stm32f4xx_hal_tim.c.obj
 .text.TIM_ITRx_SetConfig
                0x0800825e       0x36 cmake/stm32cubemx/CMakeFiles/STM32_Drivers.dir/__/__/Drivers/STM32F4xx_HAL_Driver/Src/stm32f4xx_hal_tim.c.obj
 .text.TIM_ETR_SetConfig
                0x08008294       0x40 cmake/stm32cubemx/CMakeFiles/STM32_Drivers.dir/__/__/Drivers/STM32F4xx_HAL_Driver/Src/stm32f4xx_hal_tim.c.obj
                0x08008294                TIM_ETR_SetConfig
 .text.TIM_CCxChannelCmd
                0x080082d4       0x4a cmake/stm32cubemx/CMakeFiles/STM32_Drivers.dir/__/__/Drivers/STM32F4xx_HAL_Driver/Src/stm32f4xx_hal_tim.c.obj
                0x080082d4                TIM_CCxChannelCmd
 *fill*         0x0800831e        0x2 
 .text.HAL_TIMEx_PWMN_Start
                0x08008320      0x174 cmake/stm32cubemx/CMakeFiles/STM32_Drivers.dir/__/__/Drivers/STM32F4xx_HAL_Driver/Src/stm32f4xx_hal_tim_ex.c.obj
                0x08008320                HAL_TIMEx_PWMN_Start
 .text.HAL_TIMEx_MasterConfigSynchronization
                0x08008494       0xf8 cmake/stm32cubemx/CMakeFiles/STM32_Drivers.dir/__/__/Drivers/STM32F4xx_HAL_Driver/Src/stm32f4xx_hal_tim_ex.c.obj
                0x08008494                HAL_TIMEx_MasterConfigSynchronization
 .text.HAL_TIMEx_ConfigBreakDeadTime
                0x0800858c       0xa4 cmake/stm32cubemx/CMakeFiles/STM32_Drivers.dir/__/__/Drivers/STM32F4xx_HAL_Driver/Src/stm32f4xx_hal_tim_ex.c.obj
                0x0800858c                HAL_TIMEx_ConfigBreakDeadTime
 .text.TIM_CCxNChannelCmd
                0x08008630       0x4a cmake/stm32cubemx/CMakeFiles/STM32_Drivers.dir/__/__/Drivers/STM32F4xx_HAL_Driver/Src/stm32f4xx_hal_tim_ex.c.obj
 .text.HAL_UART_Init
                0x0800867a       0xa0 cmake/stm32cubemx/CMakeFiles/STM32_Drivers.dir/__/__/Drivers/STM32F4xx_HAL_Driver/Src/stm32f4xx_hal_uart.c.obj
                0x0800867a                HAL_UART_Init
 .text.HAL_UART_Transmit
                0x0800871a      0x116 cmake/stm32cubemx/CMakeFiles/STM32_Drivers.dir/__/__/Drivers/STM32F4xx_HAL_Driver/Src/stm32f4xx_hal_uart.c.obj
                0x0800871a                HAL_UART_Transmit
 .text.UART_WaitOnFlagUntilTimeout
                0x08008830       0xb2 cmake/stm32cubemx/CMakeFiles/STM32_Drivers.dir/__/__/Drivers/STM32F4xx_HAL_Driver/Src/stm32f4xx_hal_uart.c.obj
 .text.UART_EndRxTransfer
                0x080088e2       0xc6 cmake/stm32cubemx/CMakeFiles/STM32_Drivers.dir/__/__/Drivers/STM32F4xx_HAL_Driver/Src/stm32f4xx_hal_uart.c.obj
 .text.UART_SetConfig
                0x080089a8      0x4e8 cmake/stm32cubemx/CMakeFiles/STM32_Drivers.dir/__/__/Drivers/STM32F4xx_HAL_Driver/Src/stm32f4xx_hal_uart.c.obj
 .text.main     0x08008e90       0x30 CMakeFiles/f407zgt6_cmake.dir/Core/Src/main.c.obj
                0x08008e90                main
 .text.SystemClock_Config
                0x08008ec0       0xd4 CMakeFiles/f407zgt6_cmake.dir/Core/Src/main.c.obj
                0x08008ec0                SystemClock_Config
 .text.Error_Handler
                0x08008f94        0xc CMakeFiles/f407zgt6_cmake.dir/Core/Src/main.c.obj
                0x08008f94                Error_Handler
 .text.MX_GPIO_Init
                0x08008fa0      0x10c CMakeFiles/f407zgt6_cmake.dir/Core/Src/gpio.c.obj
                0x08008fa0                MX_GPIO_Init
 .text.MX_ADC1_Init
                0x080090ac       0xa4 CMakeFiles/f407zgt6_cmake.dir/Core/Src/adc.c.obj
                0x080090ac                MX_ADC1_Init
 .text.MX_ADC2_Init
                0x08009150       0xa4 CMakeFiles/f407zgt6_cmake.dir/Core/Src/adc.c.obj
                0x08009150                MX_ADC2_Init
 .text.MX_ADC3_Init
                0x080091f4       0xa4 CMakeFiles/f407zgt6_cmake.dir/Core/Src/adc.c.obj
                0x080091f4                MX_ADC3_Init
 .text.HAL_ADC_MspInit
                0x08009298      0x148 CMakeFiles/f407zgt6_cmake.dir/Core/Src/adc.c.obj
                0x08009298                HAL_ADC_MspInit
 .text.MX_I2C1_Init
                0x080093e0       0x5c CMakeFiles/f407zgt6_cmake.dir/Core/Src/i2c.c.obj
                0x080093e0                MX_I2C1_Init
 .text.HAL_I2C_MspInit
                0x0800943c       0x90 CMakeFiles/f407zgt6_cmake.dir/Core/Src/i2c.c.obj
                0x0800943c                HAL_I2C_MspInit
 .text.MX_TIM8_Init
                0x080094cc      0x170 CMakeFiles/f407zgt6_cmake.dir/Core/Src/tim.c.obj
                0x080094cc                MX_TIM8_Init
 .text.HAL_TIM_Base_MspInit
                0x0800963c       0x44 CMakeFiles/f407zgt6_cmake.dir/Core/Src/tim.c.obj
                0x0800963c                HAL_TIM_Base_MspInit
 .text.HAL_TIM_MspPostInit
                0x08009680       0xf4 CMakeFiles/f407zgt6_cmake.dir/Core/Src/tim.c.obj
                0x08009680                HAL_TIM_MspPostInit
 .text.MX_USART1_UART_Init
                0x08009774       0x54 CMakeFiles/f407zgt6_cmake.dir/Core/Src/usart.c.obj
                0x08009774                MX_USART1_UART_Init
 .text.HAL_UART_MspInit
                0x080097c8       0x90 CMakeFiles/f407zgt6_cmake.dir/Core/Src/usart.c.obj
                0x080097c8                HAL_UART_MspInit
 .text.__io_putchar
                0x08009858       0x24 CMakeFiles/f407zgt6_cmake.dir/Core/Src/usart.c.obj
                0x08009858                __io_putchar
 .text.NMI_Handler
                0x0800987c        0x8 CMakeFiles/f407zgt6_cmake.dir/Core/Src/stm32f4xx_it.c.obj
                0x0800987c                NMI_Handler
 .text.HardFault_Handler
                0x08009884        0x8 CMakeFiles/f407zgt6_cmake.dir/Core/Src/stm32f4xx_it.c.obj
                0x08009884                HardFault_Handler
 .text.MemManage_Handler
                0x0800988c        0x8 CMakeFiles/f407zgt6_cmake.dir/Core/Src/stm32f4xx_it.c.obj
                0x0800988c                MemManage_Handler
 .text.BusFault_Handler
                0x08009894        0x8 CMakeFiles/f407zgt6_cmake.dir/Core/Src/stm32f4xx_it.c.obj
                0x08009894                BusFault_Handler
 .text.UsageFault_Handler
                0x0800989c        0x8 CMakeFiles/f407zgt6_cmake.dir/Core/Src/stm32f4xx_it.c.obj
                0x0800989c                UsageFault_Handler
 .text.SVC_Handler
                0x080098a4        0xe CMakeFiles/f407zgt6_cmake.dir/Core/Src/stm32f4xx_it.c.obj
                0x080098a4                SVC_Handler
 .text.DebugMon_Handler
                0x080098b2        0xe CMakeFiles/f407zgt6_cmake.dir/Core/Src/stm32f4xx_it.c.obj
                0x080098b2                DebugMon_Handler
 .text.PendSV_Handler
                0x080098c0        0xe CMakeFiles/f407zgt6_cmake.dir/Core/Src/stm32f4xx_it.c.obj
                0x080098c0                PendSV_Handler
 .text.SysTick_Handler
                0x080098ce        0xc CMakeFiles/f407zgt6_cmake.dir/Core/Src/stm32f4xx_it.c.obj
                0x080098ce                SysTick_Handler
 *fill*         0x080098da        0x2 
 .text.HAL_MspInit
                0x080098dc       0x50 CMakeFiles/f407zgt6_cmake.dir/Core/Src/stm32f4xx_hal_msp.c.obj
                0x080098dc                HAL_MspInit
 .text._sbrk    0x0800992c       0x6c CMakeFiles/f407zgt6_cmake.dir/Core/Src/sysmem.c.obj
                0x0800992c                _sbrk
 .text._getpid  0x08009998       0x10 CMakeFiles/f407zgt6_cmake.dir/Core/Src/syscalls.c.obj
                0x08009998                _getpid
 .text._kill    0x080099a8       0x20 CMakeFiles/f407zgt6_cmake.dir/Core/Src/syscalls.c.obj
                0x080099a8                _kill
 .text._exit    0x080099c8       0x16 CMakeFiles/f407zgt6_cmake.dir/Core/Src/syscalls.c.obj
                0x080099c8                _exit
 .text._read    0x080099de       0x3a CMakeFiles/f407zgt6_cmake.dir/Core/Src/syscalls.c.obj
                0x080099de                _read
 .text._write   0x08009a18       0x38 CMakeFiles/f407zgt6_cmake.dir/Core/Src/syscalls.c.obj
                0x08009a18                _write
 .text._close   0x08009a50       0x18 CMakeFiles/f407zgt6_cmake.dir/Core/Src/syscalls.c.obj
                0x08009a50                _close
 .text._fstat   0x08009a68       0x20 CMakeFiles/f407zgt6_cmake.dir/Core/Src/syscalls.c.obj
                0x08009a68                _fstat
 .text._isatty  0x08009a88       0x16 CMakeFiles/f407zgt6_cmake.dir/Core/Src/syscalls.c.obj
                0x08009a88                _isatty
 .text._lseek   0x08009a9e       0x1a CMakeFiles/f407zgt6_cmake.dir/Core/Src/syscalls.c.obj
                0x08009a9e                _lseek
 .text.Reset_Handler
                0x08009ab8       0x50 CMakeFiles/f407zgt6_cmake.dir/startup_stm32f407xx.s.obj
                0x08009ab8                Reset_Handler
 .text.Default_Handler
                0x08009b08        0x2 CMakeFiles/f407zgt6_cmake.dir/startup_stm32f407xx.s.obj
                0x08009b08                RTC_Alarm_IRQHandler
                0x08009b08                HASH_RNG_IRQHandler
                0x08009b08                EXTI2_IRQHandler
                0x08009b08                TIM8_CC_IRQHandler
                0x08009b08                TIM1_CC_IRQHandler
                0x08009b08                DMA2_Stream5_IRQHandler
                0x08009b08                DMA1_Stream5_IRQHandler
                0x08009b08                PVD_IRQHandler
                0x08009b08                SDIO_IRQHandler
                0x08009b08                TAMP_STAMP_IRQHandler
                0x08009b08                CAN2_RX1_IRQHandler
                0x08009b08                EXTI3_IRQHandler
                0x08009b08                TIM8_TRG_COM_TIM14_IRQHandler
                0x08009b08                TIM1_UP_TIM10_IRQHandler
                0x08009b08                TIM8_UP_TIM13_IRQHandler
                0x08009b08                I2C3_ER_IRQHandler
                0x08009b08                EXTI0_IRQHandler
                0x08009b08                I2C2_EV_IRQHandler
                0x08009b08                DMA1_Stream2_IRQHandler
                0x08009b08                CAN1_RX0_IRQHandler
                0x08009b08                FPU_IRQHandler
                0x08009b08                OTG_HS_WKUP_IRQHandler
                0x08009b08                CAN2_SCE_IRQHandler
                0x08009b08                DMA2_Stream2_IRQHandler
                0x08009b08                SPI1_IRQHandler
                0x08009b08                TIM6_DAC_IRQHandler
                0x08009b08                TIM1_BRK_TIM9_IRQHandler
                0x08009b08                DCMI_IRQHandler
                0x08009b08                CAN2_RX0_IRQHandler
                0x08009b08                DMA2_Stream3_IRQHandler
                0x08009b08                USART6_IRQHandler
                0x08009b08                USART3_IRQHandler
                0x08009b08                CAN1_RX1_IRQHandler
                0x08009b08                UART5_IRQHandler
                0x08009b08                DMA2_Stream0_IRQHandler
                0x08009b08                TIM4_IRQHandler
                0x08009b08                I2C1_EV_IRQHandler
                0x08009b08                DMA1_Stream6_IRQHandler
                0x08009b08                DMA1_Stream1_IRQHandler
                0x08009b08                UART4_IRQHandler
                0x08009b08                TIM3_IRQHandler
                0x08009b08                RCC_IRQHandler
                0x08009b08                TIM8_BRK_TIM12_IRQHandler
                0x08009b08                Default_Handler
                0x08009b08                EXTI15_10_IRQHandler
                0x08009b08                ADC_IRQHandler
                0x08009b08                DMA1_Stream7_IRQHandler
                0x08009b08                TIM7_IRQHandler
                0x08009b08                CAN2_TX_IRQHandler
                0x08009b08                TIM5_IRQHandler
                0x08009b08                DMA2_Stream7_IRQHandler
                0x08009b08                I2C3_EV_IRQHandler
                0x08009b08                EXTI9_5_IRQHandler
                0x08009b08                RTC_WKUP_IRQHandler
                0x08009b08                ETH_WKUP_IRQHandler
                0x08009b08                SPI2_IRQHandler
                0x08009b08                OTG_HS_EP1_IN_IRQHandler
                0x08009b08                DMA1_Stream0_IRQHandler
                0x08009b08                CAN1_TX_IRQHandler
                0x08009b08                EXTI4_IRQHandler
                0x08009b08                FSMC_IRQHandler
                0x08009b08                ETH_IRQHandler
                0x08009b08                OTG_HS_EP1_OUT_IRQHandler
                0x08009b08                WWDG_IRQHandler
                0x08009b08                TIM2_IRQHandler
                0x08009b08                OTG_FS_WKUP_IRQHandler
                0x08009b08                TIM1_TRG_COM_TIM11_IRQHandler
                0x08009b08                OTG_HS_IRQHandler
                0x08009b08                EXTI1_IRQHandler
                0x08009b08                USART2_IRQHandler
                0x08009b08                I2C2_ER_IRQHandler
                0x08009b08                DMA2_Stream1_IRQHandler
                0x08009b08                CAN1_SCE_IRQHandler
                0x08009b08                FLASH_IRQHandler
                0x08009b08                DMA2_Stream4_IRQHandler
                0x08009b08                USART1_IRQHandler
                0x08009b08                OTG_FS_IRQHandler
                0x08009b08                SPI3_IRQHandler
                0x08009b08                DMA1_Stream4_IRQHandler
                0x08009b08                I2C1_ER_IRQHandler
                0x08009b08                DMA2_Stream6_IRQHandler
                0x08009b08                DMA1_Stream3_IRQHandler
 .text.mymain   0x08009b0a        0xe CMakeFiles/f407zgt6_cmake.dir/BSP/mymain.c.obj
                0x08009b0a                mymain
 .text.test_main
                0x08009b18        0xc CMakeFiles/f407zgt6_cmake.dir/BSP/test/test.c.obj
                0x08009b18                test_main
 .text.test_3current
                0x08009b24      0x274 CMakeFiles/f407zgt6_cmake.dir/BSP/test/test.c.obj
                0x08009b24                test_3current
 .text.BLDCDriver3PWM_enable
                0x08009d98       0x34 CMakeFiles/f407zgt6_cmake.dir/BSP/FOC/BLDCDriver/BLDCDriver.c.obj
                0x08009d98                BLDCDriver3PWM_enable
 .text.BLDCDriver3PWM_disable
                0x08009dcc       0x2c CMakeFiles/f407zgt6_cmake.dir/BSP/FOC/BLDCDriver/BLDCDriver.c.obj
                0x08009dcc                BLDCDriver3PWM_disable
 .text.BLDCDriver3PWM_init
                0x08009df8       0x34 CMakeFiles/f407zgt6_cmake.dir/BSP/FOC/BLDCDriver/BLDCDriver.c.obj
                0x08009df8                BLDCDriver3PWM_init
 .text.CurrentSense_Init
                0x08009e2c       0x48 CMakeFiles/f407zgt6_cmake.dir/BSP/FOC/currentSense/currentSense.c.obj
                0x08009e2c                CurrentSense_Init
 .text.CurrentSense_getOffset
                0x08009e74       0x60 CMakeFiles/f407zgt6_cmake.dir/BSP/FOC/currentSense/currentSense.c.obj
                0x08009e74                CurrentSense_getOffset
 .text.CurrentSense_get3Offset
                0x08009ed4       0x62 CMakeFiles/f407zgt6_cmake.dir/BSP/FOC/currentSense/currentSense.c.obj
                0x08009ed4                CurrentSense_get3Offset
 *fill*         0x08009f36        0x2 
 .text.CurrentSense_getRawCurrent
                0x08009f38       0xb4 CMakeFiles/f407zgt6_cmake.dir/BSP/FOC/currentSense/currentSense.c.obj
                0x08009f38                CurrentSense_getRawCurrent
 *fill*         0x08009fec        0x4 
 .text.CurrentSense_getCurrent
                0x08009ff0       0xd4 CMakeFiles/f407zgt6_cmake.dir/BSP/FOC/currentSense/currentSense.c.obj
                0x08009ff0                CurrentSense_getCurrent
 .text.CurrentSense_get3Current
                0x0800a0c4       0x7a CMakeFiles/f407zgt6_cmake.dir/BSP/FOC/currentSense/currentSense.c.obj
                0x0800a0c4                CurrentSense_get3Current
 .text.PIDController_init
                0x0800a13e       0x64 CMakeFiles/f407zgt6_cmake.dir/BSP/FOC/pid/pid.c.obj
                0x0800a13e                PIDController_init
 *fill*         0x0800a1a2        0x6 
 .text.PIDController_update
                0x0800a1a8      0x270 CMakeFiles/f407zgt6_cmake.dir/BSP/FOC/pid/pid.c.obj
                0x0800a1a8                PIDController_update
 .text.BLDCMotor_enable
                0x0800a418       0x24 CMakeFiles/f407zgt6_cmake.dir/BSP/FOC/BLDCMotor.c.obj
                0x0800a418                BLDCMotor_enable
 .text.BLDCDriver_writeDutyCycle3PWM
                0x0800a43c       0x1e CMakeFiles/f407zgt6_cmake.dir/BSP/FOC/BLDCMotor.c.obj
                0x0800a43c                BLDCDriver_writeDutyCycle3PWM
 *fill*         0x0800a45a        0x2 
 .text.BLDCDriver3PWM_setPwm
                0x0800a45c      0x1bc CMakeFiles/f407zgt6_cmake.dir/BSP/FOC/BLDCMotor.c.obj
                0x0800a45c                BLDCDriver3PWM_setPwm
 .text.BLDCDriver_writeDutyCycle6PWM
                0x0800a618       0x8c CMakeFiles/f407zgt6_cmake.dir/BSP/FOC/BLDCMotor.c.obj
                0x0800a618                BLDCDriver_writeDutyCycle6PWM
 .text.BLDCDriver6PWM_setPwm
                0x0800a6a4      0x1bc CMakeFiles/f407zgt6_cmake.dir/BSP/FOC/BLDCMotor.c.obj
                0x0800a6a4                BLDCDriver6PWM_setPwm
 .text.BLDCMotor_setPhaseVoltage
                0x0800a860      0xa78 CMakeFiles/f407zgt6_cmake.dir/BSP/FOC/BLDCMotor.c.obj
                0x0800a860                BLDCMotor_setPhaseVoltage
 .text.BLDCMotor_init
                0x0800b2d8       0x6a CMakeFiles/f407zgt6_cmake.dir/BSP/FOC/BLDCMotor.c.obj
                0x0800b2d8                BLDCMotor_init
 *fill*         0x0800b342        0x2 
 .text.BLDCMotor_linkDriver
                0x0800b344       0x2c CMakeFiles/f407zgt6_cmake.dir/BSP/FOC/BLDCMotor.c.obj
                0x0800b344                BLDCMotor_linkDriver
 .text.BLDCMotor_velocityOpenloop
                0x0800b370       0xb4 CMakeFiles/f407zgt6_cmake.dir/BSP/FOC/BLDCMotor.c.obj
                0x0800b370                BLDCMotor_velocityOpenloop
 .text.BLDCMotor_angleOpenloop
                0x0800b424      0x128 CMakeFiles/f407zgt6_cmake.dir/BSP/FOC/BLDCMotor.c.obj
                0x0800b424                BLDCMotor_angleOpenloop
 .text.BLDCMotor_move
                0x0800b54c      0x1c0 CMakeFiles/f407zgt6_cmake.dir/BSP/FOC/BLDCMotor.c.obj
                0x0800b54c                BLDCMotor_move
 .text._micros  0x0800b70c        0xe CMakeFiles/f407zgt6_cmake.dir/BSP/FOC/foc_base.c.obj
                0x0800b70c                _micros
 *fill*         0x0800b71a        0x2 
 .text._writeDutyCycle3PWM
                0x0800b71c       0x90 CMakeFiles/f407zgt6_cmake.dir/BSP/FOC/foc_base.c.obj
                0x0800b71c                _writeDutyCycle3PWM
 *fill*         0x0800b7ac        0x4 
 .text._sin     0x0800b7b0      0x370 CMakeFiles/f407zgt6_cmake.dir/BSP/FOC/foc_base.c.obj
                0x0800b7b0                _sin
 .text._cos     0x0800bb20       0x90 CMakeFiles/f407zgt6_cmake.dir/BSP/FOC/foc_base.c.obj
                0x0800bb20                _cos
 .text._normalizeAngle
                0x0800bbb0       0x78 CMakeFiles/f407zgt6_cmake.dir/BSP/FOC/foc_base.c.obj
                0x0800bbb0                _normalizeAngle
 .text._electricalAngle
                0x0800bc28       0x2c CMakeFiles/f407zgt6_cmake.dir/BSP/FOC/foc_base.c.obj
                0x0800bc28                _electricalAngle
 .text.setPwm   0x0800bc54      0x1dc CMakeFiles/f407zgt6_cmake.dir/BSP/FOC/foc_base.c.obj
                0x0800bc54                setPwm
 .text.Clarke_Transform
                0x0800be30       0x60 CMakeFiles/f407zgt6_cmake.dir/BSP/FOC/foc_base.c.obj
                0x0800be30                Clarke_Transform
 .text.Park_Transform
                0x0800be90       0x7e CMakeFiles/f407zgt6_cmake.dir/BSP/FOC/foc_base.c.obj
                0x0800be90                Park_Transform
 *fill*         0x0800bf0e        0x2 
 .text.FOCMotor_init
                0x0800bf10       0xf0 CMakeFiles/f407zgt6_cmake.dir/BSP/FOC/foc_motor.c.obj
                0x0800bf10                FOCMotor_init
 .text.FOCMotor_shaftVelocity
                0x0800c000       0x48 CMakeFiles/f407zgt6_cmake.dir/BSP/FOC/foc_motor.c.obj
                0x0800c000                FOCMotor_shaftVelocity
 .text.LowPassFilter_init
                0x0800c048       0x2c CMakeFiles/f407zgt6_cmake.dir/BSP/FOC/lowpass_filter.c.obj
                0x0800c048                LowPassFilter_init
 .text.LowPassFilter
                0x0800c074       0xbc CMakeFiles/f407zgt6_cmake.dir/BSP/FOC/lowpass_filter.c.obj
                0x0800c074                LowPassFilter
 .text.pwm_init
                0x0800c130       0x94 CMakeFiles/f407zgt6_cmake.dir/BSP/FOC/pwm.c.obj
                0x0800c130                pwm_init
 .text.Encoder_getVelocity
                0x0800c1c4       0x2a CMakeFiles/f407zgt6_cmake.dir/BSP/FOC/encoder/encoder.c.obj
                0x0800c1c4                Encoder_getVelocity
 .text.AS5600_ReadAngle
                0x0800c1ee       0x78 CMakeFiles/f407zgt6_cmake.dir/BSP/FOC/encoder/encoder_as5600.c.obj
                0x0800c1ee                AS5600_ReadAngle
 *fill*         0x0800c266        0x2 
 .text.getMicros
                0x0800c268       0x40 CMakeFiles/f407zgt6_cmake.dir/BSP/FOC/encoder/encoder_as5600.c.obj
 .text.AS5600_GetAngularSpeed
                0x0800c2a8      0x10c CMakeFiles/f407zgt6_cmake.dir/BSP/FOC/encoder/encoder_as5600.c.obj
                0x0800c2a8                AS5600_GetAngularSpeed
 .text.AS5600_ReadReg2
                0x0800c3b4       0x8c CMakeFiles/f407zgt6_cmake.dir/BSP/FOC/encoder/encoder_as5600.c.obj
                0x0800c3b4                AS5600_ReadReg2
 *(.glue_7)
 .glue_7        0x0800c440        0x0 linker stubs
 *(.glue_7t)
 .glue_7t       0x0800c440        0x0 linker stubs
 *(.eh_frame)
 .eh_frame      0x0800c440        0x0 /usr/lib/gcc/arm-none-eabi/13.2.1/thumb/v7e-m+fp/hard/crtbegin.o
 *(.init)
 .init          0x0800c440        0x4 /usr/lib/gcc/arm-none-eabi/13.2.1/thumb/v7e-m+fp/hard/crti.o
                0x0800c440                _init
 .init          0x0800c444        0x8 /usr/lib/gcc/arm-none-eabi/13.2.1/thumb/v7e-m+fp/hard/crtn.o
 *(.fini)
 .fini          0x0800c44c        0x4 /usr/lib/gcc/arm-none-eabi/13.2.1/thumb/v7e-m+fp/hard/crti.o
                0x0800c44c                _fini
 .fini          0x0800c450        0x8 /usr/lib/gcc/arm-none-eabi/13.2.1/thumb/v7e-m+fp/hard/crtn.o
                0x0800c458                        . = ALIGN (0x4)
                0x0800c458                        _etext = .

.vfp11_veneer   0x0800c458        0x0
 .vfp11_veneer  0x0800c458        0x0 linker stubs

.v4_bx          0x0800c458        0x0
 .v4_bx         0x0800c458        0x0 linker stubs

.iplt           0x0800c458        0x0
 .iplt          0x0800c458        0x0 /usr/lib/gcc/arm-none-eabi/13.2.1/thumb/v7e-m+fp/hard/crtbegin.o

.rodata         0x0800c458      0x3d4
                0x0800c458                        . = ALIGN (0x4)
 *(.rodata)
 .rodata        0x0800c458       0x20 CMakeFiles/f407zgt6_cmake.dir/BSP/test/test.c.obj
 .rodata        0x0800c478       0x12 CMakeFiles/f407zgt6_cmake.dir/BSP/FOC/BLDCDriver/BLDCDriver.c.obj
 *fill*         0x0800c48a        0x2 
 .rodata        0x0800c48c       0x11 CMakeFiles/f407zgt6_cmake.dir/BSP/FOC/BLDCMotor.c.obj
 *fill*         0x0800c49d        0x3 
 .rodata        0x0800c4a0       0x10 /usr/lib/gcc/arm-none-eabi/13.2.1/../../../arm-none-eabi/lib/thumb/v7e-m+fp/hard/libm.a(libm_a-e_fmod.o)
 .rodata        0x0800c4b0      0x128 /usr/lib/gcc/arm-none-eabi/13.2.1/../../../arm-none-eabi/lib/thumb/v7e-m+fp/hard/libg_nano.a(libc_a-mprec.o)
                0x0800c4c0                __mprec_tens
                0x0800c588                __mprec_tinytens
                0x0800c5b0                __mprec_bigtens
 .rodata        0x0800c5d8      0x101 /usr/lib/gcc/arm-none-eabi/13.2.1/../../../arm-none-eabi/lib/thumb/v7e-m+fp/hard/libg_nano.a(libc_a-ctype_.o)
                0x0800c5d8                _ctype_
 *(.rodata*)
 *fill*         0x0800c6d9        0x3 
 .rodata.AHBPrescTable
                0x0800c6dc       0x10 cmake/stm32cubemx/CMakeFiles/STM32_Drivers.dir/__/__/Core/Src/system_stm32f4xx.c.obj
                0x0800c6dc                AHBPrescTable
 .rodata.APBPrescTable
                0x0800c6ec        0x8 cmake/stm32cubemx/CMakeFiles/STM32_Drivers.dir/__/__/Core/Src/system_stm32f4xx.c.obj
                0x0800c6ec                APBPrescTable
 .rodata.str1.4
                0x0800c6f4      0x136 /usr/lib/gcc/arm-none-eabi/13.2.1/../../../arm-none-eabi/lib/thumb/v7e-m+fp/hard/libg_nano.a(libc_a-nano-vfprintf_float.o)
                                 0x12 (size before relaxing)
 .rodata.str1.4
                0x0800c82a       0x69 /usr/lib/gcc/arm-none-eabi/13.2.1/../../../arm-none-eabi/lib/thumb/v7e-m+fp/hard/libg_nano.a(libc_a-dtoa.o)
 .rodata.str1.4
                0x0800c82a       0x25 /usr/lib/gcc/arm-none-eabi/13.2.1/../../../arm-none-eabi/lib/thumb/v7e-m+fp/hard/libg_nano.a(libc_a-nano-vfprintf_i.o)
 .rodata.str1.4
                0x0800c82a       0x13 /usr/lib/gcc/arm-none-eabi/13.2.1/../../../arm-none-eabi/lib/thumb/v7e-m+fp/hard/libg_nano.a(libc_a-nano-vfprintf.o)
 .rodata.str1.4
                0x0800c82a       0x43 /usr/lib/gcc/arm-none-eabi/13.2.1/../../../arm-none-eabi/lib/thumb/v7e-m+fp/hard/libg_nano.a(libc_a-assert.o)
 .rodata.str1.4
                0x0800c82a       0x59 /usr/lib/gcc/arm-none-eabi/13.2.1/../../../arm-none-eabi/lib/thumb/v7e-m+fp/hard/libg_nano.a(libc_a-mprec.o)
 .rodata.str1.4
                0x0800c82a       0x12 /usr/lib/gcc/arm-none-eabi/13.2.1/../../../arm-none-eabi/lib/thumb/v7e-m+fp/hard/libg_nano.a(libc_a-locale.o)
                0x0800c894                        . = ALIGN (0x4)
 *fill*         0x0800c82a        0x2 

.ARM.extab      0x0800c82c        0x0
                0x0800c82c                        . = ALIGN (0x4)
 *(.ARM.extab* .gnu.linkonce.armextab.*)
                0x0800c82c                        . = ALIGN (0x4)

.ARM            0x0800c82c        0x8
                0x0800c82c                        . = ALIGN (0x4)
                0x0800c82c                        __exidx_start = .
 *(.ARM.exidx*)
 .ARM.exidx     0x0800c82c        0x8 /usr/lib/gcc/arm-none-eabi/13.2.1/thumb/v7e-m+fp/hard/libgcc.a(_udivmoddi4.o)
 .ARM.exidx     0x0800c834        0x0 /usr/lib/gcc/arm-none-eabi/13.2.1/../../../arm-none-eabi/lib/thumb/v7e-m+fp/hard/libg_nano.a(libc_a-memcpy.o)
                                  0x8 (size before relaxing)
 .ARM.exidx     0x0800c834        0x0 /usr/lib/gcc/arm-none-eabi/13.2.1/../../../arm-none-eabi/lib/thumb/v7e-m+fp/hard/libg_nano.a(libc_a-strlen.o)
                                  0x8 (size before relaxing)
 .ARM.exidx     0x0800c834        0x0 /usr/lib/gcc/arm-none-eabi/13.2.1/../../../arm-none-eabi/lib/thumb/v7e-m+fp/hard/libg_nano.a(libc_a-memchr.o)
                                  0x8 (size before relaxing)
                0x0800c834                        __exidx_end = .
                0x0800c834                        . = ALIGN (0x4)

.preinit_array  0x0800c834        0x0
                0x0800c834                        . = ALIGN (0x4)
                0x0800c834                        PROVIDE (__preinit_array_start = .)
 *(.preinit_array*)
                0x0800c834                        PROVIDE (__preinit_array_end = .)
                0x0800c834                        . = ALIGN (0x4)

.init_array     0x0800c834        0x4
                0x0800c834                        . = ALIGN (0x4)
                0x0800c834                        PROVIDE (__init_array_start = .)
 *(SORT_BY_NAME(.init_array.*))
 *(.init_array*)
 .init_array    0x0800c834        0x4 /usr/lib/gcc/arm-none-eabi/13.2.1/thumb/v7e-m+fp/hard/crtbegin.o
                0x0800c838                        PROVIDE (__init_array_end = .)
                0x0800c838                        . = ALIGN (0x4)

.fini_array     0x0800c838        0x4
                0x0800c838                        . = ALIGN (0x4)
                0x0800c838                        PROVIDE (__fini_array_start = .)
 *(SORT_BY_NAME(.fini_array.*))
 *(.fini_array*)
 .fini_array    0x0800c838        0x4 /usr/lib/gcc/arm-none-eabi/13.2.1/thumb/v7e-m+fp/hard/crtbegin.o
                0x0800c83c                        PROVIDE (__fini_array_end = .)
                0x0800c83c                        . = ALIGN (0x4)
                0x0800c83c                        _siccmram = LOADADDR (.ccmram)

.rel.dyn        0x0800c83c        0x0
 .rel.iplt      0x0800c83c        0x0 /usr/lib/gcc/arm-none-eabi/13.2.1/thumb/v7e-m+fp/hard/crtbegin.o

.ccmram         0x10000000        0x0 load address 0x0800c83c
                0x10000000                        . = ALIGN (0x4)
                0x10000000                        _sccmram = .
 *(.ccmram)
 *(.ccmram*)
                0x10000000                        . = ALIGN (0x4)
                0x10000000                        _eccmram = .
                0x0800c83c                        _sidata = LOADADDR (.data)

.data           0x20000000      0x5e4 load address 0x0800c83c
                0x20000000                        . = ALIGN (0x4)
                0x20000000                        _sdata = .
 *(.data)
 .data          0x20000000        0xc /usr/lib/gcc/arm-none-eabi/13.2.1/../../../arm-none-eabi/lib/thumb/v7e-m+fp/hard/libg_nano.a(libc_a-findfp.o)
                0x20000000                __sglue
 .data          0x2000000c       0x50 /usr/lib/gcc/arm-none-eabi/13.2.1/../../../arm-none-eabi/lib/thumb/v7e-m+fp/hard/libg_nano.a(libc_a-impure.o)
                0x2000000c                _impure_ptr
                0x20000010                _impure_data
 .data          0x2000005c      0x16c /usr/lib/gcc/arm-none-eabi/13.2.1/../../../arm-none-eabi/lib/thumb/v7e-m+fp/hard/libg_nano.a(libc_a-locale.o)
                0x2000005c                __global_locale
 *(.data*)
 .data.SystemCoreClock
                0x200001c8        0x4 cmake/stm32cubemx/CMakeFiles/STM32_Drivers.dir/__/__/Core/Src/system_stm32f4xx.c.obj
                0x200001c8                SystemCoreClock
 .data.uwTickPrio
                0x200001cc        0x4 cmake/stm32cubemx/CMakeFiles/STM32_Drivers.dir/__/__/Drivers/STM32F4xx_HAL_Driver/Src/stm32f4xx_hal.c.obj
                0x200001cc                uwTickPrio
 .data.uwTickFreq
                0x200001d0        0x1 cmake/stm32cubemx/CMakeFiles/STM32_Drivers.dir/__/__/Drivers/STM32F4xx_HAL_Driver/Src/stm32f4xx_hal.c.obj
                0x200001d0                uwTickFreq
 *fill*         0x200001d1        0x3 
 .data.FOCdriver3PWM_functions
                0x200001d4       0x10 CMakeFiles/f407zgt6_cmake.dir/BSP/FOC/BLDCDriver/BLDCDriver.c.obj
 .data.trap_120_map.1
                0x200001e4       0x48 CMakeFiles/f407zgt6_cmake.dir/BSP/FOC/BLDCMotor.c.obj
 .data.trap_150_map.0
                0x2000022c       0x90 CMakeFiles/f407zgt6_cmake.dir/BSP/FOC/BLDCMotor.c.obj
 .data.voltage_limit
                0x200002bc        0x4 CMakeFiles/f407zgt6_cmake.dir/BSP/FOC/foc_base.c.obj
                0x200002bc                voltage_limit
 .data.voltage_power_supply
                0x200002c0        0x4 CMakeFiles/f407zgt6_cmake.dir/BSP/FOC/foc_base.c.obj
                0x200002c0                voltage_power_supply
 .data.sine_array
                0x200002c4      0x320 CMakeFiles/f407zgt6_cmake.dir/BSP/FOC/foc_base.c.obj
                0x200002c4                sine_array
 *(.RamFunc)
 *(.RamFunc*)
                0x200005e4                        . = ALIGN (0x4)

.tm_clone_table
                0x200005e4        0x0 load address 0x0800ce20
 .tm_clone_table
                0x200005e4        0x0 /usr/lib/gcc/arm-none-eabi/13.2.1/thumb/v7e-m+fp/hard/crtbegin.o
 .tm_clone_table
                0x200005e4        0x0 /usr/lib/gcc/arm-none-eabi/13.2.1/thumb/v7e-m+fp/hard/crtend.o

.igot.plt       0x200005e4        0x0 load address 0x0800ce20
 .igot.plt      0x200005e4        0x0 /usr/lib/gcc/arm-none-eabi/13.2.1/thumb/v7e-m+fp/hard/crtbegin.o

.tdata          0x200005e4        0x0 load address 0x0800ce20
 *(.tdata .tdata.* .gnu.linkonce.td.*)
                0x200005e4                        . = ALIGN (0x4)
                0x200005e4                        _edata = .
                [!provide]                        PROVIDE (__data_end = .)
                [!provide]                        PROVIDE (__tdata_end = .)
                [!provide]                        PROVIDE (__tdata_start = ADDR (.tdata))
                [!provide]                        PROVIDE (__tdata_size = (__tdata_end - __tdata_start))
                [!provide]                        PROVIDE (__data_start = ADDR (.data))
                [!provide]                        PROVIDE (__data_size = (__data_end - __data_start))
                [!provide]                        PROVIDE (__tdata_source = LOADADDR (.tdata))
                [!provide]                        PROVIDE (__tdata_source_end = (LOADADDR (.tdata) + SIZEOF (.tdata)))
                [!provide]                        PROVIDE (__tdata_source_size = (__tdata_source_end - __tdata_source))
                [!provide]                        PROVIDE (__data_source = LOADADDR (.data))
                [!provide]                        PROVIDE (__data_source_end = __tdata_source_end)
                [!provide]                        PROVIDE (__data_source_size = (__data_source_end - __data_source))

.tbss           0x200005e4        0x0 load address 0x0800ce20
                0x200005e4                        _sbss = .
                0x200005e4                        __bss_start__ = _sbss
 *(.tbss .tbss.*)
                0x200005e4                        . = ALIGN (0x4)
                [!provide]                        PROVIDE (__tbss_end = .)
                [!provide]                        PROVIDE (__tbss_start = ADDR (.tbss))
                [!provide]                        PROVIDE (__tbss_size = (__tbss_end - __tbss_start))
                [!provide]                        PROVIDE (__tbss_offset = (ADDR (.tbss) - ADDR (.tdata)))
                [!provide]                        PROVIDE (__tls_base = __tdata_start)
                [!provide]                        PROVIDE (__tls_end = __tbss_end)
                [!provide]                        PROVIDE (__tls_size = (__tls_end - __tls_base))
                [!provide]                        PROVIDE (__tls_align = MAX (ALIGNOF (.tdata), ALIGNOF (.tbss)))
                [!provide]                        PROVIDE (__tls_size_align = (((__tls_size + __tls_align) - 0x1) & ~ ((__tls_align - 0x1))))
                [!provide]                        PROVIDE (__arm32_tls_tcb_offset = MAX (0x8, __tls_align))
                [!provide]                        PROVIDE (__arm64_tls_tcb_offset = MAX (0x10, __tls_align))

.bss            0x200005e4      0x334 load address 0x0800ce20
 *(.bss)
 .bss           0x200005e4       0x1c /usr/lib/gcc/arm-none-eabi/13.2.1/thumb/v7e-m+fp/hard/crtbegin.o
 .bss           0x20000600      0x13c /usr/lib/gcc/arm-none-eabi/13.2.1/../../../arm-none-eabi/lib/thumb/v7e-m+fp/hard/libg_nano.a(libc_a-findfp.o)
                0x20000600                __sf
                0x20000738                __stdio_exit_handler
 .bss           0x2000073c        0x8 /usr/lib/gcc/arm-none-eabi/13.2.1/../../../arm-none-eabi/lib/thumb/v7e-m+fp/hard/libg_nano.a(libc_a-mallocr.o)
                0x2000073c                __malloc_sbrk_start
                0x20000740                __malloc_free_list
 .bss           0x20000744        0x4 /usr/lib/gcc/arm-none-eabi/13.2.1/../../../arm-none-eabi/lib/thumb/v7e-m+fp/hard/libg_nano.a(libc_a-reent.o)
                0x20000744                errno
 *(.bss*)
 .bss.uwTick    0x20000748        0x4 cmake/stm32cubemx/CMakeFiles/STM32_Drivers.dir/__/__/Drivers/STM32F4xx_HAL_Driver/Src/stm32f4xx_hal.c.obj
                0x20000748                uwTick
 .bss.hadc1     0x2000074c       0x48 CMakeFiles/f407zgt6_cmake.dir/Core/Src/adc.c.obj
                0x2000074c                hadc1
 .bss.hadc2     0x20000794       0x48 CMakeFiles/f407zgt6_cmake.dir/Core/Src/adc.c.obj
                0x20000794                hadc2
 .bss.hadc3     0x200007dc       0x48 CMakeFiles/f407zgt6_cmake.dir/Core/Src/adc.c.obj
                0x200007dc                hadc3
 .bss.hi2c1     0x20000824       0x54 CMakeFiles/f407zgt6_cmake.dir/Core/Src/i2c.c.obj
                0x20000824                hi2c1
 .bss.htim8     0x20000878       0x48 CMakeFiles/f407zgt6_cmake.dir/Core/Src/tim.c.obj
                0x20000878                htim8
 .bss.huart1    0x200008c0       0x48 CMakeFiles/f407zgt6_cmake.dir/Core/Src/usart.c.obj
                0x200008c0                huart1
 .bss.__sbrk_heap_end
                0x20000908        0x4 CMakeFiles/f407zgt6_cmake.dir/Core/Src/sysmem.c.obj
 .bss.pwmA      0x2000090c        0x4 CMakeFiles/f407zgt6_cmake.dir/BSP/FOC/foc_base.c.obj
                0x2000090c                pwmA
 .bss.pwmB      0x20000910        0x4 CMakeFiles/f407zgt6_cmake.dir/BSP/FOC/foc_base.c.obj
                0x20000910                pwmB
 .bss.pwmC      0x20000914        0x4 CMakeFiles/f407zgt6_cmake.dir/BSP/FOC/foc_base.c.obj
                0x20000914                pwmC
 *(COMMON)
                0x20000918                        . = ALIGN (0x4)
                0x20000918                        _ebss = .
                0x20000918                        __bss_end__ = _ebss
                [!provide]                        PROVIDE (__bss_end = .)
                [!provide]                        PROVIDE (__non_tls_bss_start = ADDR (.bss))
                [!provide]                        PROVIDE (__bss_start = __tbss_start)
                [!provide]                        PROVIDE (__bss_size = (__bss_end - __bss_start))

._user_heap_stack
                0x20000918      0x600 load address 0x0800ce20
                0x20000918                        . = ALIGN (0x8)
                [!provide]                        PROVIDE (end = .)
                0x20000918                        PROVIDE (_end = .)
                0x20000b18                        . = (. + _Min_Heap_Size)
 *fill*         0x20000918      0x200 
                0x20000f18                        . = (. + _Min_Stack_Size)
 *fill*         0x20000b18      0x400 
                0x20000f18                        . = ALIGN (0x8)

/DISCARD/
 libc.a:*(*)
 libm.a:*(*)
 libgcc.a:*(*)
OUTPUT(f407zgt6_cmake.elf elf32-littlearm)
LOAD linker stubs

.ARM.attributes
                0x00000000       0x30
 .ARM.attributes
                0x00000000       0x22 /usr/lib/gcc/arm-none-eabi/13.2.1/thumb/v7e-m+fp/hard/crti.o
 .ARM.attributes
                0x00000022       0x34 /usr/lib/gcc/arm-none-eabi/13.2.1/thumb/v7e-m+fp/hard/crtbegin.o
 .ARM.attributes
                0x00000056       0x34 cmake/stm32cubemx/CMakeFiles/STM32_Drivers.dir/__/__/Core/Src/system_stm32f4xx.c.obj
 .ARM.attributes
                0x0000008a       0x34 cmake/stm32cubemx/CMakeFiles/STM32_Drivers.dir/__/__/Drivers/STM32F4xx_HAL_Driver/Src/stm32f4xx_hal_adc.c.obj
 .ARM.attributes
                0x000000be       0x34 cmake/stm32cubemx/CMakeFiles/STM32_Drivers.dir/__/__/Drivers/STM32F4xx_HAL_Driver/Src/stm32f4xx_hal_rcc.c.obj
 .ARM.attributes
                0x000000f2       0x34 cmake/stm32cubemx/CMakeFiles/STM32_Drivers.dir/__/__/Drivers/STM32F4xx_HAL_Driver/Src/stm32f4xx_hal_gpio.c.obj
 .ARM.attributes
                0x00000126       0x34 cmake/stm32cubemx/CMakeFiles/STM32_Drivers.dir/__/__/Drivers/STM32F4xx_HAL_Driver/Src/stm32f4xx_hal_cortex.c.obj
 .ARM.attributes
                0x0000015a       0x34 cmake/stm32cubemx/CMakeFiles/STM32_Drivers.dir/__/__/Drivers/STM32F4xx_HAL_Driver/Src/stm32f4xx_hal.c.obj
 .ARM.attributes
                0x0000018e       0x34 cmake/stm32cubemx/CMakeFiles/STM32_Drivers.dir/__/__/Drivers/STM32F4xx_HAL_Driver/Src/stm32f4xx_hal_i2c.c.obj
 .ARM.attributes
                0x000001c2       0x34 cmake/stm32cubemx/CMakeFiles/STM32_Drivers.dir/__/__/Drivers/STM32F4xx_HAL_Driver/Src/stm32f4xx_hal_tim.c.obj
 .ARM.attributes
                0x000001f6       0x34 cmake/stm32cubemx/CMakeFiles/STM32_Drivers.dir/__/__/Drivers/STM32F4xx_HAL_Driver/Src/stm32f4xx_hal_tim_ex.c.obj
 .ARM.attributes
                0x0000022a       0x34 cmake/stm32cubemx/CMakeFiles/STM32_Drivers.dir/__/__/Drivers/STM32F4xx_HAL_Driver/Src/stm32f4xx_hal_uart.c.obj
 .ARM.attributes
                0x0000025e       0x34 CMakeFiles/f407zgt6_cmake.dir/Core/Src/main.c.obj
 .ARM.attributes
                0x00000292       0x34 CMakeFiles/f407zgt6_cmake.dir/Core/Src/gpio.c.obj
 .ARM.attributes
                0x000002c6       0x34 CMakeFiles/f407zgt6_cmake.dir/Core/Src/adc.c.obj
 .ARM.attributes
                0x000002fa       0x34 CMakeFiles/f407zgt6_cmake.dir/Core/Src/i2c.c.obj
 .ARM.attributes
                0x0000032e       0x34 CMakeFiles/f407zgt6_cmake.dir/Core/Src/tim.c.obj
 .ARM.attributes
                0x00000362       0x34 CMakeFiles/f407zgt6_cmake.dir/Core/Src/usart.c.obj
 .ARM.attributes
                0x00000396       0x34 CMakeFiles/f407zgt6_cmake.dir/Core/Src/stm32f4xx_it.c.obj
 .ARM.attributes
                0x000003ca       0x34 CMakeFiles/f407zgt6_cmake.dir/Core/Src/stm32f4xx_hal_msp.c.obj
 .ARM.attributes
                0x000003fe       0x34 CMakeFiles/f407zgt6_cmake.dir/Core/Src/sysmem.c.obj
 .ARM.attributes
                0x00000432       0x34 CMakeFiles/f407zgt6_cmake.dir/Core/Src/syscalls.c.obj
 .ARM.attributes
                0x00000466       0x21 CMakeFiles/f407zgt6_cmake.dir/startup_stm32f407xx.s.obj
 .ARM.attributes
                0x00000487       0x34 CMakeFiles/f407zgt6_cmake.dir/BSP/mymain.c.obj
 .ARM.attributes
                0x000004bb       0x34 CMakeFiles/f407zgt6_cmake.dir/BSP/test/test.c.obj
 .ARM.attributes
                0x000004ef       0x34 CMakeFiles/f407zgt6_cmake.dir/BSP/FOC/BLDCDriver/BLDCDriver.c.obj
 .ARM.attributes
                0x00000523       0x34 CMakeFiles/f407zgt6_cmake.dir/BSP/FOC/currentSense/currentSense.c.obj
 .ARM.attributes
                0x00000557       0x34 CMakeFiles/f407zgt6_cmake.dir/BSP/FOC/pid/pid.c.obj
 .ARM.attributes
                0x0000058b       0x34 CMakeFiles/f407zgt6_cmake.dir/BSP/FOC/BLDCMotor.c.obj
 .ARM.attributes
                0x000005bf       0x34 CMakeFiles/f407zgt6_cmake.dir/BSP/FOC/foc_base.c.obj
 .ARM.attributes
                0x000005f3       0x34 CMakeFiles/f407zgt6_cmake.dir/BSP/FOC/foc_motor.c.obj
 .ARM.attributes
                0x00000627       0x34 CMakeFiles/f407zgt6_cmake.dir/BSP/FOC/lowpass_filter.c.obj
 .ARM.attributes
                0x0000065b       0x34 CMakeFiles/f407zgt6_cmake.dir/BSP/FOC/pwm.c.obj
 .ARM.attributes
                0x0000068f       0x34 CMakeFiles/f407zgt6_cmake.dir/BSP/FOC/encoder/encoder.c.obj
 .ARM.attributes
                0x000006c3       0x34 CMakeFiles/f407zgt6_cmake.dir/BSP/FOC/encoder/encoder_as5600.c.obj
 .ARM.attributes
                0x000006f7       0x34 /usr/lib/gcc/arm-none-eabi/13.2.1/../../../arm-none-eabi/lib/thumb/v7e-m+fp/hard/libm.a(libm_a-sf_fmin.o)
 .ARM.attributes
                0x0000072b       0x34 /usr/lib/gcc/arm-none-eabi/13.2.1/../../../arm-none-eabi/lib/thumb/v7e-m+fp/hard/libm.a(libm_a-w_fmod.o)
 .ARM.attributes
                0x0000075f       0x34 /usr/lib/gcc/arm-none-eabi/13.2.1/../../../arm-none-eabi/lib/thumb/v7e-m+fp/hard/libm.a(libm_a-sf_floor.o)
 .ARM.attributes
                0x00000793       0x34 /usr/lib/gcc/arm-none-eabi/13.2.1/../../../arm-none-eabi/lib/thumb/v7e-m+fp/hard/libm.a(libm_a-e_fmod.o)
 .ARM.attributes
                0x000007c7       0x34 /usr/lib/gcc/arm-none-eabi/13.2.1/../../../arm-none-eabi/lib/thumb/v7e-m+fp/hard/libm.a(libm_a-sf_fpclassify.o)
 .ARM.attributes
                0x000007fb       0x22 /usr/lib/gcc/arm-none-eabi/13.2.1/thumb/v7e-m+fp/hard/libgcc.a(_arm_addsubdf3.o)
 .ARM.attributes
                0x0000081d       0x22 /usr/lib/gcc/arm-none-eabi/13.2.1/thumb/v7e-m+fp/hard/libgcc.a(_arm_muldivdf3.o)
 .ARM.attributes
                0x0000083f       0x22 /usr/lib/gcc/arm-none-eabi/13.2.1/thumb/v7e-m+fp/hard/libgcc.a(_arm_cmpdf2.o)
 .ARM.attributes
                0x00000861       0x22 /usr/lib/gcc/arm-none-eabi/13.2.1/thumb/v7e-m+fp/hard/libgcc.a(_arm_unorddf2.o)
 .ARM.attributes
                0x00000883       0x22 /usr/lib/gcc/arm-none-eabi/13.2.1/thumb/v7e-m+fp/hard/libgcc.a(_arm_fixdfsi.o)
 .ARM.attributes
                0x000008a5       0x22 /usr/lib/gcc/arm-none-eabi/13.2.1/thumb/v7e-m+fp/hard/libgcc.a(_arm_truncdfsf2.o)
 .ARM.attributes
                0x000008c7       0x22 /usr/lib/gcc/arm-none-eabi/13.2.1/thumb/v7e-m+fp/hard/libgcc.a(_aeabi_uldivmod.o)
 .ARM.attributes
                0x000008e9       0x34 /usr/lib/gcc/arm-none-eabi/13.2.1/thumb/v7e-m+fp/hard/libgcc.a(_udivmoddi4.o)
 .ARM.attributes
                0x0000091d       0x22 /usr/lib/gcc/arm-none-eabi/13.2.1/thumb/v7e-m+fp/hard/libgcc.a(_dvmd_tls.o)
 .ARM.attributes
                0x0000093f       0x34 /usr/lib/gcc/arm-none-eabi/13.2.1/../../../arm-none-eabi/lib/thumb/v7e-m+fp/hard/libg_nano.a(libc_a-init.o)
 .ARM.attributes
                0x00000973       0x34 /usr/lib/gcc/arm-none-eabi/13.2.1/../../../arm-none-eabi/lib/thumb/v7e-m+fp/hard/libg_nano.a(libc_a-puts.o)
 .ARM.attributes
                0x000009a7       0x34 /usr/lib/gcc/arm-none-eabi/13.2.1/../../../arm-none-eabi/lib/thumb/v7e-m+fp/hard/libg_nano.a(libc_a-findfp.o)
 .ARM.attributes
                0x000009db       0x34 /usr/lib/gcc/arm-none-eabi/13.2.1/../../../arm-none-eabi/lib/thumb/v7e-m+fp/hard/libg_nano.a(libc_a-memset.o)
 .ARM.attributes
                0x00000a0f       0x34 /usr/lib/gcc/arm-none-eabi/13.2.1/../../../arm-none-eabi/lib/thumb/v7e-m+fp/hard/libg_nano.a(libc_a-fflush.o)
 .ARM.attributes
                0x00000a43       0x34 /usr/lib/gcc/arm-none-eabi/13.2.1/../../../arm-none-eabi/lib/thumb/v7e-m+fp/hard/libg_nano.a(libc_a-errno.o)
 .ARM.attributes
                0x00000a77       0x34 /usr/lib/gcc/arm-none-eabi/13.2.1/../../../arm-none-eabi/lib/thumb/v7e-m+fp/hard/libg_nano.a(libc_a-nano-vfprintf_float.o)
 .ARM.attributes
                0x00000aab       0x34 /usr/lib/gcc/arm-none-eabi/13.2.1/../../../arm-none-eabi/lib/thumb/v7e-m+fp/hard/libg_nano.a(libc_a-mallocr.o)
 .ARM.attributes
                0x00000adf       0x34 /usr/lib/gcc/arm-none-eabi/13.2.1/../../../arm-none-eabi/lib/thumb/v7e-m+fp/hard/libg_nano.a(libc_a-dtoa.o)
 .ARM.attributes
                0x00000b13       0x34 /usr/lib/gcc/arm-none-eabi/13.2.1/../../../arm-none-eabi/lib/thumb/v7e-m+fp/hard/libg_nano.a(libc_a-freer.o)
 .ARM.attributes
                0x00000b47       0x34 /usr/lib/gcc/arm-none-eabi/13.2.1/../../../arm-none-eabi/lib/thumb/v7e-m+fp/hard/libg_nano.a(libc_a-fwalk.o)
 .ARM.attributes
                0x00000b7b       0x34 /usr/lib/gcc/arm-none-eabi/13.2.1/../../../arm-none-eabi/lib/thumb/v7e-m+fp/hard/libg_nano.a(libc_a-wsetup.o)
 .ARM.attributes
                0x00000baf       0x20 /usr/lib/gcc/arm-none-eabi/13.2.1/../../../arm-none-eabi/lib/thumb/v7e-m+fp/hard/libg_nano.a(libc_a-memcpy.o)
 .ARM.attributes
                0x00000bcf       0x34 /usr/lib/gcc/arm-none-eabi/13.2.1/../../../arm-none-eabi/lib/thumb/v7e-m+fp/hard/libg_nano.a(libc_a-malloc.o)
 .ARM.attributes
                0x00000c03       0x34 /usr/lib/gcc/arm-none-eabi/13.2.1/../../../arm-none-eabi/lib/thumb/v7e-m+fp/hard/libg_nano.a(libc_a-nano-vfprintf_i.o)
 .ARM.attributes
                0x00000c37       0x34 /usr/lib/gcc/arm-none-eabi/13.2.1/../../../arm-none-eabi/lib/thumb/v7e-m+fp/hard/libg_nano.a(libc_a-mlock.o)
 .ARM.attributes
                0x00000c6b       0x34 /usr/lib/gcc/arm-none-eabi/13.2.1/../../../arm-none-eabi/lib/thumb/v7e-m+fp/hard/libg_nano.a(libc_a-makebuf.o)
 .ARM.attributes
                0x00000c9f       0x34 /usr/lib/gcc/arm-none-eabi/13.2.1/../../../arm-none-eabi/lib/thumb/v7e-m+fp/hard/libg_nano.a(libc_a-printf.o)
 .ARM.attributes
                0x00000cd3       0x34 /usr/lib/gcc/arm-none-eabi/13.2.1/../../../arm-none-eabi/lib/thumb/v7e-m+fp/hard/libg_nano.a(libc_a-isattyr.o)
 .ARM.attributes
                0x00000d07       0x34 /usr/lib/gcc/arm-none-eabi/13.2.1/../../../arm-none-eabi/lib/thumb/v7e-m+fp/hard/libg_nano.a(libc_a-nano-vfprintf.o)
 .ARM.attributes
                0x00000d3b       0x34 /usr/lib/gcc/arm-none-eabi/13.2.1/../../../arm-none-eabi/lib/thumb/v7e-m+fp/hard/libg_nano.a(libc_a-wbuf.o)
 .ARM.attributes
                0x00000d6f       0x34 /usr/lib/gcc/arm-none-eabi/13.2.1/../../../arm-none-eabi/lib/thumb/v7e-m+fp/hard/libg_nano.a(libc_a-assert.o)
 .ARM.attributes
                0x00000da3       0x34 /usr/lib/gcc/arm-none-eabi/13.2.1/../../../arm-none-eabi/lib/thumb/v7e-m+fp/hard/libg_nano.a(libc_a-mprec.o)
 .ARM.attributes
                0x00000dd7       0x34 /usr/lib/gcc/arm-none-eabi/13.2.1/../../../arm-none-eabi/lib/thumb/v7e-m+fp/hard/libg_nano.a(libc_a-sbrkr.o)
 .ARM.attributes
                0x00000e0b       0x34 /usr/lib/gcc/arm-none-eabi/13.2.1/../../../arm-none-eabi/lib/thumb/v7e-m+fp/hard/libg_nano.a(libc_a-stdio.o)
 .ARM.attributes
                0x00000e3f       0x34 /usr/lib/gcc/arm-none-eabi/13.2.1/../../../arm-none-eabi/lib/thumb/v7e-m+fp/hard/libg_nano.a(libc_a-impure.o)
 .ARM.attributes
                0x00000e73       0x34 /usr/lib/gcc/arm-none-eabi/13.2.1/../../../arm-none-eabi/lib/thumb/v7e-m+fp/hard/libg_nano.a(libc_a-localeconv.o)
 .ARM.attributes
                0x00000ea7       0x34 /usr/lib/gcc/arm-none-eabi/13.2.1/../../../arm-none-eabi/lib/thumb/v7e-m+fp/hard/libg_nano.a(libc_a-fvwrite.o)
 .ARM.attributes
                0x00000edb       0x34 /usr/lib/gcc/arm-none-eabi/13.2.1/../../../arm-none-eabi/lib/thumb/v7e-m+fp/hard/libg_nano.a(libc_a-abort.o)
 .ARM.attributes
                0x00000f0f       0x34 /usr/lib/gcc/arm-none-eabi/13.2.1/../../../arm-none-eabi/lib/thumb/v7e-m+fp/hard/libg_nano.a(libc_a-closer.o)
 .ARM.attributes
                0x00000f43       0x1c /usr/lib/gcc/arm-none-eabi/13.2.1/../../../arm-none-eabi/lib/thumb/v7e-m+fp/hard/libg_nano.a(libc_a-strlen.o)
 .ARM.attributes
                0x00000f5f       0x34 /usr/lib/gcc/arm-none-eabi/13.2.1/../../../arm-none-eabi/lib/thumb/v7e-m+fp/hard/libg_nano.a(libc_a-callocr.o)
 .ARM.attributes
                0x00000f93       0x34 /usr/lib/gcc/arm-none-eabi/13.2.1/../../../arm-none-eabi/lib/thumb/v7e-m+fp/hard/libg_nano.a(libc_a-locale.o)
 .ARM.attributes
                0x00000fc7       0x34 /usr/lib/gcc/arm-none-eabi/13.2.1/../../../arm-none-eabi/lib/thumb/v7e-m+fp/hard/libg_nano.a(libc_a-memmove.o)
 .ARM.attributes
                0x00000ffb       0x34 /usr/lib/gcc/arm-none-eabi/13.2.1/../../../arm-none-eabi/lib/thumb/v7e-m+fp/hard/libg_nano.a(libc_a-wctomb_r.o)
 .ARM.attributes
                0x0000102f       0x1c /usr/lib/gcc/arm-none-eabi/13.2.1/../../../arm-none-eabi/lib/thumb/v7e-m+fp/hard/libg_nano.a(libc_a-memchr.o)
 .ARM.attributes
                0x0000104b       0x34 /usr/lib/gcc/arm-none-eabi/13.2.1/../../../arm-none-eabi/lib/thumb/v7e-m+fp/hard/libg_nano.a(libc_a-readr.o)
 .ARM.attributes
                0x0000107f       0x34 /usr/lib/gcc/arm-none-eabi/13.2.1/../../../arm-none-eabi/lib/thumb/v7e-m+fp/hard/libg_nano.a(libc_a-fprintf.o)
 .ARM.attributes
                0x000010b3       0x34 /usr/lib/gcc/arm-none-eabi/13.2.1/../../../arm-none-eabi/lib/thumb/v7e-m+fp/hard/libg_nano.a(libc_a-reent.o)
 .ARM.attributes
                0x000010e7       0x34 /usr/lib/gcc/arm-none-eabi/13.2.1/../../../arm-none-eabi/lib/thumb/v7e-m+fp/hard/libg_nano.a(libc_a-reallocr.o)
 .ARM.attributes
                0x0000111b       0x34 /usr/lib/gcc/arm-none-eabi/13.2.1/../../../arm-none-eabi/lib/thumb/v7e-m+fp/hard/libg_nano.a(libc_a-fstatr.o)
 .ARM.attributes
                0x0000114f       0x34 /usr/lib/gcc/arm-none-eabi/13.2.1/../../../arm-none-eabi/lib/thumb/v7e-m+fp/hard/libg_nano.a(libc_a-lseekr.o)
 .ARM.attributes
                0x00001183       0x34 /usr/lib/gcc/arm-none-eabi/13.2.1/../../../arm-none-eabi/lib/thumb/v7e-m+fp/hard/libg_nano.a(libc_a-ctype_.o)
 .ARM.attributes
                0x000011b7       0x34 /usr/lib/gcc/arm-none-eabi/13.2.1/../../../arm-none-eabi/lib/thumb/v7e-m+fp/hard/libg_nano.a(libc_a-writer.o)
 .ARM.attributes
                0x000011eb       0x34 /usr/lib/gcc/arm-none-eabi/13.2.1/../../../arm-none-eabi/lib/thumb/v7e-m+fp/hard/libg_nano.a(libc_a-msizer.o)
 .ARM.attributes
                0x0000121f       0x34 /usr/lib/gcc/arm-none-eabi/13.2.1/../../../arm-none-eabi/lib/thumb/v7e-m+fp/hard/libg_nano.a(libc_a-mbtowc_r.o)
 .ARM.attributes
                0x00001253       0x34 /usr/lib/gcc/arm-none-eabi/13.2.1/../../../arm-none-eabi/lib/thumb/v7e-m+fp/hard/libg_nano.a(libc_a-signal.o)
 .ARM.attributes
                0x00001287       0x34 /usr/lib/gcc/arm-none-eabi/13.2.1/../../../arm-none-eabi/lib/thumb/v7e-m+fp/hard/libg_nano.a(libc_a-signalr.o)
 .ARM.attributes
                0x000012bb       0x34 /usr/lib/gcc/arm-none-eabi/13.2.1/thumb/v7e-m+fp/hard/crtend.o
 .ARM.attributes
                0x000012ef       0x22 /usr/lib/gcc/arm-none-eabi/13.2.1/thumb/v7e-m+fp/hard/crtn.o

.comment        0x00000000       0x26
 .comment       0x00000000       0x26 /usr/lib/gcc/arm-none-eabi/13.2.1/thumb/v7e-m+fp/hard/crtbegin.o
                                 0x27 (size before relaxing)
 .comment       0x00000026       0x27 cmake/stm32cubemx/CMakeFiles/STM32_Drivers.dir/__/__/Core/Src/system_stm32f4xx.c.obj
 .comment       0x00000026       0x27 cmake/stm32cubemx/CMakeFiles/STM32_Drivers.dir/__/__/Drivers/STM32F4xx_HAL_Driver/Src/stm32f4xx_hal_adc.c.obj
 .comment       0x00000026       0x27 cmake/stm32cubemx/CMakeFiles/STM32_Drivers.dir/__/__/Drivers/STM32F4xx_HAL_Driver/Src/stm32f4xx_hal_rcc.c.obj
 .comment       0x00000026       0x27 cmake/stm32cubemx/CMakeFiles/STM32_Drivers.dir/__/__/Drivers/STM32F4xx_HAL_Driver/Src/stm32f4xx_hal_gpio.c.obj
 .comment       0x00000026       0x27 cmake/stm32cubemx/CMakeFiles/STM32_Drivers.dir/__/__/Drivers/STM32F4xx_HAL_Driver/Src/stm32f4xx_hal_cortex.c.obj
 .comment       0x00000026       0x27 cmake/stm32cubemx/CMakeFiles/STM32_Drivers.dir/__/__/Drivers/STM32F4xx_HAL_Driver/Src/stm32f4xx_hal.c.obj
 .comment       0x00000026       0x27 cmake/stm32cubemx/CMakeFiles/STM32_Drivers.dir/__/__/Drivers/STM32F4xx_HAL_Driver/Src/stm32f4xx_hal_i2c.c.obj
 .comment       0x00000026       0x27 cmake/stm32cubemx/CMakeFiles/STM32_Drivers.dir/__/__/Drivers/STM32F4xx_HAL_Driver/Src/stm32f4xx_hal_tim.c.obj
 .comment       0x00000026       0x27 cmake/stm32cubemx/CMakeFiles/STM32_Drivers.dir/__/__/Drivers/STM32F4xx_HAL_Driver/Src/stm32f4xx_hal_tim_ex.c.obj
 .comment       0x00000026       0x27 cmake/stm32cubemx/CMakeFiles/STM32_Drivers.dir/__/__/Drivers/STM32F4xx_HAL_Driver/Src/stm32f4xx_hal_uart.c.obj
 .comment       0x00000026       0x27 CMakeFiles/f407zgt6_cmake.dir/Core/Src/main.c.obj
 .comment       0x00000026       0x27 CMakeFiles/f407zgt6_cmake.dir/Core/Src/gpio.c.obj
 .comment       0x00000026       0x27 CMakeFiles/f407zgt6_cmake.dir/Core/Src/adc.c.obj
 .comment       0x00000026       0x27 CMakeFiles/f407zgt6_cmake.dir/Core/Src/i2c.c.obj
 .comment       0x00000026       0x27 CMakeFiles/f407zgt6_cmake.dir/Core/Src/tim.c.obj
 .comment       0x00000026       0x27 CMakeFiles/f407zgt6_cmake.dir/Core/Src/usart.c.obj
 .comment       0x00000026       0x27 CMakeFiles/f407zgt6_cmake.dir/Core/Src/stm32f4xx_it.c.obj
 .comment       0x00000026       0x27 CMakeFiles/f407zgt6_cmake.dir/Core/Src/stm32f4xx_hal_msp.c.obj
 .comment       0x00000026       0x27 CMakeFiles/f407zgt6_cmake.dir/Core/Src/sysmem.c.obj
 .comment       0x00000026       0x27 CMakeFiles/f407zgt6_cmake.dir/Core/Src/syscalls.c.obj
 .comment       0x00000026       0x27 CMakeFiles/f407zgt6_cmake.dir/BSP/mymain.c.obj
 .comment       0x00000026       0x27 CMakeFiles/f407zgt6_cmake.dir/BSP/test/test.c.obj
 .comment       0x00000026       0x27 CMakeFiles/f407zgt6_cmake.dir/BSP/FOC/BLDCDriver/BLDCDriver.c.obj
 .comment       0x00000026       0x27 CMakeFiles/f407zgt6_cmake.dir/BSP/FOC/currentSense/currentSense.c.obj
 .comment       0x00000026       0x27 CMakeFiles/f407zgt6_cmake.dir/BSP/FOC/pid/pid.c.obj
 .comment       0x00000026       0x27 CMakeFiles/f407zgt6_cmake.dir/BSP/FOC/BLDCMotor.c.obj
 .comment       0x00000026       0x27 CMakeFiles/f407zgt6_cmake.dir/BSP/FOC/foc_base.c.obj
 .comment       0x00000026       0x27 CMakeFiles/f407zgt6_cmake.dir/BSP/FOC/foc_motor.c.obj
 .comment       0x00000026       0x27 CMakeFiles/f407zgt6_cmake.dir/BSP/FOC/lowpass_filter.c.obj
 .comment       0x00000026       0x27 CMakeFiles/f407zgt6_cmake.dir/BSP/FOC/pwm.c.obj
 .comment       0x00000026       0x27 CMakeFiles/f407zgt6_cmake.dir/BSP/FOC/encoder/encoder.c.obj
 .comment       0x00000026       0x27 CMakeFiles/f407zgt6_cmake.dir/BSP/FOC/encoder/encoder_as5600.c.obj
 .comment       0x00000026       0x27 /usr/lib/gcc/arm-none-eabi/13.2.1/../../../arm-none-eabi/lib/thumb/v7e-m+fp/hard/libm.a(libm_a-sf_fmin.o)
 .comment       0x00000026       0x27 /usr/lib/gcc/arm-none-eabi/13.2.1/../../../arm-none-eabi/lib/thumb/v7e-m+fp/hard/libm.a(libm_a-w_fmod.o)
 .comment       0x00000026       0x27 /usr/lib/gcc/arm-none-eabi/13.2.1/../../../arm-none-eabi/lib/thumb/v7e-m+fp/hard/libm.a(libm_a-sf_floor.o)
 .comment       0x00000026       0x27 /usr/lib/gcc/arm-none-eabi/13.2.1/../../../arm-none-eabi/lib/thumb/v7e-m+fp/hard/libm.a(libm_a-e_fmod.o)
 .comment       0x00000026       0x27 /usr/lib/gcc/arm-none-eabi/13.2.1/../../../arm-none-eabi/lib/thumb/v7e-m+fp/hard/libm.a(libm_a-sf_fpclassify.o)
 .comment       0x00000026       0x27 /usr/lib/gcc/arm-none-eabi/13.2.1/thumb/v7e-m+fp/hard/libgcc.a(_udivmoddi4.o)
 .comment       0x00000026       0x27 /usr/lib/gcc/arm-none-eabi/13.2.1/../../../arm-none-eabi/lib/thumb/v7e-m+fp/hard/libg_nano.a(libc_a-init.o)
 .comment       0x00000026       0x27 /usr/lib/gcc/arm-none-eabi/13.2.1/../../../arm-none-eabi/lib/thumb/v7e-m+fp/hard/libg_nano.a(libc_a-puts.o)
 .comment       0x00000026       0x27 /usr/lib/gcc/arm-none-eabi/13.2.1/../../../arm-none-eabi/lib/thumb/v7e-m+fp/hard/libg_nano.a(libc_a-findfp.o)
 .comment       0x00000026       0x27 /usr/lib/gcc/arm-none-eabi/13.2.1/../../../arm-none-eabi/lib/thumb/v7e-m+fp/hard/libg_nano.a(libc_a-memset.o)
 .comment       0x00000026       0x27 /usr/lib/gcc/arm-none-eabi/13.2.1/../../../arm-none-eabi/lib/thumb/v7e-m+fp/hard/libg_nano.a(libc_a-fflush.o)
 .comment       0x00000026       0x27 /usr/lib/gcc/arm-none-eabi/13.2.1/../../../arm-none-eabi/lib/thumb/v7e-m+fp/hard/libg_nano.a(libc_a-errno.o)
 .comment       0x00000026       0x27 /usr/lib/gcc/arm-none-eabi/13.2.1/../../../arm-none-eabi/lib/thumb/v7e-m+fp/hard/libg_nano.a(libc_a-nano-vfprintf_float.o)
 .comment       0x00000026       0x27 /usr/lib/gcc/arm-none-eabi/13.2.1/../../../arm-none-eabi/lib/thumb/v7e-m+fp/hard/libg_nano.a(libc_a-mallocr.o)
 .comment       0x00000026       0x27 /usr/lib/gcc/arm-none-eabi/13.2.1/../../../arm-none-eabi/lib/thumb/v7e-m+fp/hard/libg_nano.a(libc_a-dtoa.o)
 .comment       0x00000026       0x27 /usr/lib/gcc/arm-none-eabi/13.2.1/../../../arm-none-eabi/lib/thumb/v7e-m+fp/hard/libg_nano.a(libc_a-freer.o)
 .comment       0x00000026       0x27 /usr/lib/gcc/arm-none-eabi/13.2.1/../../../arm-none-eabi/lib/thumb/v7e-m+fp/hard/libg_nano.a(libc_a-fwalk.o)
 .comment       0x00000026       0x27 /usr/lib/gcc/arm-none-eabi/13.2.1/../../../arm-none-eabi/lib/thumb/v7e-m+fp/hard/libg_nano.a(libc_a-wsetup.o)
 .comment       0x00000026       0x27 /usr/lib/gcc/arm-none-eabi/13.2.1/../../../arm-none-eabi/lib/thumb/v7e-m+fp/hard/libg_nano.a(libc_a-malloc.o)
 .comment       0x00000026       0x27 /usr/lib/gcc/arm-none-eabi/13.2.1/../../../arm-none-eabi/lib/thumb/v7e-m+fp/hard/libg_nano.a(libc_a-nano-vfprintf_i.o)
 .comment       0x00000026       0x27 /usr/lib/gcc/arm-none-eabi/13.2.1/../../../arm-none-eabi/lib/thumb/v7e-m+fp/hard/libg_nano.a(libc_a-mlock.o)
 .comment       0x00000026       0x27 /usr/lib/gcc/arm-none-eabi/13.2.1/../../../arm-none-eabi/lib/thumb/v7e-m+fp/hard/libg_nano.a(libc_a-makebuf.o)
 .comment       0x00000026       0x27 /usr/lib/gcc/arm-none-eabi/13.2.1/../../../arm-none-eabi/lib/thumb/v7e-m+fp/hard/libg_nano.a(libc_a-printf.o)
 .comment       0x00000026       0x27 /usr/lib/gcc/arm-none-eabi/13.2.1/../../../arm-none-eabi/lib/thumb/v7e-m+fp/hard/libg_nano.a(libc_a-isattyr.o)
 .comment       0x00000026       0x27 /usr/lib/gcc/arm-none-eabi/13.2.1/../../../arm-none-eabi/lib/thumb/v7e-m+fp/hard/libg_nano.a(libc_a-nano-vfprintf.o)
 .comment       0x00000026       0x27 /usr/lib/gcc/arm-none-eabi/13.2.1/../../../arm-none-eabi/lib/thumb/v7e-m+fp/hard/libg_nano.a(libc_a-wbuf.o)
 .comment       0x00000026       0x27 /usr/lib/gcc/arm-none-eabi/13.2.1/../../../arm-none-eabi/lib/thumb/v7e-m+fp/hard/libg_nano.a(libc_a-assert.o)
 .comment       0x00000026       0x27 /usr/lib/gcc/arm-none-eabi/13.2.1/../../../arm-none-eabi/lib/thumb/v7e-m+fp/hard/libg_nano.a(libc_a-mprec.o)
 .comment       0x00000026       0x27 /usr/lib/gcc/arm-none-eabi/13.2.1/../../../arm-none-eabi/lib/thumb/v7e-m+fp/hard/libg_nano.a(libc_a-sbrkr.o)
 .comment       0x00000026       0x27 /usr/lib/gcc/arm-none-eabi/13.2.1/../../../arm-none-eabi/lib/thumb/v7e-m+fp/hard/libg_nano.a(libc_a-stdio.o)