Archive member included to satisfy reference by file (symbol)

/usr/lib/gcc/arm-none-eabi/13.2.1/../../../arm-none-eabi/lib/thumb/v7e-m+fp/hard/libc_nano.a(libc_a-init.o)
                              /usr/lib/gcc/arm-none-eabi/13.2.1/../../../arm-none-eabi/lib/thumb/v7e-m+fp/hard/crt0.o (__libc_init_array)
/usr/lib/gcc/arm-none-eabi/13.2.1/../../../arm-none-eabi/lib/thumb/v7e-m+fp/hard/libc_nano.a(libc_a-memset.o)
                              /usr/lib/gcc/arm-none-eabi/13.2.1/../../../arm-none-eabi/lib/thumb/v7e-m+fp/hard/crt0.o (memset)
/usr/lib/gcc/arm-none-eabi/13.2.1/../../../arm-none-eabi/lib/thumb/v7e-m+fp/hard/libc_nano.a(libc_a-nano-vfprintf_float.o)
                              (_printf_float)
/usr/lib/gcc/arm-none-eabi/13.2.1/../../../arm-none-eabi/lib/thumb/v7e-m+fp/hard/libc_nano.a(libc_a-dtoa.o)
                              /usr/lib/gcc/arm-none-eabi/13.2.1/../../../arm-none-eabi/lib/thumb/v7e-m+fp/hard/libc_nano.a(libc_a-nano-vfprintf_float.o) (_dtoa_r)
/usr/lib/gcc/arm-none-eabi/13.2.1/../../../arm-none-eabi/lib/thumb/v7e-m+fp/hard/libc_nano.a(libc_a-memcpy.o)
                              /usr/lib/gcc/arm-none-eabi/13.2.1/../../../arm-none-eabi/lib/thumb/v7e-m+fp/hard/libc_nano.a(libc_a-dtoa.o) (memcpy)
/usr/lib/gcc/arm-none-eabi/13.2.1/../../../arm-none-eabi/lib/thumb/v7e-m+fp/hard/libc_nano.a(libc_a-malloc.o)
                              /usr/lib/gcc/arm-none-eabi/13.2.1/../../../arm-none-eabi/lib/thumb/v7e-m+fp/hard/libc_nano.a(libc_a-dtoa.o) (malloc)
/usr/lib/gcc/arm-none-eabi/13.2.1/../../../arm-none-eabi/lib/thumb/v7e-m+fp/hard/libc_nano.a(libc_a-nano-vfprintf_i.o)
                              /usr/lib/gcc/arm-none-eabi/13.2.1/../../../arm-none-eabi/lib/thumb/v7e-m+fp/hard/libc_nano.a(libc_a-nano-vfprintf_float.o) (_printf_common)
/usr/lib/gcc/arm-none-eabi/13.2.1/../../../arm-none-eabi/lib/thumb/v7e-m+fp/hard/libc_nano.a(libc_a-exit.o)
                              /usr/lib/gcc/arm-none-eabi/13.2.1/../../../arm-none-eabi/lib/thumb/v7e-m+fp/hard/crt0.o (exit)
/usr/lib/gcc/arm-none-eabi/13.2.1/../../../arm-none-eabi/lib/thumb/v7e-m+fp/hard/libc_nano.a(libc_a-atexit.o)
                              /usr/lib/gcc/arm-none-eabi/13.2.1/../../../arm-none-eabi/lib/thumb/v7e-m+fp/hard/crt0.o (atexit)
/usr/lib/gcc/arm-none-eabi/13.2.1/../../../arm-none-eabi/lib/thumb/v7e-m+fp/hard/libc_nano.a(libc_a-fini.o)
                              /usr/lib/gcc/arm-none-eabi/13.2.1/../../../arm-none-eabi/lib/thumb/v7e-m+fp/hard/crt0.o (__libc_fini_array)
/usr/lib/gcc/arm-none-eabi/13.2.1/../../../arm-none-eabi/lib/thumb/v7e-m+fp/hard/libc_nano.a(libc_a-assert.o)
                              /usr/lib/gcc/arm-none-eabi/13.2.1/../../../arm-none-eabi/lib/thumb/v7e-m+fp/hard/libc_nano.a(libc_a-dtoa.o) (__assert_func)
/usr/lib/gcc/arm-none-eabi/13.2.1/../../../arm-none-eabi/lib/thumb/v7e-m+fp/hard/libc_nano.a(libc_a-mprec.o)
                              /usr/lib/gcc/arm-none-eabi/13.2.1/../../../arm-none-eabi/lib/thumb/v7e-m+fp/hard/libc_nano.a(libc_a-dtoa.o) (_Balloc)
/usr/lib/gcc/arm-none-eabi/13.2.1/../../../arm-none-eabi/lib/thumb/v7e-m+fp/hard/libc_nano.a(libc_a-impure.o)
                              /usr/lib/gcc/arm-none-eabi/13.2.1/../../../arm-none-eabi/lib/thumb/v7e-m+fp/hard/libc_nano.a(libc_a-malloc.o) (_impure_ptr)
/usr/lib/gcc/arm-none-eabi/13.2.1/../../../arm-none-eabi/lib/thumb/v7e-m+fp/hard/libc_nano.a(libc_a-localeconv.o)
                              /usr/lib/gcc/arm-none-eabi/13.2.1/../../../arm-none-eabi/lib/thumb/v7e-m+fp/hard/libc_nano.a(libc_a-nano-vfprintf_float.o) (_localeconv_r)
/usr/lib/gcc/arm-none-eabi/13.2.1/../../../arm-none-eabi/lib/thumb/v7e-m+fp/hard/libc_nano.a(libc_a-findfp.o)
                              /usr/lib/gcc/arm-none-eabi/13.2.1/../../../arm-none-eabi/lib/thumb/v7e-m+fp/hard/libc_nano.a(libc_a-exit.o) (__stdio_exit_handler)
/usr/lib/gcc/arm-none-eabi/13.2.1/../../../arm-none-eabi/lib/thumb/v7e-m+fp/hard/libc_nano.a(libc_a-abort.o)
                              /usr/lib/gcc/arm-none-eabi/13.2.1/../../../arm-none-eabi/lib/thumb/v7e-m+fp/hard/libc_nano.a(libc_a-assert.o) (abort)
/usr/lib/gcc/arm-none-eabi/13.2.1/../../../arm-none-eabi/lib/thumb/v7e-m+fp/hard/libc_nano.a(libc_a-strlen.o)
                              /usr/lib/gcc/arm-none-eabi/13.2.1/../../../arm-none-eabi/lib/thumb/v7e-m+fp/hard/libc_nano.a(libc_a-nano-vfprintf_float.o) (strlen)
/usr/lib/gcc/arm-none-eabi/13.2.1/../../../arm-none-eabi/lib/thumb/v7e-m+fp/hard/libc_nano.a(libc_a-fflush.o)
                              /usr/lib/gcc/arm-none-eabi/13.2.1/../../../arm-none-eabi/lib/thumb/v7e-m+fp/hard/libc_nano.a(libc_a-findfp.o) (_fflush_r)
/usr/lib/gcc/arm-none-eabi/13.2.1/../../../arm-none-eabi/lib/thumb/v7e-m+fp/hard/libc_nano.a(libc_a-callocr.o)
                              /usr/lib/gcc/arm-none-eabi/13.2.1/../../../arm-none-eabi/lib/thumb/v7e-m+fp/hard/libc_nano.a(libc_a-mprec.o) (_calloc_r)
[...]
Memory Configuration

Name             Origin             Length             Attributes
RAM              0x20000000         0x00020000         xrw
CCMRAM           0x10000000         0x00010000         xrw
FLASH            0x08000000         0x00080000         xr
*default*        0x00000000         0xffffffff

Linker script and memory map

LOAD /usr/lib/gcc/arm-none-eabi/13.2.1/thumb/v7e-m+fp/hard/crti.o
LOAD /usr/lib/gcc/arm-none-eabi/13.2.1/thumb/v7e-m+fp/hard/crtbegin.o
LOAD /usr/lib/gcc/arm-none-eabi/13.2.1/../../../arm-none-eabi/lib/thumb/v7e-m+fp/hard/crt0.o
START GROUP
LOAD /usr/lib/gcc/arm-none-eabi/13.2.1/../../../arm-none-eabi/lib/thumb/v7e-m+fp/hard/libc_nano.a
LOAD /usr/lib/gcc/arm-none-eabi/13.2.1/../../../arm-none-eabi/lib/thumb/v7e-m+fp/hard/libm.a
END GROUP
LOAD cmake/stm32cubemx/CMakeFiles/STM32_Drivers.dir/__/__/Core/Src/system_stm32f4xx.c.obj
LOAD cmake/stm32cubemx/CMakeFiles/STM32_Drivers.dir/__/__/Drivers/STM32F4xx_HAL_Driver/Src/stm32f4xx_hal_tim.c.obj
LOAD cmake/stm32cubemx/CMakeFiles/STM32_Drivers.dir/__/__/Drivers/STM32F4xx_HAL_Driver/Src/stm32f4xx_hal_tim_ex.c.obj
LOAD cmake/stm32cubemx/CMakeFiles/STM32_Drivers.dir/__/__/Drivers/STM32F4xx_HAL_Driver/Src/stm32f4xx_hal_rcc.c.obj
LOAD cmake/stm32cubemx/CMakeFiles/STM32_Drivers.dir/__/__/Drivers/STM32F4xx_HAL_Driver/Src/stm32f4xx_hal_rcc_ex.c.obj
LOAD cmake/stm32cubemx/CMakeFiles/STM32_Drivers.dir/__/__/Drivers/STM32F4xx_HAL_Driver/Src/stm32f4xx_hal_flash.c.obj
LOAD cmake/stm32cubemx/CMakeFiles/STM32_Drivers.dir/__/__/Drivers/STM32F4xx_HAL_Driver/Src/stm32f4xx_hal_flash_ex.c.obj
LOAD cmake/stm32cubemx/CMakeFiles/STM32_Drivers.dir/__/__/Drivers/STM32F4xx_HAL_Driver/Src/stm32f4xx_hal_flash_ramfunc.c.obj
LOAD cmake/stm32cubemx/CMakeFiles/STM32_Drivers.dir/__/__/Drivers/STM32F4xx_HAL_Driver/Src/stm32f4xx_hal_gpio.c.obj
LOAD cmake/stm32cubemx/CMakeFiles/STM32_Drivers.dir/__/__/Drivers/STM32F4xx_HAL_Driver/Src/stm32f4xx_hal_dma_ex.c.obj
LOAD cmake/stm32cubemx/CMakeFiles/STM32_Drivers.dir/__/__/Drivers/STM32F4xx_HAL_Driver/Src/stm32f4xx_hal_dma.c.obj
LOAD cmake/stm32cubemx/CMakeFiles/STM32_Drivers.dir/__/__/Drivers/STM32F4xx_HAL_Driver/Src/stm32f4xx_hal_pwr.c.obj
LOAD cmake/stm32cubemx/CMakeFiles/STM32_Drivers.dir/__/__/Drivers/STM32F4xx_HAL_Driver/Src/stm32f4xx_hal_pwr_ex.c.obj
LOAD cmake/stm32cubemx/CMakeFiles/STM32_Drivers.dir/__/__/Drivers/STM32F4xx_HAL_Driver/Src/stm32f4xx_hal_cortex.c.obj
LOAD cmake/stm32cubemx/CMakeFiles/STM32_Drivers.dir/__/__/Drivers/STM32F4xx_HAL_Driver/Src/stm32f4xx_hal.c.obj
LOAD cmake/stm32cubemx/CMakeFiles/STM32_Drivers.dir/__/__/Drivers/STM32F4xx_HAL_Driver/Src/stm32f4xx_hal_exti.c.obj
LOAD cmake/stm32cubemx/CMakeFiles/STM32_Drivers.dir/__/__/Drivers/STM32F4xx_HAL_Driver/Src/stm32f4xx_hal_uart.c.obj
LOAD CMakeFiles/motor_cmake_f407vet6_v0.dir/Core/Src/main.c.obj
LOAD CMakeFiles/motor_cmake_f407vet6_v0.dir/Core/Src/gpio.c.obj
LOAD CMakeFiles/motor_cmake_f407vet6_v0.dir/Core/Src/tim.c.obj
LOAD CMakeFiles/motor_cmake_f407vet6_v0.dir/Core/Src/usart.c.obj
LOAD CMakeFiles/motor_cmake_f407vet6_v0.dir/Core/Src/stm32f4xx_it.c.obj
LOAD CMakeFiles/motor_cmake_f407vet6_v0.dir/Core/Src/stm32f4xx_hal_msp.c.obj
LOAD CMakeFiles/motor_cmake_f407vet6_v0.dir/Core/Src/sysmem.c.obj
LOAD CMakeFiles/motor_cmake_f407vet6_v0.dir/Core/Src/syscalls.c.obj
LOAD CMakeFiles/motor_cmake_f407vet6_v0.dir/startup_stm32f407xx.s.obj
LOAD CMakeFiles/motor_cmake_f407vet6_v0.dir/BSP/mymain.c.obj
LOAD CMakeFiles/motor_cmake_f407vet6_v0.dir/BSP/led/led.c.obj
LOAD CMakeFiles/motor_cmake_f407vet6_v0.dir/BSP/key/key.c.obj
LOAD CMakeFiles/motor_cmake_f407vet6_v0.dir/BSP/pwm/bit_stream.c.obj
LOAD CMakeFiles/motor_cmake_f407vet6_v0.dir/BSP/pwm/pid_init.c.obj
LOAD CMakeFiles/motor_cmake_f407vet6_v0.dir/BSP/pwm/tb6612.c.obj
LOAD CMakeFiles/motor_cmake_f407vet6_v0.dir/BSP/pwm/qam_test.c.obj
LOAD CMakeFiles/motor_cmake_f407vet6_v0.dir/BSP/timer/timer_it.c.obj
LOAD CMakeFiles/motor_cmake_f407vet6_v0.dir/BSP/usart/usart_mx.c.obj
LOAD CMakeFiles/motor_cmake_f407vet6_v0.dir/BSP/usart/uart_it.c.obj
LOAD CMakeFiles/motor_cmake_f407vet6_v0.dir/BSP/pwm/motor.c.obj
START GROUP
LOAD /usr/lib/gcc/arm-none-eabi/13.2.1/thumb/v7e-m+fp/hard/libgcc.a
LOAD /usr/lib/gcc/arm-none-eabi/13.2.1/../../../arm-none-eabi/lib/thumb/v7e-m+fp/hard/libg_nano.a
LOAD /usr/lib/gcc/arm-none-eabi/13.2.1/../../../arm-none-eabi/lib/thumb/v7e-m+fp/hard/libc_nano.a
END GROUP
START GROUP
LOAD /usr/lib/gcc/arm-none-eabi/13.2.1/thumb/v7e-m+fp/hard/libgcc.a
LOAD /usr/lib/gcc/arm-none-eabi/13.2.1/../../../arm-none-eabi/lib/thumb/v7e-m+fp/hard/libc_nano.a
END GROUP
LOAD /usr/lib/gcc/arm-none-eabi/13.2.1/thumb/v7e-m+fp/hard/crtend.o
LOAD /usr/lib/gcc/arm-none-eabi/13.2.1/thumb/v7e-m+fp/hard/crtn.o
                0x20020000                        _estack = (ORIGIN (RAM) + LENGTH (RAM))
                0x00000200                        _Min_Heap_Size = 0x200
                0x00000400                        _Min_Stack_Size = 0x400

.isr_vector     0x08000000      0x188
                0x08000000                        . = ALIGN (0x4)
 *(.isr_vector)
 .isr_vector    0x08000000      0x188 CMakeFiles/motor_cmake_f407vet6_v0.dir/startup_stm32f407xx.s.obj
                0x08000000                g_pfnVectors
                0x08000188                        . = ALIGN (0x4)

.text           0x080001c0     0xb348
                0x080001c0                        . = ALIGN (0x4)
 *(.text)
 .text          0x080001c0       0x88 /usr/lib/gcc/arm-none-eabi/13.2.1/thumb/v7e-m+fp/hard/crtbegin.o
 .text          0x08000248       0x50 /usr/lib/gcc/arm-none-eabi/13.2.1/../../../arm-none-eabi/lib/thumb/v7e-m+fp/hard/libc_nano.a(libc_a-init.o)
                0x08000248                __libc_init_array
 .text          0x08000298       0xa4 /usr/lib/gcc/arm-none-eabi/13.2.1/../../../arm-none-eabi/lib/thumb/v7e-m+fp/hard/libc_nano.a(libc_a-memset.o)
                0x08000298                memset
 .text          0x0800033c      0x6b0 /usr/lib/gcc/arm-none-eabi/13.2.1/../../../arm-none-eabi/lib/thumb/v7e-m+fp/hard/libc_nano.a(libc_a-nano-vfprintf_float.o)
                0x0800033c                __cvt
                0x0800044c                __exponent
                0x080004d0                _printf_float
 *fill*         0x080009ec        0x4 
 .text          0x080009f0      0xfdc /usr/lib/gcc/arm-none-eabi/13.2.1/../../../arm-none-eabi/lib/thumb/v7e-m+fp/hard/libc_nano.a(libc_a-dtoa.o)
                0x08000b1c                _dtoa_r
 .text          0x080019cc      0x134 /usr/lib/gcc/arm-none-eabi/13.2.1/../../../arm-none-eabi/lib/thumb/v7e-m+fp/hard/libc_nano.a(libc_a-memcpy.o)
                0x080019cc                memcpy
 .text          0x08001b00       0x20 /usr/lib/gcc/arm-none-eabi/13.2.1/../../../arm-none-eabi/lib/thumb/v7e-m+fp/hard/libc_nano.a(libc_a-malloc.o)
                0x08001b00                malloc
                0x08001b10                free
 .text          0x08001b20      0x3a8 /usr/lib/gcc/arm-none-eabi/13.2.1/../../../arm-none-eabi/lib/thumb/v7e-m+fp/hard/libc_nano.a(libc_a-nano-vfprintf_i.o)
                0x08001b20                _printf_common
                0x08001c44                _printf_i
 .text          0x08001ec8       0x4c /usr/lib/gcc/arm-none-eabi/13.2.1/../../../arm-none-eabi/lib/thumb/v7e-m+fp/hard/libc_nano.a(libc_a-assert.o)
                0x08001ec8                __assert_func
                0x08001f08                __assert
 .text          0x08001f14      0xb10 /usr/lib/gcc/arm-none-eabi/13.2.1/../../../arm-none-eabi/lib/thumb/v7e-m+fp/hard/libc_nano.a(libc_a-mprec.o)
                0x08001f14                _Balloc
                0x08001f94                _Bfree
                0x08001fdc                __multadd
                0x08002078                __s2b
                0x0800212c                __hi0bits
                0x08002170                __lo0bits
                0x080021d0                __i2b
                0x080021fc                __multiply
                0x08002368                __pow5mult
                0x08002448                __lshift
                0x08002530                __mcmp
                0x08002574                __mdiff
                0x080026ec                __ulp
                0x08002750                __b2d
                0x0800280c                __d2b
                0x080028cc                __ratio
                0x0800292c                _mprec_log10
                0x0800296c                __copybits
                0x080029c8                __any_on
 .text          0x08002a24       0x14 /usr/lib/gcc/arm-none-eabi/13.2.1/../../../arm-none-eabi/lib/thumb/v7e-m+fp/hard/libc_nano.a(libc_a-localeconv.o)
                0x08002a24                __localeconv_l
                0x08002a28                _localeconv_r
                0x08002a30                localeconv
 .text          0x08002a38      0x224 /usr/lib/gcc/arm-none-eabi/13.2.1/../../../arm-none-eabi/lib/thumb/v7e-m+fp/hard/libc_nano.a(libc_a-findfp.o)
                0x08002b68                __sfp
                0x08002c0c                __sinit
                0x08002c2c                __sfp_lock_acquire
                0x08002c30                __sfp_lock_release
                0x08002c34                __fp_lock_all
                0x08002c48                __fp_unlock_all
 .text          0x08002c5c       0x10 /usr/lib/gcc/arm-none-eabi/13.2.1/../../../arm-none-eabi/lib/thumb/v7e-m+fp/hard/libc_nano.a(libc_a-abort.o)
                0x08002c5c                abort
 *fill*         0x08002c6c       0x14 
 .text          0x08002c80       0xd8 /usr/lib/gcc/arm-none-eabi/13.2.1/../../../arm-none-eabi/lib/thumb/v7e-m+fp/hard/libc_nano.a(libc_a-strlen.o)
                0x08002c80                strlen
 .text          0x08002d58      0x1a8 /usr/lib/gcc/arm-none-eabi/13.2.1/../../../arm-none-eabi/lib/thumb/v7e-m+fp/hard/libc_nano.a(libc_a-fflush.o)
                0x08002d58                __sflush_r
                0x08002e7c                _fflush_r
                0x08002eb4                fflush
 .text          0x08002f00       0x28 /usr/lib/gcc/arm-none-eabi/13.2.1/../../../arm-none-eabi/lib/thumb/v7e-m+fp/hard/libc_nano.a(libc_a-callocr.o)
                0x08002f00                _calloc_r
 .text          0x08002f28      0x148 /usr/lib/gcc/arm-none-eabi/13.2.1/../../../arm-none-eabi/lib/thumb/v7e-m+fp/hard/libc_nano.a(libc_a-mallocr.o)
                0x08002f70                _malloc_r
 .text          0x08003070       0xbc /usr/lib/gcc/arm-none-eabi/13.2.1/../../../arm-none-eabi/lib/thumb/v7e-m+fp/hard/libc_nano.a(libc_a-freer.o)
                0x08003070                _free_r
 .text          0x0800312c       0x44 /usr/lib/gcc/arm-none-eabi/13.2.1/../../../arm-none-eabi/lib/thumb/v7e-m+fp/hard/libc_nano.a(libc_a-fwalk.o)
                0x0800312c                _fwalk_sglue
 .text          0x08003170       0x30 /usr/lib/gcc/arm-none-eabi/13.2.1/../../../arm-none-eabi/lib/thumb/v7e-m+fp/hard/libc_nano.a(libc_a-wctomb_r.o)
                0x08003170                _wctomb_r
                0x08003184                __ascii_wctomb
 .text          0x080031a0       0xa0 /usr/lib/gcc/arm-none-eabi/13.2.1/../../../arm-none-eabi/lib/thumb/v7e-m+fp/hard/libc_nano.a(libc_a-memchr.o)
                0x080031a0                memchr
 .text          0x08003240       0x44 /usr/lib/gcc/arm-none-eabi/13.2.1/../../../arm-none-eabi/lib/thumb/v7e-m+fp/hard/libc_nano.a(libc_a-fprintf.o)
                0x08003240                _fprintf_r
                0x08003240                _fiprintf_r
                0x0800325c                fprintf
                0x0800325c                fiprintf
 .text          0x08003284        0x8 /usr/lib/gcc/arm-none-eabi/13.2.1/../../../arm-none-eabi/lib/thumb/v7e-m+fp/hard/libc_nano.a(libc_a-mlock.o)
                0x08003284                __malloc_lock
                0x08003288                __malloc_unlock
 .text          0x0800328c      0x314 /usr/lib/gcc/arm-none-eabi/13.2.1/../../../arm-none-eabi/lib/thumb/v7e-m+fp/hard/libc_nano.a(libc_a-nano-vfprintf.o)
                0x080032c8                __sfputs_r
                0x080032f8                __sprint_r
                0x08003318                _vfiprintf_r
                0x08003318                _vfprintf_r
                0x08003584                vfiprintf
                0x08003584                vfprintf
 .text          0x080035a0       0xa0 /usr/lib/gcc/arm-none-eabi/13.2.1/../../../arm-none-eabi/lib/thumb/v7e-m+fp/hard/libc_nano.a(libc_a-wbuf.o)
                0x080035a0                __swbuf_r
                0x08003628                __swbuf
 .text          0x08003640       0x24 /usr/lib/gcc/arm-none-eabi/13.2.1/../../../arm-none-eabi/lib/thumb/v7e-m+fp/hard/libc_nano.a(libc_a-sbrkr.o)
                0x08003640                _sbrk_r
 .text          0x08003664       0x94 /usr/lib/gcc/arm-none-eabi/13.2.1/../../../arm-none-eabi/lib/thumb/v7e-m+fp/hard/libc_nano.a(libc_a-stdio.o)
                0x08003664                __sread
                0x08003688                __seofread
                0x0800368c                __swrite
                0x080036cc                __sseek
                0x080036f0                __sclose
 .text          0x080036f8      0x300 /usr/lib/gcc/arm-none-eabi/13.2.1/../../../arm-none-eabi/lib/thumb/v7e-m+fp/hard/libc_nano.a(libc_a-fvwrite.o)
                0x080036f8                __sfvwrite_r
 .text          0x080039f8       0x40 /usr/lib/gcc/arm-none-eabi/13.2.1/../../../arm-none-eabi/lib/thumb/v7e-m+fp/hard/libc_nano.a(libc_a-mbtowc_r.o)
                0x080039f8                _mbtowc_r
                0x08003a0c                __ascii_mbtowc
 .text          0x08003a38      0x260 /usr/lib/gcc/arm-none-eabi/13.2.1/../../../arm-none-eabi/lib/thumb/v7e-m+fp/hard/libc_nano.a(libc_a-signal.o)
                0x08003a38                _init_signal_r
                0x08003a64                _signal_r
                0x08003ab0                _raise_r
                0x08003b00                __sigtramp_r
                0x08003b60                raise
                0x08003bb4                signal
                0x08003c00                _init_signal
                0x08003c34                __sigtramp
 .text          0x08003c98       0x24 /usr/lib/gcc/arm-none-eabi/13.2.1/../../../arm-none-eabi/lib/thumb/v7e-m+fp/hard/libc_nano.a(libc_a-closer.o)
                0x08003c98                _close_r
 .text          0x08003cbc      0x100 /usr/lib/gcc/arm-none-eabi/13.2.1/../../../arm-none-eabi/lib/thumb/v7e-m+fp/hard/libc_nano.a(libc_a-memmove.o)
                0x08003cbc                memmove
 .text          0x08003dbc       0xc4 /usr/lib/gcc/arm-none-eabi/13.2.1/../../../arm-none-eabi/lib/thumb/v7e-m+fp/hard/libc_nano.a(libc_a-wsetup.o)
                0x08003dbc                __swsetup_r
 .text          0x08003e80       0x2c /usr/lib/gcc/arm-none-eabi/13.2.1/../../../arm-none-eabi/lib/thumb/v7e-m+fp/hard/libc_nano.a(libc_a-readr.o)
                0x08003e80                _read_r
 .text          0x08003eac       0x64 /usr/lib/gcc/arm-none-eabi/13.2.1/../../../arm-none-eabi/lib/thumb/v7e-m+fp/hard/libc_nano.a(libc_a-reallocr.o)
                0x08003eac                _realloc_r
 .text          0x08003f10      0x114 /usr/lib/gcc/arm-none-eabi/13.2.1/../../../arm-none-eabi/lib/thumb/v7e-m+fp/hard/libc_nano.a(libc_a-makebuf.o)
                0x08003f10                __smakebuf_r
                0x08003fd4                __swhatbuf_r
 .text          0x08004024       0x2c /usr/lib/gcc/arm-none-eabi/13.2.1/../../../arm-none-eabi/lib/thumb/v7e-m+fp/hard/libc_nano.a(libc_a-lseekr.o)
                0x08004024                _lseek_r
 .text          0x08004050       0x2c /usr/lib/gcc/arm-none-eabi/13.2.1/../../../arm-none-eabi/lib/thumb/v7e-m+fp/hard/libc_nano.a(libc_a-writer.o)
                0x08004050                _write_r
 .text          0x0800407c       0x24 /usr/lib/gcc/arm-none-eabi/13.2.1/../../../arm-none-eabi/lib/thumb/v7e-m+fp/hard/libc_nano.a(libc_a-isattyr.o)
                0x0800407c                _isatty_r
 .text          0x080040a0       0x10 /usr/lib/gcc/arm-none-eabi/13.2.1/../../../arm-none-eabi/lib/thumb/v7e-m+fp/hard/libc_nano.a(libc_a-msizer.o)
                0x080040a0                _malloc_usable_size_r
 .text          0x080040b0       0x30 /usr/lib/gcc/arm-none-eabi/13.2.1/../../../arm-none-eabi/lib/thumb/v7e-m+fp/hard/libc_nano.a(libc_a-signalr.o)
                0x080040b0                _kill_r
                0x080040dc                _getpid_r
 .text          0x080040e0       0x2c /usr/lib/gcc/arm-none-eabi/13.2.1/../../../arm-none-eabi/lib/thumb/v7e-m+fp/hard/libc_nano.a(libc_a-fstatr.o)
                0x080040e0                _fstat_r
 .text          0x0800410c      0x378 /usr/lib/gcc/arm-none-eabi/13.2.1/thumb/v7e-m+fp/hard/libgcc.a(_arm_addsubdf3.o)
                0x0800410c                __aeabi_drsub
                0x08004114                __aeabi_dsub
                0x08004114                __subdf3
                0x08004118                __adddf3
                0x08004118                __aeabi_dadd
                0x08004390                __aeabi_ui2d
                0x08004390                __floatunsidf
                0x080043b0                __floatsidf
                0x080043b0                __aeabi_i2d
                0x080043d4                __extendsfdf2
                0x080043d4                __aeabi_f2d
                0x08004418                __aeabi_ul2d
                0x08004418                __floatundidf
                0x08004428                __floatdidf
                0x08004428                __aeabi_l2d
 .text          0x08004484      0x424 /usr/lib/gcc/arm-none-eabi/13.2.1/thumb/v7e-m+fp/hard/libgcc.a(_arm_muldivdf3.o)
                0x08004484                __aeabi_dmul
                0x08004484                __muldf3
                0x080046d8                __aeabi_ddiv
                0x080046d8                __divdf3
 .text          0x080048a8      0x110 /usr/lib/gcc/arm-none-eabi/13.2.1/thumb/v7e-m+fp/hard/libgcc.a(_arm_cmpdf2.o)
                0x080048a8                __gtdf2
                0x080048a8                __gedf2
                0x080048b0                __ltdf2
                0x080048b0                __ledf2
                0x080048b8                __cmpdf2
                0x080048b8                __eqdf2
                0x080048b8                __nedf2
                0x08004934                __aeabi_cdrcmple
                0x08004944                __aeabi_cdcmple
                0x08004944                __aeabi_cdcmpeq
                0x08004954                __aeabi_dcmpeq
                0x08004968                __aeabi_dcmplt
                0x0800497c                __aeabi_dcmple
                0x08004990                __aeabi_dcmpge
                0x080049a4                __aeabi_dcmpgt
 .text          0x080049b8       0x2c /usr/lib/gcc/arm-none-eabi/13.2.1/thumb/v7e-m+fp/hard/libgcc.a(_arm_unorddf2.o)
                0x080049b8                __aeabi_dcmpun
                0x080049b8                __unorddf2
 .text          0x080049e4       0x50 /usr/lib/gcc/arm-none-eabi/13.2.1/thumb/v7e-m+fp/hard/libgcc.a(_arm_fixdfsi.o)
                0x080049e4                __fixdfsi
                0x080049e4                __aeabi_d2iz
 .text          0x08004a34       0xa0 /usr/lib/gcc/arm-none-eabi/13.2.1/thumb/v7e-m+fp/hard/libgcc.a(_arm_truncdfsf2.o)
                0x08004a34                __aeabi_d2f
                0x08004a34                __truncdfsf2
 .text          0x08004ad4       0x30 /usr/lib/gcc/arm-none-eabi/13.2.1/thumb/v7e-m+fp/hard/libgcc.a(_aeabi_uldivmod.o)
                0x08004ad4                __aeabi_uldivmod
 .text          0x08004b04      0x2bc /usr/lib/gcc/arm-none-eabi/13.2.1/thumb/v7e-m+fp/hard/libgcc.a(_udivmoddi4.o)
                0x08004b04                __udivmoddi4
 .text          0x08004dc0        0x4 /usr/lib/gcc/arm-none-eabi/13.2.1/thumb/v7e-m+fp/hard/libgcc.a(_dvmd_tls.o)
                0x08004dc0                __aeabi_ldiv0
                0x08004dc0                __aeabi_idiv0
 *fill*         0x08004dc4        0x4 
 .text          0x08004dc8     0x11bc /usr/lib/gcc/arm-none-eabi/13.2.1/../../../arm-none-eabi/lib/thumb/v7e-m+fp/hard/libg_nano.a(libc_a-strtod.o)
                0x08004dc8                _strtod_l
                0x08005dbc                _strtod_r
                0x08005dc8                strtod_l
                0x08005de4                strtod
                0x08005e04                strtof_l
                0x08005eb4                strtof
 .text          0x08005f84      0x630 /usr/lib/gcc/arm-none-eabi/13.2.1/../../../arm-none-eabi/lib/thumb/v7e-m+fp/hard/libg_nano.a(libc_a-gdtoa-gethex.o)
                0x08006028                __gethex
 .text          0x080065b4       0xa0 /usr/lib/gcc/arm-none-eabi/13.2.1/../../../arm-none-eabi/lib/thumb/v7e-m+fp/hard/libg_nano.a(libc_a-puts.o)
                0x080065b4                _puts_r
                0x08006644                puts
 .text          0x08006654        0xc /usr/lib/gcc/arm-none-eabi/13.2.1/../../../arm-none-eabi/lib/thumb/v7e-m+fp/hard/libg_nano.a(libc_a-errno.o)
                0x08006654                __errno
 .text          0x08006660       0x8c /usr/lib/gcc/arm-none-eabi/13.2.1/../../../arm-none-eabi/lib/thumb/v7e-m+fp/hard/libg_nano.a(libc_a-strncmp.o)
                0x08006660                strncmp
 .text          0x080066ec      0x204 /usr/lib/gcc/arm-none-eabi/13.2.1/../../../arm-none-eabi/lib/thumb/v7e-m+fp/hard/libg_nano.a(libc_a-gdtoa-hexnan.o)
                0x080066ec                __match
                0x08006724                __hexnan
 .text          0x080068f0       0x48 /usr/lib/gcc/arm-none-eabi/13.2.1/../../../arm-none-eabi/lib/thumb/v7e-m+fp/hard/libg_nano.a(libc_a-printf.o)
                0x080068f0                _printf_r
                0x080068f0                _iprintf_r
                0x08006910                printf
                0x08006910                iprintf
 .text          0x08006938       0x10 /usr/lib/gcc/arm-none-eabi/13.2.1/../../../arm-none-eabi/lib/thumb/v7e-m+fp/hard/libg_nano.a(libm_a-s_nan.o)
                0x08006938                nan
 .text          0x08006948        0xc /usr/lib/gcc/arm-none-eabi/13.2.1/../../../arm-none-eabi/lib/thumb/v7e-m+fp/hard/libg_nano.a(libm_a-sf_nan.o)
                0x08006948                nanf
 .text          0x08006954       0x40 /usr/lib/gcc/arm-none-eabi/13.2.1/thumb/v7e-m+fp/hard/libgcc.a(_arm_fixunsdfsi.o)
                0x08006954                __fixunsdfsi
                0x08006954                __aeabi_d2uiz
 .text          0x08006994       0x30 /usr/lib/gcc/arm-none-eabi/13.2.1/thumb/v7e-m+fp/hard/libgcc.a(_fixdfdi.o)
                0x08006994                __aeabi_d2lz
                0x08006994                __fixdfdi
 .text          0x080069c4       0x3c /usr/lib/gcc/arm-none-eabi/13.2.1/thumb/v7e-m+fp/hard/libgcc.a(_fixunsdfdi.o)
                0x080069c4                __aeabi_d2ulz
                0x080069c4                __fixunsdfdi
 *(.text*)
 .text.SystemInit
                0x08006a00       0x24 cmake/stm32cubemx/CMakeFiles/STM32_Drivers.dir/__/__/Core/Src/system_stm32f4xx.c.obj
                0x08006a00                SystemInit
 .text.HAL_TIM_Base_Init
                0x08006a24       0x9e cmake/stm32cubemx/CMakeFiles/STM32_Drivers.dir/__/__/Drivers/STM32F4xx_HAL_Driver/Src/stm32f4xx_hal_tim.c.obj
                0x08006a24                HAL_TIM_Base_Init
 *fill*         0x08006ac2        0x2 
 .text.HAL_TIM_Base_Start_IT
                0x08006ac4       0xe0 cmake/stm32cubemx/CMakeFiles/STM32_Drivers.dir/__/__/Drivers/STM32F4xx_HAL_Driver/Src/stm32f4xx_hal_tim.c.obj
                0x08006ac4                HAL_TIM_Base_Start_IT
 .text.HAL_TIM_PWM_Init
                0x08006ba4       0x9e cmake/stm32cubemx/CMakeFiles/STM32_Drivers.dir/__/__/Drivers/STM32F4xx_HAL_Driver/Src/stm32f4xx_hal_tim.c.obj
                0x08006ba4                HAL_TIM_PWM_Init
 .text.HAL_TIM_PWM_MspInit
                0x08006c42       0x14 cmake/stm32cubemx/CMakeFiles/STM32_Drivers.dir/__/__/Drivers/STM32F4xx_HAL_Driver/Src/stm32f4xx_hal_tim.c.obj
                0x08006c42                HAL_TIM_PWM_MspInit
 *fill*         0x08006c56        0x2 
 .text.HAL_TIM_PWM_Start
                0x08006c58      0x190 cmake/stm32cubemx/CMakeFiles/STM32_Drivers.dir/__/__/Drivers/STM32F4xx_HAL_Driver/Src/stm32f4xx_hal_tim.c.obj
                0x08006c58                HAL_TIM_PWM_Start
 .text.HAL_TIM_Encoder_Init
                0x08006de8      0x14c cmake/stm32cubemx/CMakeFiles/STM32_Drivers.dir/__/__/Drivers/STM32F4xx_HAL_Driver/Src/stm32f4xx_hal_tim.c.obj
                0x08006de8                HAL_TIM_Encoder_Init
 .text.HAL_TIM_Encoder_Start
                0x08006f34      0x11c cmake/stm32cubemx/CMakeFiles/STM32_Drivers.dir/__/__/Drivers/STM32F4xx_HAL_Driver/Src/stm32f4xx_hal_tim.c.obj
                0x08006f34                HAL_TIM_Encoder_Start
 .text.HAL_TIM_IRQHandler
                0x08007050      0x1e0 cmake/stm32cubemx/CMakeFiles/STM32_Drivers.dir/__/__/Drivers/STM32F4xx_HAL_Driver/Src/stm32f4xx_hal_tim.c.obj
                0x08007050                HAL_TIM_IRQHandler
 .text.HAL_TIM_PWM_ConfigChannel
                0x08007230      0x184 cmake/stm32cubemx/CMakeFiles/STM32_Drivers.dir/__/__/Drivers/STM32F4xx_HAL_Driver/Src/stm32f4xx_hal_tim.c.obj
                0x08007230                HAL_TIM_PWM_ConfigChannel
 .text.HAL_TIM_ConfigClockSource
                0x080073b4      0x18e cmake/stm32cubemx/CMakeFiles/STM32_Drivers.dir/__/__/Drivers/STM32F4xx_HAL_Driver/Src/stm32f4xx_hal_tim.c.obj
                0x080073b4                HAL_TIM_ConfigClockSource
 .text.HAL_TIM_OC_DelayElapsedCallback
                0x08007542       0x14 cmake/stm32cubemx/CMakeFiles/STM32_Drivers.dir/__/__/Drivers/STM32F4xx_HAL_Driver/Src/stm32f4xx_hal_tim.c.obj
                0x08007542                HAL_TIM_OC_DelayElapsedCallback
 .text.HAL_TIM_IC_CaptureCallback
                0x08007556       0x14 cmake/stm32cubemx/CMakeFiles/STM32_Drivers.dir/__/__/Drivers/STM32F4xx_HAL_Driver/Src/stm32f4xx_hal_tim.c.obj
                0x08007556                HAL_TIM_IC_CaptureCallback
 .text.HAL_TIM_PWM_PulseFinishedCallback
                0x0800756a       0x14 cmake/stm32cubemx/CMakeFiles/STM32_Drivers.dir/__/__/Drivers/STM32F4xx_HAL_Driver/Src/stm32f4xx_hal_tim.c.obj
                0x0800756a                HAL_TIM_PWM_PulseFinishedCallback
 .text.HAL_TIM_TriggerCallback
                0x0800757e       0x14 cmake/stm32cubemx/CMakeFiles/STM32_Drivers.dir/__/__/Drivers/STM32F4xx_HAL_Driver/Src/stm32f4xx_hal_tim.c.obj
                0x0800757e                HAL_TIM_TriggerCallback
 *fill*         0x08007592        0x2 
 .text.TIM_Base_SetConfig
                0x08007594      0x14c cmake/stm32cubemx/CMakeFiles/STM32_Drivers.dir/__/__/Drivers/STM32F4xx_HAL_Driver/Src/stm32f4xx_hal_tim.c.obj
                0x08007594                TIM_Base_SetConfig
 .text.TIM_OC1_SetConfig
                0x080076e0       0xe0 cmake/stm32cubemx/CMakeFiles/STM32_Drivers.dir/__/__/Drivers/STM32F4xx_HAL_Driver/Src/stm32f4xx_hal_tim.c.obj
 .text.TIM_OC2_SetConfig
                0x080077c0       0xec cmake/stm32cubemx/CMakeFiles/STM32_Drivers.dir/__/__/Drivers/STM32F4xx_HAL_Driver/Src/stm32f4xx_hal_tim.c.obj
                0x080077c0                TIM_OC2_SetConfig
 .text.TIM_OC3_SetConfig
                0x080078ac       0xe8 cmake/stm32cubemx/CMakeFiles/STM32_Drivers.dir/__/__/Drivers/STM32F4xx_HAL_Driver/Src/stm32f4xx_hal_tim.c.obj
 .text.TIM_OC4_SetConfig
                0x08007994       0xac cmake/stm32cubemx/CMakeFiles/STM32_Drivers.dir/__/__/Drivers/STM32F4xx_HAL_Driver/Src/stm32f4xx_hal_tim.c.obj
 .text.TIM_TI1_ConfigInputStage
                0x08007a40       0x5e cmake/stm32cubemx/CMakeFiles/STM32_Drivers.dir/__/__/Drivers/STM32F4xx_HAL_Driver/Src/stm32f4xx_hal_tim.c.obj
 .text.TIM_TI2_ConfigInputStage
                0x08007a9e       0x60 cmake/stm32cubemx/CMakeFiles/STM32_Drivers.dir/__/__/Drivers/STM32F4xx_HAL_Driver/Src/stm32f4xx_hal_tim.c.obj
 .text.TIM_ITRx_SetConfig
                0x08007afe       0x36 cmake/stm32cubemx/CMakeFiles/STM32_Drivers.dir/__/__/Drivers/STM32F4xx_HAL_Driver/Src/stm32f4xx_hal_tim.c.obj
 .text.TIM_ETR_SetConfig
                0x08007b34       0x40 cmake/stm32cubemx/CMakeFiles/STM32_Drivers.dir/__/__/Drivers/STM32F4xx_HAL_Driver/Src/stm32f4xx_hal_tim.c.obj
                0x08007b34                TIM_ETR_SetConfig
 .text.TIM_CCxChannelCmd
                0x08007b74       0x4a cmake/stm32cubemx/CMakeFiles/STM32_Drivers.dir/__/__/Drivers/STM32F4xx_HAL_Driver/Src/stm32f4xx_hal_tim.c.obj
                0x08007b74                TIM_CCxChannelCmd
 *fill*         0x08007bbe        0x2 
 .text.HAL_TIMEx_MasterConfigSynchronization
                0x08007bc0       0xf8 cmake/stm32cubemx/CMakeFiles/STM32_Drivers.dir/__/__/Drivers/STM32F4xx_HAL_Driver/Src/stm32f4xx_hal_tim_ex.c.obj
                0x08007bc0                HAL_TIMEx_MasterConfigSynchronization
 .text.HAL_TIMEx_ConfigBreakDeadTime
                0x08007cb8       0xa4 cmake/stm32cubemx/CMakeFiles/STM32_Drivers.dir/__/__/Drivers/STM32F4xx_HAL_Driver/Src/stm32f4xx_hal_tim_ex.c.obj
                0x08007cb8                HAL_TIMEx_ConfigBreakDeadTime
 .text.HAL_TIMEx_CommutCallback
                0x08007d5c       0x14 cmake/stm32cubemx/CMakeFiles/STM32_Drivers.dir/__/__/Drivers/STM32F4xx_HAL_Driver/Src/stm32f4xx_hal_tim_ex.c.obj
                0x08007d5c                HAL_TIMEx_CommutCallback
 .text.HAL_TIMEx_BreakCallback
                0x08007d70       0x14 cmake/stm32cubemx/CMakeFiles/STM32_Drivers.dir/__/__/Drivers/STM32F4xx_HAL_Driver/Src/stm32f4xx_hal_tim_ex.c.obj
                0x08007d70                HAL_TIMEx_BreakCallback
 .text.HAL_RCC_OscConfig
                0x08007d84      0x4f0 cmake/stm32cubemx/CMakeFiles/STM32_Drivers.dir/__/__/Drivers/STM32F4xx_HAL_Driver/Src/stm32f4xx_hal_rcc.c.obj
                0x08007d84                HAL_RCC_OscConfig
 .text.HAL_RCC_ClockConfig
                0x08008274      0x1cc cmake/stm32cubemx/CMakeFiles/STM32_Drivers.dir/__/__/Drivers/STM32F4xx_HAL_Driver/Src/stm32f4xx_hal_rcc.c.obj
                0x08008274                HAL_RCC_ClockConfig
 .text.HAL_RCC_GetSysClockFreq
                0x08008440      0x18c cmake/stm32cubemx/CMakeFiles/STM32_Drivers.dir/__/__/Drivers/STM32F4xx_HAL_Driver/Src/stm32f4xx_hal_rcc.c.obj
                0x08008440                HAL_RCC_GetSysClockFreq
 .text.HAL_RCC_GetHCLKFreq
                0x080085cc       0x18 cmake/stm32cubemx/CMakeFiles/STM32_Drivers.dir/__/__/Drivers/STM32F4xx_HAL_Driver/Src/stm32f4xx_hal_rcc.c.obj
                0x080085cc                HAL_RCC_GetHCLKFreq
 .text.HAL_RCC_GetPCLK1Freq
                0x080085e4       0x28 cmake/stm32cubemx/CMakeFiles/STM32_Drivers.dir/__/__/Drivers/STM32F4xx_HAL_Driver/Src/stm32f4xx_hal_rcc.c.obj
                0x080085e4                HAL_RCC_GetPCLK1Freq
 .text.HAL_RCC_GetPCLK2Freq
                0x0800860c       0x28 cmake/stm32cubemx/CMakeFiles/STM32_Drivers.dir/__/__/Drivers/STM32F4xx_HAL_Driver/Src/stm32f4xx_hal_rcc.c.obj
                0x0800860c                HAL_RCC_GetPCLK2Freq
 .text.HAL_GPIO_Init
                0x08008634      0x338 cmake/stm32cubemx/CMakeFiles/STM32_Drivers.dir/__/__/Drivers/STM32F4xx_HAL_Driver/Src/stm32f4xx_hal_gpio.c.obj
                0x08008634                HAL_GPIO_Init
 .text.HAL_GPIO_WritePin
                0x0800896c       0x32 cmake/stm32cubemx/CMakeFiles/STM32_Drivers.dir/__/__/Drivers/STM32F4xx_HAL_Driver/Src/stm32f4xx_hal_gpio.c.obj
                0x0800896c                HAL_GPIO_WritePin
 .text.HAL_GPIO_TogglePin
                0x0800899e       0x34 cmake/stm32cubemx/CMakeFiles/STM32_Drivers.dir/__/__/Drivers/STM32F4xx_HAL_Driver/Src/stm32f4xx_hal_gpio.c.obj
                0x0800899e                HAL_GPIO_TogglePin
 .text.HAL_DMA_Abort
                0x080089d2       0xe0 cmake/stm32cubemx/CMakeFiles/STM32_Drivers.dir/__/__/Drivers/STM32F4xx_HAL_Driver/Src/stm32f4xx_hal_dma.c.obj
                0x080089d2                HAL_DMA_Abort
 .text.HAL_DMA_Abort_IT
                0x08008ab2       0x44 cmake/stm32cubemx/CMakeFiles/STM32_Drivers.dir/__/__/Drivers/STM32F4xx_HAL_Driver/Src/stm32f4xx_hal_dma.c.obj
                0x08008ab2                HAL_DMA_Abort_IT
 *fill*         0x08008af6        0x2 
 .text.__NVIC_SetPriorityGrouping
                0x08008af8       0x48 cmake/stm32cubemx/CMakeFiles/STM32_Drivers.dir/__/__/Drivers/STM32F4xx_HAL_Driver/Src/stm32f4xx_hal_cortex.c.obj
 .text.__NVIC_GetPriorityGrouping
                0x08008b40       0x1c cmake/stm32cubemx/CMakeFiles/STM32_Drivers.dir/__/__/Drivers/STM32F4xx_HAL_Driver/Src/stm32f4xx_hal_cortex.c.obj
 .text.__NVIC_EnableIRQ
                0x08008b5c       0x3c cmake/stm32cubemx/CMakeFiles/STM32_Drivers.dir/__/__/Drivers/STM32F4xx_HAL_Driver/Src/stm32f4xx_hal_cortex.c.obj
 .text.__NVIC_SetPriority
                0x08008b98       0x54 cmake/stm32cubemx/CMakeFiles/STM32_Drivers.dir/__/__/Drivers/STM32F4xx_HAL_Driver/Src/stm32f4xx_hal_cortex.c.obj
 .text.NVIC_EncodePriority
                0x08008bec       0x66 cmake/stm32cubemx/CMakeFiles/STM32_Drivers.dir/__/__/Drivers/STM32F4xx_HAL_Driver/Src/stm32f4xx_hal_cortex.c.obj
 *fill*         0x08008c52        0x2 
 .text.SysTick_Config
                0x08008c54       0x44 cmake/stm32cubemx/CMakeFiles/STM32_Drivers.dir/__/__/Drivers/STM32F4xx_HAL_Driver/Src/stm32f4xx_hal_cortex.c.obj
 .text.HAL_NVIC_SetPriorityGrouping
                0x08008c98       0x16 cmake/stm32cubemx/CMakeFiles/STM32_Drivers.dir/__/__/Drivers/STM32F4xx_HAL_Driver/Src/stm32f4xx_hal_cortex.c.obj
                0x08008c98                HAL_NVIC_SetPriorityGrouping
 .text.HAL_NVIC_SetPriority
                0x08008cae       0x38 cmake/stm32cubemx/CMakeFiles/STM32_Drivers.dir/__/__/Drivers/STM32F4xx_HAL_Driver/Src/stm32f4xx_hal_cortex.c.obj
                0x08008cae                HAL_NVIC_SetPriority
 .text.HAL_NVIC_EnableIRQ
                0x08008ce6       0x1c cmake/stm32cubemx/CMakeFiles/STM32_Drivers.dir/__/__/Drivers/STM32F4xx_HAL_Driver/Src/stm32f4xx_hal_cortex.c.obj
                0x08008ce6                HAL_NVIC_EnableIRQ
 .text.HAL_SYSTICK_Config
                0x08008d02       0x18 cmake/stm32cubemx/CMakeFiles/STM32_Drivers.dir/__/__/Drivers/STM32F4xx_HAL_Driver/Src/stm32f4xx_hal_cortex.c.obj
                0x08008d02                HAL_SYSTICK_Config
 *fill*         0x08008d1a        0x2 
 .text.HAL_Init
                0x08008d1c       0x44 cmake/stm32cubemx/CMakeFiles/STM32_Drivers.dir/__/__/Drivers/STM32F4xx_HAL_Driver/Src/stm32f4xx_hal.c.obj
                0x08008d1c                HAL_Init
 .text.HAL_InitTick
                0x08008d60       0x60 cmake/stm32cubemx/CMakeFiles/STM32_Drivers.dir/__/__/Drivers/STM32F4xx_HAL_Driver/Src/stm32f4xx_hal.c.obj
                0x08008d60                HAL_InitTick
 .text.HAL_IncTick
                0x08008dc0       0x28 cmake/stm32cubemx/CMakeFiles/STM32_Drivers.dir/__/__/Drivers/STM32F4xx_HAL_Driver/Src/stm32f4xx_hal.c.obj
                0x08008dc0                HAL_IncTick
 .text.HAL_GetTick
                0x08008de8       0x18 cmake/stm32cubemx/CMakeFiles/STM32_Drivers.dir/__/__/Drivers/STM32F4xx_HAL_Driver/Src/stm32f4xx_hal.c.obj
                0x08008de8                HAL_GetTick
 .text.HAL_Delay
                0x08008e00       0x48 cmake/stm32cubemx/CMakeFiles/STM32_Drivers.dir/__/__/Drivers/STM32F4xx_HAL_Driver/Src/stm32f4xx_hal.c.obj
                0x08008e00                HAL_Delay
 .text.HAL_UART_Init
                0x08008e48       0xa0 cmake/stm32cubemx/CMakeFiles/STM32_Drivers.dir/__/__/Drivers/STM32F4xx_HAL_Driver/Src/stm32f4xx_hal_uart.c.obj
                0x08008e48                HAL_UART_Init
 .text.HAL_UART_Transmit
                0x08008ee8      0x116 cmake/stm32cubemx/CMakeFiles/STM32_Drivers.dir/__/__/Drivers/STM32F4xx_HAL_Driver/Src/stm32f4xx_hal_uart.c.obj
                0x08008ee8                HAL_UART_Transmit
 .text.HAL_UART_Receive_IT
                0x08008ffe       0x4a cmake/stm32cubemx/CMakeFiles/STM32_Drivers.dir/__/__/Drivers/STM32F4xx_HAL_Driver/Src/stm32f4xx_hal_uart.c.obj
                0x08008ffe                HAL_UART_Receive_IT
 .text.HAL_UART_IRQHandler
                0x08009048      0x554 cmake/stm32cubemx/CMakeFiles/STM32_Drivers.dir/__/__/Drivers/STM32F4xx_HAL_Driver/Src/stm32f4xx_hal_uart.c.obj
                0x08009048                HAL_UART_IRQHandler
 .text.HAL_UART_TxCpltCallback
                0x0800959c       0x14 cmake/stm32cubemx/CMakeFiles/STM32_Drivers.dir/__/__/Drivers/STM32F4xx_HAL_Driver/Src/stm32f4xx_hal_uart.c.obj
                0x0800959c                HAL_UART_TxCpltCallback
 .text.HAL_UART_ErrorCallback
                0x080095b0       0x14 cmake/stm32cubemx/CMakeFiles/STM32_Drivers.dir/__/__/Drivers/STM32F4xx_HAL_Driver/Src/stm32f4xx_hal_uart.c.obj
                0x080095b0                HAL_UART_ErrorCallback
 .text.HAL_UARTEx_RxEventCallback
                0x080095c4       0x18 cmake/stm32cubemx/CMakeFiles/STM32_Drivers.dir/__/__/Drivers/STM32F4xx_HAL_Driver/Src/stm32f4xx_hal_uart.c.obj
                0x080095c4                HAL_UARTEx_RxEventCallback
 .text.UART_WaitOnFlagUntilTimeout
                0x080095dc       0xb2 cmake/stm32cubemx/CMakeFiles/STM32_Drivers.dir/__/__/Drivers/STM32F4xx_HAL_Driver/Src/stm32f4xx_hal_uart.c.obj
 .text.UART_Start_Receive_IT
                0x0800968e       0x74 cmake/stm32cubemx/CMakeFiles/STM32_Drivers.dir/__/__/Drivers/STM32F4xx_HAL_Driver/Src/stm32f4xx_hal_uart.c.obj
                0x0800968e                UART_Start_Receive_IT
 .text.UART_EndRxTransfer
                0x08009702       0xc6 cmake/stm32cubemx/CMakeFiles/STM32_Drivers.dir/__/__/Drivers/STM32F4xx_HAL_Driver/Src/stm32f4xx_hal_uart.c.obj
 .text.UART_DMAAbortOnError
                0x080097c8       0x22 cmake/stm32cubemx/CMakeFiles/STM32_Drivers.dir/__/__/Drivers/STM32F4xx_HAL_Driver/Src/stm32f4xx_hal_uart.c.obj
 .text.UART_Transmit_IT
                0x080097ea       0xa0 cmake/stm32cubemx/CMakeFiles/STM32_Drivers.dir/__/__/Drivers/STM32F4xx_HAL_Driver/Src/stm32f4xx_hal_uart.c.obj
 .text.UART_EndTransmit_IT
                0x0800988a       0x30 cmake/stm32cubemx/CMakeFiles/STM32_Drivers.dir/__/__/Drivers/STM32F4xx_HAL_Driver/Src/stm32f4xx_hal_uart.c.obj
 .text.UART_Receive_IT
                0x080098ba      0x17c cmake/stm32cubemx/CMakeFiles/STM32_Drivers.dir/__/__/Drivers/STM32F4xx_HAL_Driver/Src/stm32f4xx_hal_uart.c.obj
 *fill*         0x08009a36        0x2 
 .text.UART_SetConfig
                0x08009a38      0x4e8 cmake/stm32cubemx/CMakeFiles/STM32_Drivers.dir/__/__/Drivers/STM32F4xx_HAL_Driver/Src/stm32f4xx_hal_uart.c.obj
 .text.main     0x08009f20       0x40 CMakeFiles/motor_cmake_f407vet6_v0.dir/Core/Src/main.c.obj
                0x08009f20                main
 .text.SystemClock_Config
                0x08009f60       0xd4 CMakeFiles/motor_cmake_f407vet6_v0.dir/Core/Src/main.c.obj
                0x08009f60                SystemClock_Config
 .text.Error_Handler
                0x0800a034        0xc CMakeFiles/motor_cmake_f407vet6_v0.dir/Core/Src/main.c.obj
                0x0800a034                Error_Handler
 .text.MX_GPIO_Init
                0x0800a040      0x184 CMakeFiles/motor_cmake_f407vet6_v0.dir/Core/Src/gpio.c.obj
                0x0800a040                MX_GPIO_Init
 .text.MX_TIM1_Init
                0x0800a1c4      0x158 CMakeFiles/motor_cmake_f407vet6_v0.dir/Core/Src/tim.c.obj
                0x0800a1c4                MX_TIM1_Init
 .text.MX_TIM3_Init
                0x0800a31c       0xa8 CMakeFiles/motor_cmake_f407vet6_v0.dir/Core/Src/tim.c.obj
                0x0800a31c                MX_TIM3_Init
 .text.MX_TIM4_Init
                0x0800a3c4       0x9c CMakeFiles/motor_cmake_f407vet6_v0.dir/Core/Src/tim.c.obj
                0x0800a3c4                MX_TIM4_Init
 .text.MX_TIM8_Init
                0x0800a460       0xb0 CMakeFiles/motor_cmake_f407vet6_v0.dir/Core/Src/tim.c.obj
                0x0800a460                MX_TIM8_Init
 .text.HAL_TIM_Base_MspInit
                0x0800a510       0x9c CMakeFiles/motor_cmake_f407vet6_v0.dir/Core/Src/tim.c.obj
                0x0800a510                HAL_TIM_Base_MspInit
 .text.HAL_TIM_Encoder_MspInit
                0x0800a5ac      0x14c CMakeFiles/motor_cmake_f407vet6_v0.dir/Core/Src/tim.c.obj
                0x0800a5ac                HAL_TIM_Encoder_MspInit
 .text.HAL_TIM_MspPostInit
                0x0800a6f8       0x74 CMakeFiles/motor_cmake_f407vet6_v0.dir/Core/Src/tim.c.obj
                0x0800a6f8                HAL_TIM_MspPostInit
 .text.MX_USART1_UART_Init
                0x0800a76c       0x54 CMakeFiles/motor_cmake_f407vet6_v0.dir/Core/Src/usart.c.obj
                0x0800a76c                MX_USART1_UART_Init
 .text.HAL_UART_MspInit
                0x0800a7c0       0xa0 CMakeFiles/motor_cmake_f407vet6_v0.dir/Core/Src/usart.c.obj
                0x0800a7c0                HAL_UART_MspInit
 .text.NMI_Handler
                0x0800a860        0x8 CMakeFiles/motor_cmake_f407vet6_v0.dir/Core/Src/stm32f4xx_it.c.obj
                0x0800a860                NMI_Handler
 .text.HardFault_Handler
                0x0800a868        0x8 CMakeFiles/motor_cmake_f407vet6_v0.dir/Core/Src/stm32f4xx_it.c.obj
                0x0800a868                HardFault_Handler
 .text.MemManage_Handler
                0x0800a870        0x8 CMakeFiles/motor_cmake_f407vet6_v0.dir/Core/Src/stm32f4xx_it.c.obj
                0x0800a870                MemManage_Handler
 .text.BusFault_Handler
                0x0800a878        0x8 CMakeFiles/motor_cmake_f407vet6_v0.dir/Core/Src/stm32f4xx_it.c.obj
                0x0800a878                BusFault_Handler
 .text.UsageFault_Handler
                0x0800a880        0x8 CMakeFiles/motor_cmake_f407vet6_v0.dir/Core/Src/stm32f4xx_it.c.obj
                0x0800a880                UsageFault_Handler
 .text.SVC_Handler
                0x0800a888        0xe CMakeFiles/motor_cmake_f407vet6_v0.dir/Core/Src/stm32f4xx_it.c.obj
                0x0800a888                SVC_Handler
 .text.DebugMon_Handler
                0x0800a896        0xe CMakeFiles/motor_cmake_f407vet6_v0.dir/Core/Src/stm32f4xx_it.c.obj
                0x0800a896                DebugMon_Handler
 .text.PendSV_Handler
                0x0800a8a4        0xe CMakeFiles/motor_cmake_f407vet6_v0.dir/Core/Src/stm32f4xx_it.c.obj
                0x0800a8a4                PendSV_Handler
 .text.SysTick_Handler
                0x0800a8b2        0xc CMakeFiles/motor_cmake_f407vet6_v0.dir/Core/Src/stm32f4xx_it.c.obj
                0x0800a8b2                SysTick_Handler
 *fill*         0x0800a8be        0x2 
 .text.TIM1_UP_TIM10_IRQHandler
                0x0800a8c0       0x14 CMakeFiles/motor_cmake_f407vet6_v0.dir/Core/Src/stm32f4xx_it.c.obj
                0x0800a8c0                TIM1_UP_TIM10_IRQHandler
 .text.TIM1_CC_IRQHandler
                0x0800a8d4       0x14 CMakeFiles/motor_cmake_f407vet6_v0.dir/Core/Src/stm32f4xx_it.c.obj
                0x0800a8d4                TIM1_CC_IRQHandler
 .text.TIM3_IRQHandler
                0x0800a8e8       0x14 CMakeFiles/motor_cmake_f407vet6_v0.dir/Core/Src/stm32f4xx_it.c.obj
                0x0800a8e8                TIM3_IRQHandler
 .text.TIM4_IRQHandler
                0x0800a8fc       0x14 CMakeFiles/motor_cmake_f407vet6_v0.dir/Core/Src/stm32f4xx_it.c.obj
                0x0800a8fc                TIM4_IRQHandler
 .text.USART1_IRQHandler
                0x0800a910       0x14 CMakeFiles/motor_cmake_f407vet6_v0.dir/Core/Src/stm32f4xx_it.c.obj
                0x0800a910                USART1_IRQHandler
 .text.TIM8_BRK_TIM12_IRQHandler
                0x0800a924       0x14 CMakeFiles/motor_cmake_f407vet6_v0.dir/Core/Src/stm32f4xx_it.c.obj
                0x0800a924                TIM8_BRK_TIM12_IRQHandler
 .text.TIM8_UP_TIM13_IRQHandler
                0x0800a938       0x14 CMakeFiles/motor_cmake_f407vet6_v0.dir/Core/Src/stm32f4xx_it.c.obj
                0x0800a938                TIM8_UP_TIM13_IRQHandler
 .text.TIM8_TRG_COM_TIM14_IRQHandler
                0x0800a94c       0x14 CMakeFiles/motor_cmake_f407vet6_v0.dir/Core/Src/stm32f4xx_it.c.obj
                0x0800a94c                TIM8_TRG_COM_TIM14_IRQHandler
 .text.TIM8_CC_IRQHandler
                0x0800a960       0x14 CMakeFiles/motor_cmake_f407vet6_v0.dir/Core/Src/stm32f4xx_it.c.obj
                0x0800a960                TIM8_CC_IRQHandler
 .text.HAL_MspInit
                0x0800a974       0x50 CMakeFiles/motor_cmake_f407vet6_v0.dir/Core/Src/stm32f4xx_hal_msp.c.obj
                0x0800a974                HAL_MspInit
 .text._sbrk    0x0800a9c4       0x6c CMakeFiles/motor_cmake_f407vet6_v0.dir/Core/Src/sysmem.c.obj
                0x0800a9c4                _sbrk
 .text._getpid  0x0800aa30       0x10 CMakeFiles/motor_cmake_f407vet6_v0.dir/Core/Src/syscalls.c.obj
                0x0800aa30                _getpid
 .text._kill    0x0800aa40       0x20 CMakeFiles/motor_cmake_f407vet6_v0.dir/Core/Src/syscalls.c.obj
                0x0800aa40                _kill
 .text._exit    0x0800aa60       0x16 CMakeFiles/motor_cmake_f407vet6_v0.dir/Core/Src/syscalls.c.obj
                0x0800aa60                _exit
 .text._read    0x0800aa76       0x3a CMakeFiles/motor_cmake_f407vet6_v0.dir/Core/Src/syscalls.c.obj
                0x0800aa76                _read
 .text._write   0x0800aab0       0x38 CMakeFiles/motor_cmake_f407vet6_v0.dir/Core/Src/syscalls.c.obj
                0x0800aab0                _write
 .text._close   0x0800aae8       0x18 CMakeFiles/motor_cmake_f407vet6_v0.dir/Core/Src/syscalls.c.obj
                0x0800aae8                _close
 .text._fstat   0x0800ab00       0x20 CMakeFiles/motor_cmake_f407vet6_v0.dir/Core/Src/syscalls.c.obj
                0x0800ab00                _fstat
 .text._isatty  0x0800ab20       0x16 CMakeFiles/motor_cmake_f407vet6_v0.dir/Core/Src/syscalls.c.obj
                0x0800ab20                _isatty
 .text._lseek   0x0800ab36       0x1a CMakeFiles/motor_cmake_f407vet6_v0.dir/Core/Src/syscalls.c.obj
                0x0800ab36                _lseek
 .text.Reset_Handler
                0x0800ab50       0x50 CMakeFiles/motor_cmake_f407vet6_v0.dir/startup_stm32f407xx.s.obj
                0x0800ab50                Reset_Handler
 .text.Default_Handler
                0x0800aba0        0x2 CMakeFiles/motor_cmake_f407vet6_v0.dir/startup_stm32f407xx.s.obj
                0x0800aba0                RTC_Alarm_IRQHandler
                0x0800aba0                HASH_RNG_IRQHandler
                0x0800aba0                EXTI2_IRQHandler
                0x0800aba0                DMA2_Stream5_IRQHandler
                0x0800aba0                DMA1_Stream5_IRQHandler
                0x0800aba0                PVD_IRQHandler
                0x0800aba0                SDIO_IRQHandler
                0x0800aba0                TAMP_STAMP_IRQHandler
                0x0800aba0                CAN2_RX1_IRQHandler
                0x0800aba0                EXTI3_IRQHandler
                0x0800aba0                I2C3_ER_IRQHandler
                0x0800aba0                EXTI0_IRQHandler
                0x0800aba0                I2C2_EV_IRQHandler
                0x0800aba0                DMA1_Stream2_IRQHandler
                0x0800aba0                CAN1_RX0_IRQHandler
                0x0800aba0                FPU_IRQHandler
                0x0800aba0                OTG_HS_WKUP_IRQHandler
                0x0800aba0                CAN2_SCE_IRQHandler
                0x0800aba0                DMA2_Stream2_IRQHandler
                0x0800aba0                SPI1_IRQHandler
                0x0800aba0                TIM6_DAC_IRQHandler
                0x0800aba0                TIM1_BRK_TIM9_IRQHandler
                0x0800aba0                DCMI_IRQHandler
                0x0800aba0                CAN2_RX0_IRQHandler
                0x0800aba0                DMA2_Stream3_IRQHandler
                0x0800aba0                USART6_IRQHandler
                0x0800aba0                USART3_IRQHandler
                0x0800aba0                CAN1_RX1_IRQHandler
                0x0800aba0                UART5_IRQHandler
                0x0800aba0                DMA2_Stream0_IRQHandler
                0x0800aba0                I2C1_EV_IRQHandler
                0x0800aba0                DMA1_Stream6_IRQHandler
                0x0800aba0                DMA1_Stream1_IRQHandler
                0x0800aba0                UART4_IRQHandler
                0x0800aba0                RCC_IRQHandler
                0x0800aba0                Default_Handler
                0x0800aba0                EXTI15_10_IRQHandler
                0x0800aba0                ADC_IRQHandler
                0x0800aba0                DMA1_Stream7_IRQHandler
                0x0800aba0                TIM7_IRQHandler
                0x0800aba0                CAN2_TX_IRQHandler
                0x0800aba0                TIM5_IRQHandler
                0x0800aba0                DMA2_Stream7_IRQHandler
                0x0800aba0                I2C3_EV_IRQHandler
                0x0800aba0                EXTI9_5_IRQHandler
                0x0800aba0                RTC_WKUP_IRQHandler
                0x0800aba0                ETH_WKUP_IRQHandler
                0x0800aba0                SPI2_IRQHandler
                0x0800aba0                OTG_HS_EP1_IN_IRQHandler
                0x0800aba0                DMA1_Stream0_IRQHandler
                0x0800aba0                CAN1_TX_IRQHandler
                0x0800aba0                EXTI4_IRQHandler
                0x0800aba0                FSMC_IRQHandler
                0x0800aba0                ETH_IRQHandler
                0x0800aba0                OTG_HS_EP1_OUT_IRQHandler
                0x0800aba0                WWDG_IRQHandler
                0x0800aba0                TIM2_IRQHandler
                0x0800aba0                OTG_FS_WKUP_IRQHandler
                0x0800aba0                TIM1_TRG_COM_TIM11_IRQHandler
                0x0800aba0                OTG_HS_IRQHandler
                0x0800aba0                EXTI1_IRQHandler
                0x0800aba0                USART2_IRQHandler
                0x0800aba0                I2C2_ER_IRQHandler
                0x0800aba0                DMA2_Stream1_IRQHandler
                0x0800aba0                CAN1_SCE_IRQHandler
                0x0800aba0                FLASH_IRQHandler
                0x0800aba0                DMA2_Stream4_IRQHandler
                0x0800aba0                OTG_FS_IRQHandler
                0x0800aba0                SPI3_IRQHandler
                0x0800aba0                DMA1_Stream4_IRQHandler
                0x0800aba0                I2C1_ER_IRQHandler
                0x0800aba0                DMA2_Stream6_IRQHandler
                0x0800aba0                DMA1_Stream3_IRQHandler
 *fill*         0x0800aba2        0x2 
 .text.mymain   0x0800aba4       0x20 CMakeFiles/motor_cmake_f407vet6_v0.dir/BSP/mymain.c.obj
                0x0800aba4                mymain
 .text.MG513_Init
                0x0800abc4       0xae CMakeFiles/motor_cmake_f407vet6_v0.dir/BSP/pwm/pid_init.c.obj
                0x0800abc4                MG513_Init
 .text.encoder_overflow_cnt_fun
                0x0800ac72       0x3c CMakeFiles/motor_cmake_f407vet6_v0.dir/BSP/pwm/pid_init.c.obj
                0x0800ac72                encoder_overflow_cnt_fun
 .text.read_motor_pulses
                0x0800acae       0x9a CMakeFiles/motor_cmake_f407vet6_v0.dir/BSP/pwm/pid_init.c.obj
                0x0800acae                read_motor_pulses
 .text.read_motor_position
                0x0800ad48       0x1c CMakeFiles/motor_cmake_f407vet6_v0.dir/BSP/pwm/pid_init.c.obj
                0x0800ad48                read_motor_position
 .text.PID_Update
                0x0800ad64      0x168 CMakeFiles/motor_cmake_f407vet6_v0.dir/BSP/pwm/pid_init.c.obj
                0x0800ad64                PID_Update
 .text.positional_pid_position_loop
                0x0800aecc       0x7e CMakeFiles/motor_cmake_f407vet6_v0.dir/BSP/pwm/pid_init.c.obj
                0x0800aecc                positional_pid_position_loop
 *fill*         0x0800af4a        0x6 
 .text.timer_control_position_qam_sequence_without_offset
                0x0800af50      0x138 CMakeFiles/motor_cmake_f407vet6_v0.dir/BSP/pwm/pid_init.c.obj
                0x0800af50                timer_control_position_qam_sequence_without_offset
 .text.tim_control_position
                0x0800b088       0x48 CMakeFiles/motor_cmake_f407vet6_v0.dir/BSP/pwm/pid_init.c.obj
                0x0800b088                tim_control_position
 .text.tb6612_setDirection
                0x0800b0d0       0x1a CMakeFiles/motor_cmake_f407vet6_v0.dir/BSP/pwm/pid_init.c.obj
                0x0800b0d0                tb6612_setDirection
 .text.tb6612_direction
                0x0800b0ea       0xb2 CMakeFiles/motor_cmake_f407vet6_v0.dir/BSP/pwm/pid_init.c.obj
                0x0800b0ea                tb6612_direction
 .text.tb6612_setPWM
                0x0800b19c       0xc6 CMakeFiles/motor_cmake_f407vet6_v0.dir/BSP/pwm/pid_init.c.obj
                0x0800b19c                tb6612_setPWM
 *fill*         0x0800b262        0x2 
 .text.HAL_TIM_PeriodElapsedCallback
                0x0800b264       0x74 CMakeFiles/motor_cmake_f407vet6_v0.dir/BSP/timer/timer_it.c.obj
                0x0800b264                HAL_TIM_PeriodElapsedCallback
 .text.__io_putchar
                0x0800b2d8       0x24 CMakeFiles/motor_cmake_f407vet6_v0.dir/BSP/usart/usart_mx.c.obj
                0x0800b2d8                __io_putchar
 .text.get_pid_value_from_uart
                0x0800b2fc       0xbc CMakeFiles/motor_cmake_f407vet6_v0.dir/BSP/usart/uart_it.c.obj
                0x0800b2fc                get_pid_value_from_uart
 .text.HAL_UART_RxCpltCallback
                0x0800b3b8       0xc4 CMakeFiles/motor_cmake_f407vet6_v0.dir/BSP/usart/uart_it.c.obj
                0x0800b3b8                HAL_UART_RxCpltCallback
 .text.qam_modulate
                0x0800b47c       0x18 CMakeFiles/motor_cmake_f407vet6_v0.dir/BSP/pwm/motor.c.obj
                0x0800b47c                qam_modulate
 .text.pid      0x0800b494       0x2c CMakeFiles/motor_cmake_f407vet6_v0.dir/BSP/pwm/motor.c.obj
                0x0800b494                pid
 .text.motor_main
                0x0800b4c0       0x30 CMakeFiles/motor_cmake_f407vet6_v0.dir/BSP/pwm/motor.c.obj
                0x0800b4c0                motor_main
 *(.glue_7)
 .glue_7        0x0800b4f0        0x0 linker stubs
 *(.glue_7t)
 .glue_7t       0x0800b4f0        0x0 linker stubs
 *(.eh_frame)
 .eh_frame      0x0800b4f0        0x0 /usr/lib/gcc/arm-none-eabi/13.2.1/thumb/v7e-m+fp/hard/crtbegin.o
 *(.init)
 .init          0x0800b4f0        0x4 /usr/lib/gcc/arm-none-eabi/13.2.1/thumb/v7e-m+fp/hard/crti.o
                0x0800b4f0                _init
 .init          0x0800b4f4        0x8 /usr/lib/gcc/arm-none-eabi/13.2.1/thumb/v7e-m+fp/hard/crtn.o
 *(.fini)
 .fini          0x0800b4fc        0x4 /usr/lib/gcc/arm-none-eabi/13.2.1/thumb/v7e-m+fp/hard/crti.o
                0x0800b4fc                _fini
 .fini          0x0800b500        0x8 /usr/lib/gcc/arm-none-eabi/13.2.1/thumb/v7e-m+fp/hard/crtn.o
                0x0800b508                        . = ALIGN (0x4)
                0x0800b508                        _etext = .

.vfp11_veneer   0x0800b508        0x0
 .vfp11_veneer  0x0800b508        0x0 linker stubs

.v4_bx          0x0800b508        0x0
 .v4_bx         0x0800b508        0x0 linker stubs

.iplt           0x0800b508        0x0
 .iplt          0x0800b508        0x0 /usr/lib/gcc/arm-none-eabi/13.2.1/thumb/v7e-m+fp/hard/crtbegin.o

.rodata         0x0800b508      0x7fc
                0x0800b508                        . = ALIGN (0x4)
 *(.rodata)
 .rodata        0x0800b508      0x128 /usr/lib/gcc/arm-none-eabi/13.2.1/../../../arm-none-eabi/lib/thumb/v7e-m+fp/hard/libc_nano.a(libc_a-mprec.o)
                0x0800b518                __mprec_tens
                0x0800b5e0                __mprec_tinytens
                0x0800b608                __mprec_bigtens
 .rodata        0x0800b630      0x101 /usr/lib/gcc/arm-none-eabi/13.2.1/../../../arm-none-eabi/lib/thumb/v7e-m+fp/hard/libc_nano.a(libc_a-ctype_.o)
                0x0800b630                _ctype_
 *fill*         0x0800b731        0x3 
 .rodata        0x0800b734      0x129 CMakeFiles/motor_cmake_f407vet6_v0.dir/BSP/pwm/pid_init.c.obj
 *fill*         0x0800b85d        0x3 
 .rodata        0x0800b860       0x7e CMakeFiles/motor_cmake_f407vet6_v0.dir/BSP/usart/uart_it.c.obj
 *fill*         0x0800b8de        0x2 
 .rodata        0x0800b8e0      0x13a CMakeFiles/motor_cmake_f407vet6_v0.dir/BSP/pwm/motor.c.obj
 *fill*         0x0800ba1a        0x6 
 .rodata        0x0800ba20       0x50 /usr/lib/gcc/arm-none-eabi/13.2.1/../../../arm-none-eabi/lib/thumb/v7e-m+fp/hard/libg_nano.a(libc_a-strtod.o)
 .rodata        0x0800ba70      0x100 /usr/lib/gcc/arm-none-eabi/13.2.1/../../../arm-none-eabi/lib/thumb/v7e-m+fp/hard/libg_nano.a(libc_a-gdtoa-gethex.o)
                0x0800ba70                __hexdig
 *(.rodata*)
 .rodata.str1.4
                0x0800bb70      0x17c /usr/lib/gcc/arm-none-eabi/13.2.1/../../../arm-none-eabi/lib/thumb/v7e-m+fp/hard/libc_nano.a(libc_a-nano-vfprintf_float.o)
                                 0x12 (size before relaxing)
 .rodata.str1.4
                0x0800bcec       0x69 /usr/lib/gcc/arm-none-eabi/13.2.1/../../../arm-none-eabi/lib/thumb/v7e-m+fp/hard/libc_nano.a(libc_a-dtoa.o)
 .rodata.str1.4
                0x0800bcec       0x25 /usr/lib/gcc/arm-none-eabi/13.2.1/../../../arm-none-eabi/lib/thumb/v7e-m+fp/hard/libc_nano.a(libc_a-nano-vfprintf_i.o)
 .rodata.str1.4
                0x0800bcec       0x43 /usr/lib/gcc/arm-none-eabi/13.2.1/../../../arm-none-eabi/lib/thumb/v7e-m+fp/hard/libc_nano.a(libc_a-assert.o)
 .rodata.str1.4
                0x0800bcec       0x59 /usr/lib/gcc/arm-none-eabi/13.2.1/../../../arm-none-eabi/lib/thumb/v7e-m+fp/hard/libc_nano.a(libc_a-mprec.o)
 .rodata.str1.4
                0x0800bcec       0x12 /usr/lib/gcc/arm-none-eabi/13.2.1/../../../arm-none-eabi/lib/thumb/v7e-m+fp/hard/libc_nano.a(libc_a-locale.o)
 .rodata.str1.4
                0x0800bcec       0x13 /usr/lib/gcc/arm-none-eabi/13.2.1/../../../arm-none-eabi/lib/thumb/v7e-m+fp/hard/libc_nano.a(libc_a-nano-vfprintf.o)
 .rodata.AHBPrescTable
                0x0800bcec       0x10 cmake/stm32cubemx/CMakeFiles/STM32_Drivers.dir/__/__/Core/Src/system_stm32f4xx.c.obj
                0x0800bcec                AHBPrescTable
 .rodata.APBPrescTable
                0x0800bcfc        0x8 cmake/stm32cubemx/CMakeFiles/STM32_Drivers.dir/__/__/Core/Src/system_stm32f4xx.c.obj
                0x0800bcfc                APBPrescTable
 .rodata.str1.4
                0x0800bd04       0x15 /usr/lib/gcc/arm-none-eabi/13.2.1/../../../arm-none-eabi/lib/thumb/v7e-m+fp/hard/libg_nano.a(libc_a-strtod.o)
 .rodata.str1.4
                0x0800bd04       0x4c /usr/lib/gcc/arm-none-eabi/13.2.1/../../../arm-none-eabi/lib/thumb/v7e-m+fp/hard/libg_nano.a(libc_a-gdtoa-gethex.o)
                0x0800bd58                        . = ALIGN (0x4)

.ARM.extab      0x0800bd04        0x0
                0x0800bd04                        . = ALIGN (0x4)
 *(.ARM.extab* .gnu.linkonce.armextab.*)
                0x0800bd04                        . = ALIGN (0x4)

.ARM            0x0800bd04        0x8
                0x0800bd04                        . = ALIGN (0x4)
                0x0800bd04                        __exidx_start = .
 *(.ARM.exidx*)
 .ARM.exidx     0x0800bd04        0x8 /usr/lib/gcc/arm-none-eabi/13.2.1/../../../arm-none-eabi/lib/thumb/v7e-m+fp/hard/libc_nano.a(libc_a-memcpy.o)
 .ARM.exidx     0x0800bd0c        0x0 /usr/lib/gcc/arm-none-eabi/13.2.1/../../../arm-none-eabi/lib/thumb/v7e-m+fp/hard/libc_nano.a(libc_a-strlen.o)
                                  0x8 (size before relaxing)
 .ARM.exidx     0x0800bd0c        0x0 /usr/lib/gcc/arm-none-eabi/13.2.1/../../../arm-none-eabi/lib/thumb/v7e-m+fp/hard/libc_nano.a(libc_a-memchr.o)
                                  0x8 (size before relaxing)
 .ARM.exidx     0x0800bd0c        0x0 /usr/lib/gcc/arm-none-eabi/13.2.1/thumb/v7e-m+fp/hard/libgcc.a(_udivmoddi4.o)
                                  0x8 (size before relaxing)
                0x0800bd0c                        __exidx_end = .
                0x0800bd0c                        . = ALIGN (0x4)

.preinit_array  0x0800bd0c        0x0
                0x0800bd0c                        . = ALIGN (0x4)
                0x0800bd0c                        PROVIDE (__preinit_array_start = .)
 *(.preinit_array*)
                0x0800bd0c                        PROVIDE (__preinit_array_end = .)
                0x0800bd0c                        . = ALIGN (0x4)

.init_array     0x0800bd0c        0x4
                0x0800bd0c                        . = ALIGN (0x4)
                0x0800bd0c                        PROVIDE (__init_array_start = .)
 *(SORT_BY_NAME(.init_array.*))
 *(.init_array*)
 .init_array    0x0800bd0c        0x4 /usr/lib/gcc/arm-none-eabi/13.2.1/thumb/v7e-m+fp/hard/crtbegin.o
                0x0800bd10                        PROVIDE (__init_array_end = .)
                0x0800bd10                        . = ALIGN (0x4)

.fini_array     0x0800bd10        0x4
                0x0800bd10                        . = ALIGN (0x4)
                0x0800bd10                        PROVIDE (__fini_array_start = .)
 *(SORT_BY_NAME(.fini_array.*))
 *(.fini_array*)
 .fini_array    0x0800bd10        0x4 /usr/lib/gcc/arm-none-eabi/13.2.1/thumb/v7e-m+fp/hard/crtbegin.o
                0x0800bd14                        PROVIDE (__fini_array_end = .)
                0x0800bd14                        . = ALIGN (0x4)
                0x0800bd14                        _sidata = LOADADDR (.data)

.rel.dyn        0x0800bd14        0x0
 .rel.iplt      0x0800bd14        0x0 /usr/lib/gcc/arm-none-eabi/13.2.1/thumb/v7e-m+fp/hard/crtbegin.o

.data           0x20000000      0x34c load address 0x0800bd14
                0x20000000                        . = ALIGN (0x4)
                0x20000000                        _sdata = .
 *(.data)
 .data          0x20000000       0x50 /usr/lib/gcc/arm-none-eabi/13.2.1/../../../arm-none-eabi/lib/thumb/v7e-m+fp/hard/libc_nano.a(libc_a-impure.o)
                0x20000000                _impure_ptr
                0x20000004                _impure_data
 .data          0x20000050        0xc /usr/lib/gcc/arm-none-eabi/13.2.1/../../../arm-none-eabi/lib/thumb/v7e-m+fp/hard/libc_nano.a(libc_a-findfp.o)
                0x20000050                __sglue
 .data          0x2000005c      0x16c /usr/lib/gcc/arm-none-eabi/13.2.1/../../../arm-none-eabi/lib/thumb/v7e-m+fp/hard/libc_nano.a(libc_a-locale.o)
                0x2000005c                __global_locale
 *(.data*)
 .data.SystemCoreClock
                0x200001c8        0x4 cmake/stm32cubemx/CMakeFiles/STM32_Drivers.dir/__/__/Core/Src/system_stm32f4xx.c.obj
                0x200001c8                SystemCoreClock
 .data.uwTickPrio
                0x200001cc        0x4 cmake/stm32cubemx/CMakeFiles/STM32_Drivers.dir/__/__/Drivers/STM32F4xx_HAL_Driver/Src/stm32f4xx_hal.c.obj
                0x200001cc                uwTickPrio
 .data.uwTickFreq
                0x200001d0        0x1 cmake/stm32cubemx/CMakeFiles/STM32_Drivers.dir/__/__/Drivers/STM32F4xx_HAL_Driver/Src/stm32f4xx_hal.c.obj
                0x200001d0                uwTickFreq
 *fill*         0x200001d1        0x3 
 .data.g_target_position
                0x200001d4        0x4 CMakeFiles/motor_cmake_f407vet6_v0.dir/BSP/pwm/pid_init.c.obj
                0x200001d4                g_target_position
 .data.bit.25   0x200001d8       0x10 CMakeFiles/motor_cmake_f407vet6_v0.dir/BSP/pwm/pid_init.c.obj
 .data.g_tim_flag
                0x200001e8        0x4 CMakeFiles/motor_cmake_f407vet6_v0.dir/BSP/timer/timer_it.c.obj
                0x200001e8                g_tim_flag
 .data.pid_pos_init
                0x200001ec       0x3c CMakeFiles/motor_cmake_f407vet6_v0.dir/BSP/pwm/motor.c.obj
                0x200001ec                pid_pos_init
 .data.pid_vel_init
                0x20000228       0x3c CMakeFiles/motor_cmake_f407vet6_v0.dir/BSP/pwm/motor.c.obj
                0x20000228                pid_vel_init
 .data.inc_pid_pos_init
                0x20000264       0x3c CMakeFiles/motor_cmake_f407vet6_v0.dir/BSP/pwm/motor.c.obj
                0x20000264                inc_pid_pos_init
 .data.inc_pid_vel_init
                0x200002a0       0x3c CMakeFiles/motor_cmake_f407vet6_v0.dir/BSP/pwm/motor.c.obj
                0x200002a0                inc_pid_vel_init
 .data.motor1   0x200002dc       0x38 CMakeFiles/motor_cmake_f407vet6_v0.dir/BSP/pwm/motor.c.obj
                0x200002dc                motor1
 .data.motor2   0x20000314       0x38 CMakeFiles/motor_cmake_f407vet6_v0.dir/BSP/pwm/motor.c.obj
                0x20000314                motor2
 *(.RamFunc)
 *(.RamFunc*)
                0x2000034c                        . = ALIGN (0x4)
                0x2000034c                        _edata = .
                0x0800c060                        _siccmram = LOADADDR (.ccmram)

.tm_clone_table
                0x2000034c        0x0 load address 0x0800c060
 .tm_clone_table
                0x2000034c        0x0 /usr/lib/gcc/arm-none-eabi/13.2.1/thumb/v7e-m+fp/hard/crtbegin.o
 .tm_clone_table
                0x2000034c        0x0 /usr/lib/gcc/arm-none-eabi/13.2.1/thumb/v7e-m+fp/hard/crtend.o

.igot.plt       0x2000034c        0x0 load address 0x0800c060
 .igot.plt      0x2000034c        0x0 /usr/lib/gcc/arm-none-eabi/13.2.1/thumb/v7e-m+fp/hard/crtbegin.o

.ccmram         0x10000000        0x0 load address 0x0800c060
                0x10000000                        . = ALIGN (0x4)
                0x10000000                        _sccmram = .
 *(.ccmram)
 *(.ccmram*)
                0x10000000                        . = ALIGN (0x4)
                0x10000000                        _eccmram = .
                0x10000000                        . = ALIGN (0x4)

.bss            0x2000034c      0x300
                0x2000034c                        _sbss = .
                0x2000034c                        __bss_start__ = _sbss
 *(.bss)
 .bss           0x2000034c       0x1c /usr/lib/gcc/arm-none-eabi/13.2.1/thumb/v7e-m+fp/hard/crtbegin.o
 .bss           0x20000368      0x13c /usr/lib/gcc/arm-none-eabi/13.2.1/../../../arm-none-eabi/lib/thumb/v7e-m+fp/hard/libc_nano.a(libc_a-findfp.o)
                0x20000368                __sf
                0x200004a0                __stdio_exit_handler
 .bss           0x200004a4        0x8 /usr/lib/gcc/arm-none-eabi/13.2.1/../../../arm-none-eabi/lib/thumb/v7e-m+fp/hard/libc_nano.a(libc_a-mallocr.o)
                0x200004a4                __malloc_sbrk_start
                0x200004a8                __malloc_free_list
 .bss           0x200004ac        0x4 /usr/lib/gcc/arm-none-eabi/13.2.1/../../../arm-none-eabi/lib/thumb/v7e-m+fp/hard/libc_nano.a(libc_a-reent.o)
                0x200004ac                errno
 *(.bss*)
 .bss.uwTick    0x200004b0        0x4 cmake/stm32cubemx/CMakeFiles/STM32_Drivers.dir/__/__/Drivers/STM32F4xx_HAL_Driver/Src/stm32f4xx_hal.c.obj
                0x200004b0                uwTick
 .bss.htim1     0x200004b4       0x48 CMakeFiles/motor_cmake_f407vet6_v0.dir/Core/Src/tim.c.obj
                0x200004b4                htim1
 .bss.htim3     0x200004fc       0x48 CMakeFiles/motor_cmake_f407vet6_v0.dir/Core/Src/tim.c.obj
                0x200004fc                htim3
 .bss.htim4     0x20000544       0x48 CMakeFiles/motor_cmake_f407vet6_v0.dir/Core/Src/tim.c.obj
                0x20000544                htim4
 .bss.htim8     0x2000058c       0x48 CMakeFiles/motor_cmake_f407vet6_v0.dir/Core/Src/tim.c.obj
                0x2000058c                htim8
 .bss.huart1    0x200005d4       0x48 CMakeFiles/motor_cmake_f407vet6_v0.dir/Core/Src/usart.c.obj
                0x200005d4                huart1
 .bss.__sbrk_heap_end
                0x2000061c        0x4 CMakeFiles/motor_cmake_f407vet6_v0.dir/Core/Src/sysmem.c.obj
 .bss.rxBuffer  0x20000620        0x1 CMakeFiles/motor_cmake_f407vet6_v0.dir/BSP/mymain.c.obj
                0x20000620                rxBuffer
 *fill*         0x20000621        0x3 
 .bss.time_count.45
                0x20000624        0x4 CMakeFiles/motor_cmake_f407vet6_v0.dir/BSP/pwm/pid_init.c.obj
 .bss.tim_count.27
                0x20000628        0x4 CMakeFiles/motor_cmake_f407vet6_v0.dir/BSP/pwm/pid_init.c.obj
 .bss.bit_count.26
                0x2000062c        0x4 CMakeFiles/motor_cmake_f407vet6_v0.dir/BSP/pwm/pid_init.c.obj
 .bss.bias_count.24
                0x20000630        0x4 CMakeFiles/motor_cmake_f407vet6_v0.dir/BSP/pwm/pid_init.c.obj
 .bss.tim_count.10
                0x20000634        0x4 CMakeFiles/motor_cmake_f407vet6_v0.dir/BSP/pwm/pid_init.c.obj
 .bss.str       0x20000638        0xa CMakeFiles/motor_cmake_f407vet6_v0.dir/BSP/usart/uart_it.c.obj
                0x20000638                str
 *fill*         0x20000642        0x2 
 .bss.i.0       0x20000644        0x4 CMakeFiles/motor_cmake_f407vet6_v0.dir/BSP/usart/uart_it.c.obj
 .bss.gTime     0x20000648        0x4 CMakeFiles/motor_cmake_f407vet6_v0.dir/BSP/pwm/motor.c.obj
                0x20000648                gTime
 *(COMMON)
                0x2000064c                        . = ALIGN (0x4)
                0x2000064c                        _ebss = .
                0x2000064c                        __bss_end__ = _ebss

._user_heap_stack
                0x2000064c      0x604
                0x20000650                        . = ALIGN (0x8)
 *fill*         0x2000064c        0x4 
                [!provide]                        PROVIDE (end = .)
                0x20000650                        PROVIDE (_end = .)
                0x20000850                        . = (. + _Min_Heap_Size)
 *fill*         0x20000650      0x200 
                0x20000c50                        . = (. + _Min_Stack_Size)
 *fill*         0x20000850      0x400 
                0x20000c50                        . = ALIGN (0x8)

/DISCARD/
 libc.a(*)
 libm.a(*)
 libgcc.a(*)
OUTPUT(motor_cmake_f407vet6_v0.elf elf32-littlearm)
LOAD linker stubs
LOAD /usr/lib/gcc/arm-none-eabi/13.2.1/../../../arm-none-eabi/lib/thumb/v7e-m+fp/hard/libc.a
LOAD /usr/lib/gcc/arm-none-eabi/13.2.1/../../../arm-none-eabi/lib/thumb/v7e-m+fp/hard/libm.a
LOAD /usr/lib/gcc/arm-none-eabi/13.2.1/thumb/v7e-m+fp/hard/libgcc.a

.ARM.attributes
                0x00000000       0x30
 .ARM.attributes
                0x00000000       0x22 /usr/lib/gcc/arm-none-eabi/13.2.1/thumb/v7e-m+fp/hard/crti.o
 .ARM.attributes
                0x00000022       0x34 /usr/lib/gcc/arm-none-eabi/13.2.1/thumb/v7e-m+fp/hard/crtbegin.o
 .ARM.attributes
                0x00000056       0x34 /usr/lib/gcc/arm-none-eabi/13.2.1/../../../arm-none-eabi/lib/thumb/v7e-m+fp/hard/libc_nano.a(libc_a-init.o)
 .ARM.attributes
                0x0000008a       0x34 /usr/lib/gcc/arm-none-eabi/13.2.1/../../../arm-none-eabi/lib/thumb/v7e-m+fp/hard/libc_nano.a(libc_a-memset.o)
 .ARM.attributes
                0x000000be       0x34 /usr/lib/gcc/arm-none-eabi/13.2.1/../../../arm-none-eabi/lib/thumb/v7e-m+fp/hard/libc_nano.a(libc_a-nano-vfprintf_float.o)
 .ARM.attributes
                0x000000f2       0x34 /usr/lib/gcc/arm-none-eabi/13.2.1/../../../arm-none-eabi/lib/thumb/v7e-m+fp/hard/libc_nano.a(libc_a-dtoa.o)
 .ARM.attributes
                0x00000126       0x20 /usr/lib/gcc/arm-none-eabi/13.2.1/../../../arm-none-eabi/lib/thumb/v7e-m+fp/hard/libc_nano.a(libc_a-memcpy.o)
 .ARM.attributes
                0x00000146       0x34 /usr/lib/gcc/arm-none-eabi/13.2.1/../../../arm-none-eabi/lib/thumb/v7e-m+fp/hard/libc_nano.a(libc_a-malloc.o)
 .ARM.attributes
                0x0000017a       0x34 /usr/lib/gcc/arm-none-eabi/13.2.1/../../../arm-none-eabi/lib/thumb/v7e-m+fp/hard/libc_nano.a(libc_a-nano-vfprintf_i.o)
 .ARM.attributes
                0x000001ae       0x34 /usr/lib/gcc/arm-none-eabi/13.2.1/../../../arm-none-eabi/lib/thumb/v7e-m+fp/hard/libc_nano.a(libc_a-assert.o)
 .ARM.attributes
                0x000001e2       0x34 /usr/lib/gcc/arm-none-eabi/13.2.1/../../../arm-none-eabi/lib/thumb/v7e-m+fp/hard/libc_nano.a(libc_a-mprec.o)
 .ARM.attributes
                0x00000216       0x34 /usr/lib/gcc/arm-none-eabi/13.2.1/../../../arm-none-eabi/lib/thumb/v7e-m+fp/hard/libc_nano.a(libc_a-impure.o)
 .ARM.attributes
                0x0000024a       0x34 /usr/lib/gcc/arm-none-eabi/13.2.1/../../../arm-none-eabi/lib/thumb/v7e-m+fp/hard/libc_nano.a(libc_a-localeconv.o)
 .ARM.attributes
                0x0000027e       0x34 /usr/lib/gcc/arm-none-eabi/13.2.1/../../../arm-none-eabi/lib/thumb/v7e-m+fp/hard/libc_nano.a(libc_a-findfp.o)
 .ARM.attributes
                0x000002b2       0x34 /usr/lib/gcc/arm-none-eabi/13.2.1/../../../arm-none-eabi/lib/thumb/v7e-m+fp/hard/libc_nano.a(libc_a-abort.o)
 .ARM.attributes
                0x000002e6       0x1c /usr/lib/gcc/arm-none-eabi/13.2.1/../../../arm-none-eabi/lib/thumb/v7e-m+fp/hard/libc_nano.a(libc_a-strlen.o)
 .ARM.attributes
                0x00000302       0x34 /usr/lib/gcc/arm-none-eabi/13.2.1/../../../arm-none-eabi/lib/thumb/v7e-m+fp/hard/libc_nano.a(libc_a-fflush.o)
 .ARM.attributes
                0x00000336       0x34 /usr/lib/gcc/arm-none-eabi/13.2.1/../../../arm-none-eabi/lib/thumb/v7e-m+fp/hard/libc_nano.a(libc_a-callocr.o)
 .ARM.attributes
                0x0000036a       0x34 /usr/lib/gcc/arm-none-eabi/13.2.1/../../../arm-none-eabi/lib/thumb/v7e-m+fp/hard/libc_nano.a(libc_a-locale.o)
 .ARM.attributes
                0x0000039e       0x34 /usr/lib/gcc/arm-none-eabi/13.2.1/../../../arm-none-eabi/lib/thumb/v7e-m+fp/hard/libc_nano.a(libc_a-mallocr.o)
 .ARM.attributes
                0x000003d2       0x34 /usr/lib/gcc/arm-none-eabi/13.2.1/../../../arm-none-eabi/lib/thumb/v7e-m+fp/hard/libc_nano.a(libc_a-freer.o)
 .ARM.attributes
                0x00000406       0x34 /usr/lib/gcc/arm-none-eabi/13.2.1/../../../arm-none-eabi/lib/thumb/v7e-m+fp/hard/libc_nano.a(libc_a-fwalk.o)
 .ARM.attributes
                0x0000043a       0x34 /usr/lib/gcc/arm-none-eabi/13.2.1/../../../arm-none-eabi/lib/thumb/v7e-m+fp/hard/libc_nano.a(libc_a-wctomb_r.o)
 .ARM.attributes
                0x0000046e       0x1c /usr/lib/gcc/arm-none-eabi/13.2.1/../../../arm-none-eabi/lib/thumb/v7e-m+fp/hard/libc_nano.a(libc_a-memchr.o)
 .ARM.attributes
                0x0000048a       0x34 /usr/lib/gcc/arm-none-eabi/13.2.1/../../../arm-none-eabi/lib/thumb/v7e-m+fp/hard/libc_nano.a(libc_a-fprintf.o)
 .ARM.attributes
                0x000004be       0x34 /usr/lib/gcc/arm-none-eabi/13.2.1/../../../arm-none-eabi/lib/thumb/v7e-m+fp/hard/libc_nano.a(libc_a-mlock.o)
 .ARM.attributes
                0x000004f2       0x34 /usr/lib/gcc/arm-none-eabi/13.2.1/../../../arm-none-eabi/lib/thumb/v7e-m+fp/hard/libc_nano.a(libc_a-ctype_.o)
 .ARM.attributes
                0x00000526       0x34 /usr/lib/gcc/arm-none-eabi/13.2.1/../../../arm-none-eabi/lib/thumb/v7e-m+fp/hard/libc_nano.a(libc_a-nano-vfprintf.o)
 .ARM.attributes
                0x0000055a       0x34 /usr/lib/gcc/arm-none-eabi/13.2.1/../../../arm-none-eabi/lib/thumb/v7e-m+fp/hard/libc_nano.a(libc_a-wbuf.o)
 .ARM.attributes
                0x0000058e       0x34 /usr/lib/gcc/arm-none-eabi/13.2.1/../../../arm-none-eabi/lib/thumb/v7e-m+fp/hard/libc_nano.a(libc_a-sbrkr.o)
 .ARM.attributes
                0x000005c2       0x34 /usr/lib/gcc/arm-none-eabi/13.2.1/../../../arm-none-eabi/lib/thumb/v7e-m+fp/hard/libc_nano.a(libc_a-stdio.o)
 .ARM.attributes
                0x000005f6       0x34 /usr/lib/gcc/arm-none-eabi/13.2.1/../../../arm-none-eabi/lib/thumb/v7e-m+fp/hard/libc_nano.a(libc_a-fvwrite.o)
 .ARM.attributes
                0x0000062a       0x34 /usr/lib/gcc/arm-none-eabi/13.2.1/../../../arm-none-eabi/lib/thumb/v7e-m+fp/hard/libc_nano.a(libc_a-mbtowc_r.o)
 .ARM.attributes
                0x0000065e       0x34 /usr/lib/gcc/arm-none-eabi/13.2.1/../../../arm-none-eabi/lib/thumb/v7e-m+fp/hard/libc_nano.a(libc_a-signal.o)
 .ARM.attributes
                0x00000692       0x34 /usr/lib/gcc/arm-none-eabi/13.2.1/../../../arm-none-eabi/lib/thumb/v7e-m+fp/hard/libc_nano.a(libc_a-closer.o)
 .ARM.attributes
                0x000006c6       0x34 /usr/lib/gcc/arm-none-eabi/13.2.1/../../../arm-none-eabi/lib/thumb/v7e-m+fp/hard/libc_nano.a(libc_a-memmove.o)
 .ARM.attributes
                0x000006fa       0x34 /usr/lib/gcc/arm-none-eabi/13.2.1/../../../arm-none-eabi/lib/thumb/v7e-m+fp/hard/libc_nano.a(libc_a-wsetup.o)
 .ARM.attributes
                0x0000072e       0x34 /usr/lib/gcc/arm-none-eabi/13.2.1/../../../arm-none-eabi/lib/thumb/v7e-m+fp/hard/libc_nano.a(libc_a-readr.o)
 .ARM.attributes
                0x00000762       0x34 /usr/lib/gcc/arm-none-eabi/13.2.1/../../../arm-none-eabi/lib/thumb/v7e-m+fp/hard/libc_nano.a(libc_a-reent.o)
 .ARM.attributes
                0x00000796       0x34 /usr/lib/gcc/arm-none-eabi/13.2.1/../../../arm-none-eabi/lib/thumb/v7e-m+fp/hard/libc_nano.a(libc_a-reallocr.o)
 .ARM.attributes
                0x000007ca       0x34 /usr/lib/gcc/arm-none-eabi/13.2.1/../../../arm-none-eabi/lib/thumb/v7e-m+fp/hard/libc_nano.a(libc_a-makebuf.o)
 .ARM.attributes
                0x000007fe       0x34 /usr/lib/gcc/arm-none-eabi/13.2.1/../../../arm-none-eabi/lib/thumb/v7e-m+fp/hard/libc_nano.a(libc_a-lseekr.o)
 .ARM.attributes
                0x00000832       0x34 /usr/lib/gcc/arm-none-eabi/13.2.1/../../../arm-none-eabi/lib/thumb/v7e-m+fp/hard/libc_nano.a(libc_a-writer.o)
 .ARM.attributes
                0x00000866       0x34 /usr/lib/gcc/arm-none-eabi/13.2.1/../../../arm-none-eabi/lib/thumb/v7e-m+fp/hard/libc_nano.a(libc_a-isattyr.o)
 .ARM.attributes
                0x0000089a       0x34 /usr/lib/gcc/arm-none-eabi/13.2.1/../../../arm-none-eabi/lib/thumb/v7e-m+fp/hard/libc_nano.a(libc_a-msizer.o)
 .ARM.attributes
                0x000008ce       0x34 /usr/lib/gcc/arm-none-eabi/13.2.1/../../../arm-none-eabi/lib/thumb/v7e-m+fp/hard/libc_nano.a(libc_a-signalr.o)
 .ARM.attributes
                0x00000902       0x34 /usr/lib/gcc/arm-none-eabi/13.2.1/../../../arm-none-eabi/lib/thumb/v7e-m+fp/hard/libc_nano.a(libc_a-fstatr.o)
 .ARM.attributes
                0x00000936       0x34 cmake/stm32cubemx/CMakeFiles/STM32_Drivers.dir/__/__/Core/Src/system_stm32f4xx.c.obj
 .ARM.attributes
                0x0000096a       0x34 cmake/stm32cubemx/CMakeFiles/STM32_Drivers.dir/__/__/Drivers/STM32F4xx_HAL_Driver/Src/stm32f4xx_hal_tim.c.obj
 .ARM.attributes
                0x0000099e       0x34 cmake/stm32cubemx/CMakeFiles/STM32_Drivers.dir/__/__/Drivers/STM32F4xx_HAL_Driver/Src/stm32f4xx_hal_tim_ex.c.obj
 .ARM.attributes
                0x000009d2       0x34 cmake/stm32cubemx/CMakeFiles/STM32_Drivers.dir/__/__/Drivers/STM32F4xx_HAL_Driver/Src/stm32f4xx_hal_rcc.c.obj
 .ARM.attributes
                0x00000a06       0x34 cmake/stm32cubemx/CMakeFiles/STM32_Drivers.dir/__/__/Drivers/STM32F4xx_HAL_Driver/Src/stm32f4xx_hal_gpio.c.obj
 .ARM.attributes
                0x00000a3a       0x34 cmake/stm32cubemx/CMakeFiles/STM32_Drivers.dir/__/__/Drivers/STM32F4xx_HAL_Driver/Src/stm32f4xx_hal_dma.c.obj
 .ARM.attributes
                0x00000a6e       0x34 cmake/stm32cubemx/CMakeFiles/STM32_Drivers.dir/__/__/Drivers/STM32F4xx_HAL_Driver/Src/stm32f4xx_hal_cortex.c.obj
 .ARM.attributes
                0x00000aa2       0x34 cmake/stm32cubemx/CMakeFiles/STM32_Drivers.dir/__/__/Drivers/STM32F4xx_HAL_Driver/Src/stm32f4xx_hal.c.obj
 .ARM.attributes
                0x00000ad6       0x34 cmake/stm32cubemx/CMakeFiles/STM32_Drivers.dir/__/__/Drivers/STM32F4xx_HAL_Driver/Src/stm32f4xx_hal_uart.c.obj
 .ARM.attributes
                0x00000b0a       0x34 CMakeFiles/motor_cmake_f407vet6_v0.dir/Core/Src/main.c.obj
 .ARM.attributes
                0x00000b3e       0x34 CMakeFiles/motor_cmake_f407vet6_v0.dir/Core/Src/gpio.c.obj
 .ARM.attributes
                0x00000b72       0x34 CMakeFiles/motor_cmake_f407vet6_v0.dir/Core/Src/tim.c.obj
 .ARM.attributes
                0x00000ba6       0x34 CMakeFiles/motor_cmake_f407vet6_v0.dir/Core/Src/usart.c.obj
 .ARM.attributes
                0x00000bda       0x34 CMakeFiles/motor_cmake_f407vet6_v0.dir/Core/Src/stm32f4xx_it.c.obj
 .ARM.attributes
                0x00000c0e       0x34 CMakeFiles/motor_cmake_f407vet6_v0.dir/Core/Src/stm32f4xx_hal_msp.c.obj
 .ARM.attributes
                0x00000c42       0x34 CMakeFiles/motor_cmake_f407vet6_v0.dir/Core/Src/sysmem.c.obj
 .ARM.attributes
                0x00000c76       0x34 CMakeFiles/motor_cmake_f407vet6_v0.dir/Core/Src/syscalls.c.obj
 .ARM.attributes
                0x00000caa       0x21 CMakeFiles/motor_cmake_f407vet6_v0.dir/startup_stm32f407xx.s.obj
 .ARM.attributes
                0x00000ccb       0x34 CMakeFiles/motor_cmake_f407vet6_v0.dir/BSP/mymain.c.obj
 .ARM.attributes
                0x00000cff       0x34 CMakeFiles/motor_cmake_f407vet6_v0.dir/BSP/pwm/pid_init.c.obj
 .ARM.attributes
                0x00000d33       0x34 CMakeFiles/motor_cmake_f407vet6_v0.dir/BSP/timer/timer_it.c.obj
 .ARM.attributes
                0x00000d67       0x34 CMakeFiles/motor_cmake_f407vet6_v0.dir/BSP/usart/usart_mx.c.obj
 .ARM.attributes
                0x00000d9b       0x34 CMakeFiles/motor_cmake_f407vet6_v0.dir/BSP/usart/uart_it.c.obj
 .ARM.attributes
                0x00000dcf       0x34 CMakeFiles/motor_cmake_f407vet6_v0.dir/BSP/pwm/motor.c.obj
 .ARM.attributes
                0x00000e03       0x22 /usr/lib/gcc/arm-none-eabi/13.2.1/thumb/v7e-m+fp/hard/libgcc.a(_arm_addsubdf3.o)
 .ARM.attributes
                0x00000e25       0x22 /usr/lib/gcc/arm-none-eabi/13.2.1/thumb/v7e-m+fp/hard/libgcc.a(_arm_muldivdf3.o)
 .ARM.attributes
                0x00000e47       0x22 /usr/lib/gcc/arm-none-eabi/13.2.1/thumb/v7e-m+fp/hard/libgcc.a(_arm_cmpdf2.o)
 .ARM.attributes
                0x00000e69       0x22 /usr/lib/gcc/arm-none-eabi/13.2.1/thumb/v7e-m+fp/hard/libgcc.a(_arm_unorddf2.o)
 .ARM.attributes
                0x00000e8b       0x22 /usr/lib/gcc/arm-none-eabi/13.2.1/thumb/v7e-m+fp/hard/libgcc.a(_arm_fixdfsi.o)
 .ARM.attributes
                0x00000ead       0x22 /usr/lib/gcc/arm-none-eabi/13.2.1/thumb/v7e-m+fp/hard/libgcc.a(_arm_truncdfsf2.o)
 .ARM.attributes
                0x00000ecf       0x22 /usr/lib/gcc/arm-none-eabi/13.2.1/thumb/v7e-m+fp/hard/libgcc.a(_aeabi_uldivmod.o)
 .ARM.attributes
                0x00000ef1       0x34 /usr/lib/gcc/arm-none-eabi/13.2.1/thumb/v7e-m+fp/hard/libgcc.a(_udivmoddi4.o)
 .ARM.attributes
                0x00000f25       0x22 /usr/lib/gcc/arm-none-eabi/13.2.1/thumb/v7e-m+fp/hard/libgcc.a(_dvmd_tls.o)
 .ARM.attributes
                0x00000f47       0x34 /usr/lib/gcc/arm-none-eabi/13.2.1/../../../arm-none-eabi/lib/thumb/v7e-m+fp/hard/libg_nano.a(libc_a-strtod.o)
 .ARM.attributes
                0x00000f7b       0x34 /usr/lib/gcc/arm-none-eabi/13.2.1/../../../arm-none-eabi/lib/thumb/v7e-m+fp/hard/libg_nano.a(libc_a-gdtoa-gethex.o)
 .ARM.attributes
                0x00000faf       0x34 /usr/lib/gcc/arm-none-eabi/13.2.1/../../../arm-none-eabi/lib/thumb/v7e-m+fp/hard/libg_nano.a(libc_a-puts.o)
 .ARM.attributes
                0x00000fe3       0x34 /usr/lib/gcc/arm-none-eabi/13.2.1/../../../arm-none-eabi/lib/thumb/v7e-m+fp/hard/libg_nano.a(libc_a-errno.o)
 .ARM.attributes
                0x00001017       0x34 /usr/lib/gcc/arm-none-eabi/13.2.1/../../../arm-none-eabi/lib/thumb/v7e-m+fp/hard/libg_nano.a(libc_a-strncmp.o)
 .ARM.attributes
                0x0000104b       0x34 /usr/lib/gcc/arm-none-eabi/13.2.1/../../../arm-none-eabi/lib/thumb/v7e-m+fp/hard/libg_nano.a(libc_a-gdtoa-hexnan.o)
 .ARM.attributes
                0x0000107f       0x34 /usr/lib/gcc/arm-none-eabi/13.2.1/../../../arm-none-eabi/lib/thumb/v7e-m+fp/hard/libg_nano.a(libc_a-printf.o)
 .ARM.attributes
                0x000010b3       0x34 /usr/lib/gcc/arm-none-eabi/13.2.1/../../../arm-none-eabi/lib/thumb/v7e-m+fp/hard/libg_nano.a(libm_a-s_nan.o)
 .ARM.attributes
                0x000010e7       0x34 /usr/lib/gcc/arm-none-eabi/13.2.1/../../../arm-none-eabi/lib/thumb/v7e-m+fp/hard/libg_nano.a(libm_a-sf_nan.o)
 .ARM.attributes
                0x0000111b       0x22 /usr/lib/gcc/arm-none-eabi/13.2.1/thumb/v7e-m+fp/hard/libgcc.a(_arm_fixunsdfsi.o)
 .ARM.attributes
                0x0000113d       0x34 /usr/lib/gcc/arm-none-eabi/13.2.1/thumb/v7e-m+fp/hard/libgcc.a(_fixdfdi.o)
 .ARM.attributes
                0x00001171       0x34 /usr/lib/gcc/arm-none-eabi/13.2.1/thumb/v7e-m+fp/hard/libgcc.a(_fixunsdfdi.o)
 .ARM.attributes
                0x000011a5       0x34 /usr/lib/gcc/arm-none-eabi/13.2.1/thumb/v7e-m+fp/hard/crtend.o
 .ARM.attributes
                0x000011d9       0x22 /usr/lib/gcc/arm-none-eabi/13.2.1/thumb/v7e-m+fp/hard/crtn.o

.comment        0x00000000       0x26
 .comment       0x00000000       0x26 /usr/lib/gcc/arm-none-eabi/13.2.1/thumb/v7e-m+fp/hard/crtbegin.o
                                 0x27 (size before relaxing)
 .comment       0x00000026       0x27 /usr/lib/gcc/arm-none-eabi/13.2.1/../../../arm-none-eabi/lib/thumb/v7e-m+fp/hard/libc_nano.a(libc_a-init.o)
 .comment       0x00000026       0x27 /usr/lib/gcc/arm-none-eabi/13.2.1/../../../arm-none-eabi/lib/thumb/v7e-m+fp/hard/libc_nano.a(libc_a-memset.o)
 .comment       0x00000026       0x27 /usr/lib/gcc/arm-none-eabi/13.2.1/../../../arm-none-eabi/lib/thumb/v7e-m+fp/hard/libc_nano.a(libc_a-nano-vfprintf_float.o)
 .comment       0x00000026       0x27 /usr/lib/gcc/arm-none-eabi/13.2.1/../../../arm-none-eabi/lib/thumb/v7e-m+fp/hard/libc_nano.a(libc_a-dtoa.o)
 .comment       0x00000026       0x27 /usr/lib/gcc/arm-none-eabi/13.2.1/../../../arm-none-eabi/lib/thumb/v7e-m+fp/hard/libc_nano.a(libc_a-malloc.o)
 .comment       0x00000026       0x27 /usr/lib/gcc/arm-none-eabi/13.2.1/../../../arm-none-eabi/lib/thumb/v7e-m+fp/hard/libc_nano.a(libc_a-nano-vfprintf_i.o)
 .comment       0x00000026       0x27 /usr/lib/gcc/arm-none-eabi/13.2.1/../../../arm-none-eabi/lib/thumb/v7e-m+fp/hard/libc_nano.a(libc_a-assert.o)
 .comment       0x00000026       0x27 /usr/lib/gcc/arm-none-eabi/13.2.1/../../../arm-none-eabi/lib/thumb/v7e-m+fp/hard/libc_nano.a(libc_a-mprec.o)
 .comment       0x00000026       0x27 /usr/lib/gcc/arm-none-eabi/13.2.1/../../../arm-none-eabi/lib/thumb/v7e-m+fp/hard/libc_nano.a(libc_a-impure.o)
 .comment       0x00000026       0x27 /usr/lib/gcc/arm-none-eabi/13.2.1/../../../arm-none-eabi/lib/thumb/v7e-m+fp/hard/libc_nano.a(libc_a-localeconv.o)
 .comment       0x00000026       0x27 /usr/lib/gcc/arm-none-eabi/13.2.1/../../../arm-none-eabi/lib/thumb/v7e-m+fp/hard/libc_nano.a(libc_a-findfp.o)
 .comment       0x00000026       0x27 /usr/lib/gcc/arm-none-eabi/13.2.1/../../../arm-none-eabi/lib/thumb/v7e-m+fp/hard/libc_nano.a(libc_a-abort.o)
 .comment       0x00000026       0x27 /usr/lib/gcc/arm-none-eabi/13.2.1/../../../arm-none-eabi/lib/thumb/v7e-m+fp/hard/libc_nano.a(libc_a-fflush.o)
 .comment       0x00000026       0x27 /usr/lib/gcc/arm-none-eabi/13.2.1/../../../arm-none-eabi/lib/thumb/v7e-m+fp/hard/libc_nano.a(libc_a-callocr.o)
 .comment       0x00000026       0x27 /usr/lib/gcc/arm-none-eabi/13.2.1/../../../arm-none-eabi/lib/thumb/v7e-m+fp/hard/libc_nano.a(libc_a-locale.o)
 .comment       0x00000026       0x27 /usr/lib/gcc/arm-none-eabi/13.2.1/../../../arm-none-eabi/lib/thumb/v7e-m+fp/hard/libc_nano.a(libc_a-mallocr.o)
 .comment       0x00000026       0x27 /usr/lib/gcc/arm-none-eabi/13.2.1/../../../arm-none-eabi/lib/thumb/v7e-m+fp/hard/libc_nano.a(libc_a-freer.o)
 .comment       0x00000026       0x27 /usr/lib/gcc/arm-none-eabi/13.2.1/../../../arm-none-eabi/lib/thumb/v7e-m+fp/hard/libc_nano.a(libc_a-fwalk.o)
 .comment       0x00000026       0x27 /usr/lib/gcc/arm-none-eabi/13.2.1/../../../arm-none-eabi/lib/thumb/v7e-m+fp/hard/libc_nano.a(libc_a-wctomb_r.o)
 .comment       0x00000026       0x27 /usr/lib/gcc/arm-none-eabi/13.2.1/../../../arm-none-eabi/lib/thumb/v7e-m+fp/hard/libc_nano.a(libc_a-fprintf.o)
 .comment       0x00000026       0x27 /usr/lib/gcc/arm-none-eabi/13.2.1/../../../arm-none-eabi/lib/thumb/v7e-m+fp/hard/libc_nano.a(libc_a-mlock.o)
 .comment       0x00000026       0x27 /usr/lib/gcc/arm-none-eabi/13.2.1/../../../arm-none-eabi/lib/thumb/v7e-m+fp/hard/libc_nano.a(libc_a-ctype_.o)
 .comment       0x00000026       0x27 /usr/lib/gcc/arm-none-eabi/13.2.1/../../../arm-none-eabi/lib/thumb/v7e-m+fp/hard/libc_nano.a(libc_a-nano-vfprintf.o)
 .comment       0x00000026       0x27 /usr/lib/gcc/arm-none-eabi/13.2.1/../../../arm-none-eabi/lib/thumb/v7e-m+fp/hard/libc_nano.a(libc_a-wbuf.o)
 .comment       0x00000026       0x27 /usr/lib/gcc/arm-none-eabi/13.2.1/../../../arm-none-eabi/lib/thumb/v7e-m+fp/hard/libc_nano.a(libc_a-sbrkr.o)
 .comment       0x00000026       0x27 /usr/lib/gcc/arm-none-eabi/13.2.1/../../../arm-none-eabi/lib/thumb/v7e-m+fp/hard/libc_nano.a(libc_a-stdio.o)
 .comment       0x00000026       0x27 /usr/lib/gcc/arm-none-eabi/13.2.1/../../../arm-none-eabi/lib/thumb/v7e-m+fp/hard/libc_nano.a(libc_a-fvwrite.o)
 .comment       0x00000026       0x27 /usr/lib/gcc/arm-none-eabi/13.2.1/../../../arm-none-eabi/lib/thumb/v7e-m+fp/hard/libc_nano.a(libc_a-mbtowc_r.o)
 .comment       0x00000026       0x27 /usr/lib/gcc/arm-none-eabi/13.2.1/../../../arm-none-eabi/lib/thumb/v7e-m+fp/hard/libc_nano.a(libc_a-signal.o)
 .comment       0x00000026       0x27 /usr/lib/gcc/arm-none-eabi/13.2.1/../../../arm-none-eabi/lib/thumb/v7e-m+fp/hard/libc_nano.a(libc_a-closer.o)
 .comment       0x00000026       0x27 /usr/lib/gcc/arm-none-eabi/13.2.1/../../../arm-none-eabi/lib/thumb/v7e-m+fp/hard/libc_nano.a(libc_a-memmove.o)
 .comment       0x00000026       0x27 /usr/lib/gcc/arm-none-eabi/13.2.1/../../../arm-none-eabi/lib/thumb/v7e-m+fp/hard/libc_nano.a(libc_a-wsetup.o)
 .comment       0x00000026       0x27 /usr/lib/gcc/arm-none-eabi/13.2.1/../../../arm-none-eabi/lib/thumb/v7e-m+fp/hard/libc_nano.a(libc_a-readr.o)
 .comment       0x00000026       0x27 /usr/lib/gcc/arm-none-eabi/13.2.1/../../../arm-none-eabi/lib/thumb/v7e-m+fp/hard/libc_nano.a(libc_a-reent.o)
 .comment       0x00000026       0x27 /usr/lib/gcc/arm-none-eabi/13.2.1/../../../arm-none-eabi/lib/thumb/v7e-m+fp/hard/libc_nano.a(libc_a-reallocr.o)
 .comment       0x00000026       0x27 /usr/lib/gcc/arm-none-eabi/13.2.1/../../../arm-none-eabi/lib/thumb/v7e-m+fp/hard/libc_nano.a(libc_a-makebuf.o)
 .comment       0x00000026       0x27 /usr/lib/gcc/arm-none-eabi/13.2.1/../../../arm-none-eabi/lib/thumb/v7e-m+fp/hard/libc_nano.a(libc_a-lseekr.o)
 .comment       0x00000026       0x27 /usr/lib/gcc/arm-none-eabi/13.2.1/../../../arm-none-eabi/lib/thumb/v7e-m+fp/hard/libc_nano.a(libc_a-writer.o)
 .comment       0x00000026       0x27 /usr/lib/gcc/arm-none-eabi/13.2.1/../../../arm-none-eabi/lib/thumb/v7e-m+fp/hard/libc_nano.a(libc_a-isattyr.o)
 .comment       0x00000026       0x27 /usr/lib/gcc/arm-none-eabi/13.2.1/../../../arm-none-eabi/lib/thumb/v7e-m+fp/hard/libc_nano.a(libc_a-msizer.o)
 .comment       0x00000026       0x27 /usr/lib/gcc/arm-none-eabi/13.2.1/../../../arm-none-eabi/lib/thumb/v7e-m+fp/hard/libc_nano.a(libc_a-signalr.o)
 .comment       0x00000026       0x27 /usr/lib/gcc/arm-none-eabi/13.2.1/../../../arm-none-eabi/lib/thumb/v7e-m+fp/hard/libc_nano.a(libc_a-fstatr.o)
 .comment       0x00000026       0x27 cmake/stm32cubemx/CMakeFiles/STM32_Drivers.dir/__/__/Core/Src/system_stm32f4xx.c.obj
 .comment       0x00000026       0x27 cmake/stm32cubemx/CMakeFiles/STM32_Drivers.dir/__/__/Drivers/STM32F4xx_HAL_Driver/Src/stm32f4xx_hal_tim.c.obj
 .comment       0x00000026       0x27 cmake/stm32cubemx/CMakeFiles/STM32_Drivers.dir/__/__/Drivers/STM32F4xx_HAL_Driver/Src/stm32f4xx_hal_tim_ex.c.obj
 .comment       0x00000026       0x27 cmake/stm32cubemx/CMakeFiles/STM32_Drivers.dir/__/__/Drivers/STM32F4xx_HAL_Driver/Src/stm32f4xx_hal_rcc.c.obj
 .comment       0x00000026       0x27 cmake/stm32cubemx/CMakeFiles/STM32_Drivers.dir/__/__/Drivers/STM32F4xx_HAL_Driver/Src/stm32f4xx_hal_gpio.c.obj
 .comment       0x00000026       0x27 cmake/stm32cubemx/CMakeFiles/STM32_Drivers.dir/__/__/Drivers/STM32F4xx_HAL_Driver/Src/stm32f4xx_hal_dma.c.obj
 .comment       0x00000026       0x27 cmake/stm32cubemx/CMakeFiles/STM32_Drivers.dir/__/__/Drivers/STM32F4xx_HAL_Driver/Src/stm32f4xx_hal_cortex.c.obj
 .comment       0x00000026       0x27 cmake/stm32cubemx/CMakeFiles/STM32_Drivers.dir/__/__/Drivers/STM32F4xx_HAL_Driver/Src/stm32f4xx_hal.c.obj
 .comment       0x00000026       0x27 cmake/stm32cubemx/CMakeFiles/STM32_Drivers.dir/__/__/Drivers/STM32F4xx_HAL_Driver/Src/stm32f4xx_hal_uart.c.obj
 .comment       0x00000026       0x27 CMakeFiles/motor_cmake_f407vet6_v0.dir/Core/Src/main.c.obj
 .comment       0x00000026       0x27 CMakeFiles/motor_cmake_f407vet6_v0.dir/Core/Src/gpio.c.obj
 .comment       0x00000026       0x27 CMakeFiles/motor_cmake_f407vet6_v0.dir/Core/Src/tim.c.obj
 .comment       0x00000026       0x27 CMakeFiles/motor_cmake_f407vet6_v0.dir/Core/Src/usart.c.obj
 .comment       0x00000026       0x27 CMakeFiles/motor_cmake_f407vet6_v0.dir/Core/Src/stm32f4xx_it.c.obj
 .comment       0x00000026       0x27 CMakeFiles/motor_cmake_f407vet6_v0.dir/Core/Src/stm32f4xx_hal_msp.c.obj
 .comment       0x00000026       0x27 CMakeFiles/motor_cmake_f407vet6_v0.dir/Core/Src/sysmem.c.obj
 .comment       0x00000026       0x27 CMakeFiles/motor_cmake_f407vet6_v0.dir/Core/Src/syscalls.c.obj
 .comment       0x00000026       0x27 CMakeFiles/motor_cmake_f407vet6_v0.dir/BSP/mymain.c.obj
 .comment       0x00000026       0x27 CMakeFiles/motor_cmake_f407vet6_v0.dir/BSP/pwm/pid_init.c.obj
 .comment       0x00000026       0x27 CMakeFiles/motor_cmake_f407vet6_v0.dir/BSP/timer/timer_it.c.obj
 .comment       0x00000026       0x27 CMakeFiles/motor_cmake_f407vet6_v0.dir/BSP/usart/usart_mx.c.obj
 .comment       0x00000026       0x27 CMakeFiles/motor_cmake_f407vet6_v0.dir/BSP/usart/uart_it.c.obj
 .comment       0x00000026       0x27 CMakeFiles/motor_cmake_f407vet6_v0.dir/BSP/pwm/motor.c.obj
 .comment       0x00000026       0x27 /usr/lib/gcc/arm-none-eabi/13.2.1/thumb/v7e-m+fp/hard/libgcc.a(_udivmoddi4.o)
 .comment       0x00000026       0x27 /usr/lib/gcc/arm-none-eabi/13.2.1/../../../arm-none-eabi/lib/thumb/v7e-m+fp/hard/libg_nano.a(libc_a-strtod.o)
 .comment       0x00000026       0x27 /usr/lib/gcc/arm-none-eabi/13.2.1/../../../arm-none-eabi/lib/thumb/v7e-m+fp/hard/libg_nano.a(libc_a-gdtoa-gethex.o)